Archive member included because of file (symbol)

C:/Users/Gemalto/DEVELOPMENT/CCS_Workspaces/workspace_clp/core_lib_energia/Debug\libcore_lib_energia.a(HardwareSerial.o)
                              ./fit/hwdep/tm4c1294xl_energia/fit_uart.o (HardwareSerial::begin(unsigned long))
C:/Users/Gemalto/DEVELOPMENT/CCS_Workspaces/workspace_clp/core_lib_energia/Debug\libcore_lib_energia.a(IPAddress.o)
                              ./fit_web_sample.o (vtable for IPAddress)
C:/Users/Gemalto/DEVELOPMENT/CCS_Workspaces/workspace_clp/core_lib_energia/Debug\libcore_lib_energia.a(Print.o)
                              C:/Users/Gemalto/DEVELOPMENT/CCS_Workspaces/workspace_clp/core_lib_energia/Debug\libcore_lib_energia.a(HardwareSerial.o) (Print::write(unsigned char const*, unsigned int))
C:/Users/Gemalto/DEVELOPMENT/CCS_Workspaces/workspace_clp/core_lib_energia/Debug\libcore_lib_energia.a(WString.o)
                              ./www.o (String::String(char const*))
C:/Users/Gemalto/DEVELOPMENT/CCS_Workspaces/workspace_clp/core_lib_energia/Debug\libcore_lib_energia.a(dtostrf.o)
                              C:/Users/Gemalto/DEVELOPMENT/CCS_Workspaces/workspace_clp/core_lib_energia/Debug\libcore_lib_energia.a(WString.o) (dtostrf)
C:/Users/Gemalto/DEVELOPMENT/CCS_Workspaces/workspace_clp/core_lib_energia/Debug\libcore_lib_energia.a(eeprom.o)
                              ./fit_web_sample.o (EEPROMSizeGet)
C:/Users/Gemalto/DEVELOPMENT/CCS_Workspaces/workspace_clp/core_lib_energia/Debug\libcore_lib_energia.a(itoa.o)
                              C:/Users/Gemalto/DEVELOPMENT/CCS_Workspaces/workspace_clp/core_lib_energia/Debug\libcore_lib_energia.a(WString.o) (itoa)
C:/Users/Gemalto/DEVELOPMENT/CCS_Workspaces/workspace_clp/core_lib_energia/Debug\libcore_lib_energia.a(new.o)
                              ./fit_web_sample.o (__cxa_pure_virtual)
C:/Users/Gemalto/DEVELOPMENT/CCS_Workspaces/workspace_clp/core_lib_energia/Debug\libcore_lib_energia.a(sysctl.o)
                              C:/Users/Gemalto/DEVELOPMENT/CCS_Workspaces/workspace_clp/core_lib_energia/Debug\libcore_lib_energia.a(eeprom.o) (SysCtlPeripheralReset)
C:/Users/Gemalto/DEVELOPMENT/CCS_Workspaces/workspace_clp/core_lib_energia/Debug\libcore_lib_energia.a(wiring.o)
                              ./www.o (millis)
C:/Users/Gemalto/DEVELOPMENT/CCS_Workspaces/workspace_clp/core_lib_energia/Debug\libcore_lib_energia.a(wiring_digital.o)
                              ./fit/hwdep/tm4c1294xl_energia/fit_led.o (pinMode)
C:/Users/Gemalto/DEVELOPMENT/CCS_Workspaces/workspace_clp/core_lib_energia/Debug\libcore_lib_energia.a(cpu.o)
                              C:/Users/Gemalto/DEVELOPMENT/CCS_Workspaces/workspace_clp/core_lib_energia/Debug\libcore_lib_energia.a(sysctl.o) (CPUwfi)
C:/Users/Gemalto/DEVELOPMENT/CCS_Workspaces/workspace_clp/core_lib_energia/Debug\libcore_lib_energia.a(interrupt.o)
                              C:/Users/Gemalto/DEVELOPMENT/CCS_Workspaces/workspace_clp/core_lib_energia/Debug\libcore_lib_energia.a(sysctl.o) (IntRegister)
C:/Users/Gemalto/DEVELOPMENT/CCS_Workspaces/workspace_clp/ethernet_lib_energia/Debug\libethernet_lib_energia.a(Ethernet.o)
                              ./fit_web_sample.o (EthernetClass::begin(unsigned char*))
C:/Users/Gemalto/DEVELOPMENT/CCS_Workspaces/workspace_clp/ethernet_lib_energia/Debug\libethernet_lib_energia.a(EthernetClient.o)
                              ./www.o (EthernetClient::EthernetClient())
C:/Users/Gemalto/DEVELOPMENT/CCS_Workspaces/workspace_clp/ethernet_lib_energia/Debug\libethernet_lib_energia.a(EthernetServer.o)
                              ./www.o (EthernetServer::EthernetServer(unsigned short))
C:/Users/Gemalto/DEVELOPMENT/CCS_Workspaces/workspace_clp/ethernet_lib_energia/Debug\libethernet_lib_energia.a(def.o)
                              C:/Users/Gemalto/DEVELOPMENT/CCS_Workspaces/workspace_clp/ethernet_lib_energia/Debug\libethernet_lib_energia.a(Ethernet.o) (lwip_htonl)
C:/Users/Gemalto/DEVELOPMENT/CCS_Workspaces/workspace_clp/ethernet_lib_energia/Debug\libethernet_lib_energia.a(dns.o)
                              C:/Users/Gemalto/DEVELOPMENT/CCS_Workspaces/workspace_clp/ethernet_lib_energia/Debug\libethernet_lib_energia.a(EthernetClient.o) (dns_gethostbyname)
C:/Users/Gemalto/DEVELOPMENT/CCS_Workspaces/workspace_clp/ethernet_lib_energia/Debug\libethernet_lib_energia.a(ip_addr.o)
                              C:/Users/Gemalto/DEVELOPMENT/CCS_Workspaces/workspace_clp/ethernet_lib_energia/Debug\libethernet_lib_energia.a(EthernetServer.o) (ip_addr_any)
C:/Users/Gemalto/DEVELOPMENT/CCS_Workspaces/workspace_clp/ethernet_lib_energia/Debug\libethernet_lib_energia.a(lwiplib.o)
                              C:/Users/Gemalto/DEVELOPMENT/CCS_Workspaces/workspace_clp/ethernet_lib_energia/Debug\libethernet_lib_energia.a(Ethernet.o) (lwIPInit)
C:/Users/Gemalto/DEVELOPMENT/CCS_Workspaces/workspace_clp/ethernet_lib_energia/Debug\libethernet_lib_energia.a(netif.o)
[...]
Memory Configuration

Name             Origin             Length             Attributes
flash            0x00000000         0x00100000         xr
ram              0x20000000         0x00040000         xrw
*default*        0x00000000         0xffffffff

Linker script and memory map

LOAD ./fit_demo_getinfo.o
LOAD ./fit_web_sample.o
LOAD ./util.o
LOAD ./www.o
LOAD ./fit/src/fit_abreast_dm.o
LOAD ./fit/src/fit_aes.o
LOAD ./fit/src/fit_alloc.o
LOAD ./fit/src/fit_consume.o
LOAD ./fit/src/fit_debug.o
LOAD ./fit/src/fit_dm_hash.o
LOAD ./fit/src/fit_get_info.o
LOAD ./fit/src/fit_internal.o
LOAD ./fit/src/fit_krypto.o
LOAD ./fit/src/fit_mem_read.o
LOAD ./fit/src/fit_node_locking.o
LOAD ./fit/src/fit_omac.o
LOAD ./fit/src/fit_parser.o
LOAD ./fit/src/fit_rsa.o
LOAD ./fit/src/fit_validate.o
LOAD ./fit/src/fit_version.o
LOAD ./fit/mbedtls-2.2.1/library/asn1parse.o
LOAD ./fit/mbedtls-2.2.1/library/base64.o
LOAD ./fit/mbedtls-2.2.1/library/bignum.o
LOAD ./fit/mbedtls-2.2.1/library/md.o
LOAD ./fit/mbedtls-2.2.1/library/md5.o
LOAD ./fit/mbedtls-2.2.1/library/md_wrap.o
LOAD ./fit/mbedtls-2.2.1/library/oid.o
LOAD ./fit/mbedtls-2.2.1/library/pem.o
LOAD ./fit/mbedtls-2.2.1/library/pk.o
LOAD ./fit/mbedtls-2.2.1/library/pk_wrap.o
LOAD ./fit/mbedtls-2.2.1/library/pkparse.o
LOAD ./fit/mbedtls-2.2.1/library/rsa.o
LOAD ./fit/mbedtls-2.2.1/library/sha256.o
LOAD ./fit/hwdep/tm4c1294xl_energia/fit_board_setup.o
LOAD ./fit/hwdep/tm4c1294xl_energia/fit_eeprom_mem.o
LOAD ./fit/hwdep/tm4c1294xl_energia/fit_fingerprint.o
LOAD ./fit/hwdep/tm4c1294xl_energia/fit_flash_mem.o
LOAD ./fit/hwdep/tm4c1294xl_energia/fit_get_time.o
LOAD ./fit/hwdep/tm4c1294xl_energia/fit_led.o
LOAD ./fit/hwdep/tm4c1294xl_energia/fit_memory.o
LOAD ./fit/hwdep/tm4c1294xl_energia/fit_uart.o

.text           0x00000000    0x28470
                0x00000000                . = ALIGN (0x4)
                0x00000000                _text = .
 *(.isr_vector)
 .isr_vector    0x00000000      0x200 C:/Users/Gemalto/DEVELOPMENT/CCS_Workspaces/workspace_clp/core_lib_energia/Debug\libcore_lib_energia.a(startup_gcc.o)
                0x00000000                g_pfnVectors
 *(.text .text* .gnu.linkonce.t.*)
 .text.packet_malloc
                0x00000200       0x20 ./fit_demo_getinfo.o
 .text.fit_getlicensedata_cb
                0x00000220      0x630 ./fit_demo_getinfo.o
                0x00000220                fit_getlicensedata_cb
 .text.freelicensedata
                0x00000850       0xa4 ./fit_demo_getinfo.o
 .text.printlicensedata
                0x000008f4       0xa4 ./fit_demo_getinfo.o
 .text.write_get_info_buffer
                0x00000998       0x5c ./fit_demo_getinfo.o
                0x00000998                write_get_info_buffer
 .text.fit_testgetinfodata_json
                0x000009f4      0x4e8 ./fit_demo_getinfo.o
                0x000009f4                fit_testgetinfodata_json
 .text._ZN9IPAddressixEi
                0x00000edc       0x20 ./fit_web_sample.o
                0x00000edc                IPAddress::operator[](int)
 .text._ZN9PrintableC2ERKS_
                0x00000efc       0x24 ./fit_web_sample.o
                0x00000efc                Printable::Printable(Printable const&)
                0x00000efc                Printable::Printable(Printable const&)
 .text._ZN9IPAddressC2ERKS_
                0x00000f20       0x34 ./fit_web_sample.o
                0x00000f20                IPAddress::IPAddress(IPAddress const&)
                0x00000f20                IPAddress::IPAddress(IPAddress const&)
 .text.set_key_array
                0x00000f54      0x10c ./fit_web_sample.o
                0x00000f54                set_key_array
 .text.do_consume_license
                0x00001060       0x7c ./fit_web_sample.o
                0x00001060                do_consume_license
 .text._Z17printEthernetDatav
                0x000010dc      0x148 ./fit_web_sample.o
                0x000010dc                printEthernetData()
 .text.setup    0x00001224      0x144 ./fit_web_sample.o
                0x00001224                setup
 .text.loop     0x00001368        0xc ./fit_web_sample.o
                0x00001368                loop
 .text._Z41__static_initialization_and_destruction_0ii
                0x00001374       0x5c ./fit_web_sample.o
 .text._GLOBAL__sub_I_my_ip
                0x000013d0       0x10 ./fit_web_sample.o
 .text._Z15get_mac_addressPc
                0x000013e0       0x6c ./util.o
                0x000013e0                get_mac_address(char*)
 .text._Z5iptoa9IPAddressPc
                0x0000144c       0x60 ./util.o
                0x0000144c                iptoa(IPAddress, char*)
 .text._Z2prPKcz
                0x000014ac       0x80 ./util.o
                0x000014ac                pr(char const*, ...)
 .text._Z6read_0PKh
                0x0000152c       0x18 ./util.o
                0x0000152c                read_0(unsigned char const*)
 .text._Z14set_fit_ptr_eeP11fit_pointermm
                0x00001544       0xa8 ./util.o
                0x00001544                set_fit_ptr_ee(fit_pointer*, unsigned long, unsigned long)
 .text._Z15set_fit_ptr_ramP11fit_pointerPhm
                0x000015ec       0x30 ./util.o
                0x000015ec                set_fit_ptr_ram(fit_pointer*, unsigned char*, unsigned long)
 .text._Z13blob_write_eemmPcm
                0x0000161c       0xcc ./util.o
                0x0000161c                blob_write_ee(unsigned long, unsigned long, char*, unsigned long)
 .text._Z41__static_initialization_and_destruction_0ii
                0x000016e8       0x5c ./util.o
 .text._GLOBAL__sub_I__Z4trimPc
                0x00001744       0x10 ./util.o
 .text._ZN6StringpLEc
                0x00001754       0x20 ./www.o
                0x00001754                String::operator+=(char)
 .text._ZNK6String5c_strEv
                0x00001774       0x18 ./www.o
                0x00001774                String::c_str() const
 .text._Z8print404v
                0x0000178c       0x18 ./www.o
                0x0000178c                print404()
 .text._Z17print_end_of_pagev
                0x000017a4       0x18 ./www.o
                0x000017a4                print_end_of_page()
 .text._Z15print_200_plainv
                0x000017bc       0x18 ./www.o
                0x000017bc                print_200_plain()
 .text._Z15print_http_headi
                0x000017d4       0x54 ./www.o
                0x000017d4                print_http_head(int)
 .text._Z16print_http_titlev
                0x00001828       0x18 ./www.o
                0x00001828                print_http_title()
 .text._Z27validation_cache_invalidatev
                0x00001840       0x20 ./www.o
                0x00001840                validation_cache_invalidate()
 .text._Z19validate_license_eev
                0x00001860       0xd0 ./www.o
                0x00001860                validate_license_ee()
 .text._Z23validate_license_ee_newv
                0x00001930       0x14 ./www.o
                0x00001930                validate_license_ee_new()
 .text._Z18print_getinfo_jsonv
                0x00001944      0x128 ./www.o
                0x00001944                print_getinfo_json()
 .text._Z13print_getinfov
                0x00001a6c      0x2d8 ./www.o
                0x00001a6c                print_getinfo()
 .text._Z19get_xml_fingerprintPcj
                0x00001d44      0x12c ./www.o
                0x00001d44                get_xml_fingerprint(char*, unsigned int)
 .text._Z17print_fingerprintv
                0x00001e70       0xf4 ./www.o
                0x00001e70                print_fingerprint()
 .text._Z6do_cmdPcS_
                0x00001f64      0x1f0 ./www.o
                0x00001f64                do_cmd(char*, char*)
 .text._Z7get_setPKc
                0x00002154       0xd0 ./www.o
                0x00002154                get_set(char const*)
 .text._Z11get_consumePKc
                0x00002224       0xd0 ./www.o
                0x00002224                get_consume(char const*)
 .text._Z18fit_ptr_dump_www_8P11fit_pointer
                0x000022f4       0xcc ./www.o
                0x000022f4                fit_ptr_dump_www_8(fit_pointer*)
 .text._Z16fit_ptr_dump_wwwP11fit_pointerPKc
                0x000023c0      0x1cc ./www.o
                0x000023c0                fit_ptr_dump_www(fit_pointer*, char const*)
 .text._Z17dump_v2c_and_keysv
                0x0000258c       0x68 ./www.o
                0x0000258c                dump_v2c_and_keys()
 .text._Z22dump_v2c_and_keys_htmlv
                0x000025f4       0xb0 ./www.o
                0x000025f4                dump_v2c_and_keys_html()
 .text._Z8get_logov
                0x000026a4       0x40 ./www.o
                0x000026a4                get_logo()
 .text._Z19get_html_fit_statusPci15fit_error_codes
                0x000026e4       0x60 ./www.o
                0x000026e4                get_html_fit_status(char*, int, fit_error_codes)
 .text._Z10pr_www_diviPKc
                0x00002744       0x58 ./www.o
                0x00002744                pr_www_div(int, char const*)
 .text._Z16validate_rsa_keyPci
                0x0000279c       0x6c ./www.o
                0x0000279c                validate_rsa_key(char*, int)
 .text._Z9post_fileh
                0x00002808      0x770 ./www.o
                0x00002808                post_file(unsigned char)
 .text._Z8erase_eev
                0x00002f78       0xd8 ./www.o
                0x00002f78                erase_ee()
 .text._ZN5PrintaSERKS_
                0x00003050       0x20 ./www.o
                0x00003050                Print::operator=(Print const&)
 .text._ZN6StreamaSERKS_
                0x00003070       0x30 ./www.o
                0x00003070                Stream::operator=(Stream const&)
 .text._ZN6ClientaSERKS_
                0x000030a0       0x20 ./www.o
                0x000030a0                Client::operator=(Client const&)
 .text._ZN14EthernetClientaSERKS_
                0x000030c0       0x48 ./www.o
                0x000030c0                EthernetClient::operator=(EthernetClient const&)
 .text._Z6do_wwwv
                0x00003108      0x4f4 ./www.o
                0x00003108                do_www()
 .text._Z15www_server_initv
                0x000035fc       0x10 ./www.o
                0x000035fc                www_server_init()
 .text._Z41__static_initialization_and_destruction_0ii
                0x0000360c       0x74 ./www.o
 .text._GLOBAL__sub_I_www
                0x00003680       0x10 ./www.o
 .text.fit_aes256_abreastdm_init
                0x00003690       0x18 ./fit/src/fit_abreast_dm.o
 .text.fit_aes_km_load256
                0x000036a8       0x30 ./fit/src/fit_abreast_dm.o
 .text.fit_aes_ecb_encrypt
                0x000036d8       0xe0 ./fit/src/fit_abreast_dm.o
 .text.fit_aes256_abreastdm_update_blk
                0x000037b8      0x154 ./fit/src/fit_abreast_dm.o
 .text.fit_aes256_abreastdm_finalize
                0x0000390c       0xb8 ./fit/src/fit_abreast_dm.o
 .text.fit_get_abreastdm_hash
                0x000039c4      0x100 ./fit/src/fit_abreast_dm.o
                0x000039c4                fit_get_abreastdm_hash
 .text.get_sbox_value
                0x00003ac4       0x20 ./fit/src/fit_aes.o
 .text.get_Rcon_value
                0x00003ae4       0x20 ./fit/src/fit_aes.o
 .text.fit_aes_setup
                0x00003b04      0x2b0 ./fit/src/fit_aes.o
                0x00003b04                fit_aes_setup
 .text.add_round_key
                0x00003db4       0x80 ./fit/src/fit_aes.o
                0x00003db4                add_round_key
 .text.sub_bytes
                0x00003e34       0x64 ./fit/src/fit_aes.o
                0x00003e34                sub_bytes
 .text.fit_shift_rows
                0x00003e98       0xa0 ./fit/src/fit_aes.o
                0x00003e98                fit_shift_rows
 .text.xtime    0x00003f38       0x3c ./fit/src/fit_aes.o
 .text.fit_mix_columns
                0x00003f74      0x1a4 ./fit/src/fit_aes.o
                0x00003f74                fit_mix_columns
 .text.encrypt  0x00004118       0x74 ./fit/src/fit_aes.o
 .text.fit_block_copy
                0x0000418c       0x3c ./fit/src/fit_aes.o
                0x0000418c                fit_block_copy
 .text.fit_aes_encrypt
                0x000041c8       0x2c ./fit/src/fit_aes.o
                0x000041c8                fit_aes_encrypt
 .text.fit_calloc
                0x000041f4       0x20 ./fit/src/fit_alloc.o
                0x000041f4                fit_calloc
 .text.fit_free
                0x00004214       0x14 ./fit/src/fit_alloc.o
                0x00004214                fit_free
 .text.fit_find_feature_id
                0x00004228       0xbc ./fit/src/fit_consume.o
                0x00004228                fit_find_feature_id
 .text.fit_getunixtime
                0x000042e4       0x20 ./fit/src/fit_consume.o
                0x000042e4                fit_getunixtime
 .text.fit_get_license_sign_algid
                0x00004304       0xa8 ./fit/src/fit_consume.o
                0x00004304                fit_get_license_sign_algid
 .text.fit_get_lic_prop_data
                0x000043ac      0x1c4 ./fit/src/fit_consume.o
 .text.fit_licenf_consume_license
                0x00004570      0x18c ./fit/src/fit_consume.o
                0x00004570                fit_licenf_consume_license
 .text.fit_putc
                0x000046fc       0x24 ./fit/src/fit_debug.o
                0x000046fc                fit_putc
 .text.fit_get_error_str
                0x00004720      0x280 ./fit/src/fit_debug.o
                0x00004720                fit_get_error_str
 .text.fit_dm_hash_init
                0x000049a0      0x128 ./fit/src/fit_dm_hash.o
                0x000049a0                fit_dm_hash_init
 .text.fit_davies_meyer_hash
                0x00004ac8      0x398 ./fit/src/fit_dm_hash.o
                0x00004ac8                fit_davies_meyer_hash
 .text.fit_licenf_get_info
                0x00004e60       0x6c ./fit/src/fit_get_info.o
                0x00004e60                fit_licenf_get_info
 .text.fit_get_key_data_from_keys
                0x00004ecc       0xf4 ./fit/src/fit_internal.o
                0x00004ecc                fit_get_key_data_from_keys
 .text.fit_verify_license
                0x00004fc0       0xc8 ./fit/src/fit_internal.o
                0x00004fc0                fit_verify_license
 .text.fitptr_memcpy
                0x00005088       0x44 ./fit/src/fit_internal.o
                0x00005088                fitptr_memcpy
 .text.read_word
                0x000050cc       0x3c ./fit/src/fit_mem_read.o
                0x000050cc                read_word
 .text.read_dword
                0x00005108       0x60 ./fit/src/fit_mem_read.o
                0x00005108                read_dword
 .text.fit_read_ram_u8
                0x00005168       0x18 ./fit/src/fit_mem_read.o
                0x00005168                fit_read_ram_u8
 .text.fit_validate_fp_data
                0x00005180      0x148 ./fit/src/fit_node_locking.o
                0x00005180                fit_validate_fp_data
 .text.fit_get_fingerprint
                0x000052c8       0x70 ./fit/src/fit_node_locking.o
                0x000052c8                fit_get_fingerprint
 .text.fit_get_device_fpblob
                0x00005338      0x120 ./fit/src/fit_node_locking.o
                0x00005338                fit_get_device_fpblob
 .text.done     0x00005458       0x14 ./fit/src/fit_omac.o
                0x00005458                done
 .text.fit_omac_init
                0x0000546c      0x1b8 ./fit/src/fit_omac.o
 .text.fit_omac_process
                0x00005624      0x134 ./fit/src/fit_omac.o
 .text.fit_omac_done
                0x00005758      0x134 ./fit/src/fit_omac.o
 .text.fit_omac_memory
                0x0000588c       0xc0 ./fit/src/fit_omac.o
                0x0000588c                fit_omac_memory
 .text.fit_validate_omac_signature
                0x0000594c      0x17c ./fit/src/fit_omac.o
                0x0000594c                fit_validate_omac_signature
 .text.fit_parse_object
                0x00005ac8      0x1c8 ./fit/src/fit_parser.o
                0x00005ac8                fit_parse_object
 .text.fit_parse_data
                0x00005c90      0x174 ./fit/src/fit_parser.o
 .text.fit_parse_array
                0x00005e04       0xc4 ./fit/src/fit_parser.o
                0x00005e04                fit_parse_array
 .text.get_field_type
                0x00005ec8       0x44 ./fit/src/fit_parser.o
                0x00005ec8                get_field_type
 .text.get_tag_id
                0x00005f0c       0x44 ./fit/src/fit_parser.o
 .text.fit_parse_field_data
                0x00005f50      0x200 ./fit/src/fit_parser.o
 .text.fit_get_data_address
                0x00006150       0x58 ./fit/src/fit_parser.o
 .text.parsercallbacks
                0x000061a8      0x104 ./fit/src/fit_parser.o
 .text.fit_validate_rsa_signature
                0x000062ac      0x118 ./fit/src/fit_rsa.o
                0x000062ac                fit_validate_rsa_signature
 .text.fit_verify_rsa_signature
                0x000063c4      0x130 ./fit/src/fit_rsa.o
                0x000063c4                fit_verify_rsa_signature
 .text.fit_lic_do_rsa_verification
                0x000064f4      0x1d8 ./fit/src/fit_rsa.o
                0x000064f4                fit_lic_do_rsa_verification
 .text.fit_licenf_validate_license
                0x000066cc       0x40 ./fit/src/fit_validate.o
                0x000066cc                fit_licenf_validate_license
 .text.mbedtls_zeroize
                0x0000670c       0x30 ./fit/mbedtls-2.2.1/library/asn1parse.o
 .text.mbedtls_asn1_get_len
                0x0000673c      0x184 ./fit/mbedtls-2.2.1/library/asn1parse.o
                0x0000673c                mbedtls_asn1_get_len
 .text.mbedtls_asn1_get_tag
                0x000068c0       0x54 ./fit/mbedtls-2.2.1/library/asn1parse.o
                0x000068c0                mbedtls_asn1_get_tag
 .text.mbedtls_asn1_get_mpi
                0x00006914       0x50 ./fit/mbedtls-2.2.1/library/asn1parse.o
                0x00006914                mbedtls_asn1_get_mpi
 .text.mbedtls_asn1_get_bitstring_null
                0x00006964       0x54 ./fit/mbedtls-2.2.1/library/asn1parse.o
                0x00006964                mbedtls_asn1_get_bitstring_null
 .text.mbedtls_asn1_get_alg
                0x000069b8       0xfc ./fit/mbedtls-2.2.1/library/asn1parse.o
                0x000069b8                mbedtls_asn1_get_alg
 .text.mbedtls_base64_encode
                0x00006ab4      0x1e4 ./fit/mbedtls-2.2.1/library/base64.o
                0x00006ab4                mbedtls_base64_encode
 .text.mbedtls_base64_decode
                0x00006c98      0x220 ./fit/mbedtls-2.2.1/library/base64.o
                0x00006c98                mbedtls_base64_decode
 .text.mbedtls_zeroize
                0x00006eb8       0x30 ./fit/mbedtls-2.2.1/library/bignum.o
 .text.mbedtls_mpi_init
                0x00006ee8       0x2c ./fit/mbedtls-2.2.1/library/bignum.o
                0x00006ee8                mbedtls_mpi_init
 .text.mbedtls_mpi_free
                0x00006f14       0x4c ./fit/mbedtls-2.2.1/library/bignum.o
                0x00006f14                mbedtls_mpi_free
 .text.mbedtls_mpi_grow
                0x00006f60       0x8c ./fit/mbedtls-2.2.1/library/bignum.o
                0x00006f60                mbedtls_mpi_grow
 .text.mbedtls_mpi_copy
                0x00006fec       0xa4 ./fit/mbedtls-2.2.1/library/bignum.o
                0x00006fec                mbedtls_mpi_copy
 .text.mbedtls_mpi_lset
                0x00007090       0x5c ./fit/mbedtls-2.2.1/library/bignum.o
                0x00007090                mbedtls_mpi_lset
 .text.mbedtls_mpi_lsb
                0x000070ec       0x68 ./fit/mbedtls-2.2.1/library/bignum.o
                0x000070ec                mbedtls_mpi_lsb
 .text.mbedtls_clz
                0x00007154       0x40 ./fit/mbedtls-2.2.1/library/bignum.o
 .text.mbedtls_mpi_bitlen
                0x00007194       0x68 ./fit/mbedtls-2.2.1/library/bignum.o
                0x00007194                mbedtls_mpi_bitlen
 .text.mbedtls_mpi_size
                0x000071fc       0x1c ./fit/mbedtls-2.2.1/library/bignum.o
                0x000071fc                mbedtls_mpi_size
 .text.mbedtls_mpi_read_binary
                0x00007218       0xcc ./fit/mbedtls-2.2.1/library/bignum.o
                0x00007218                mbedtls_mpi_read_binary
 .text.mbedtls_mpi_write_binary
                0x000072e4       0x7c ./fit/mbedtls-2.2.1/library/bignum.o
                0x000072e4                mbedtls_mpi_write_binary
 .text.mbedtls_mpi_shift_l
                0x00007360      0x144 ./fit/mbedtls-2.2.1/library/bignum.o
                0x00007360                mbedtls_mpi_shift_l
 .text.mbedtls_mpi_shift_r
                0x000074a4      0x134 ./fit/mbedtls-2.2.1/library/bignum.o
                0x000074a4                mbedtls_mpi_shift_r
 .text.mbedtls_mpi_cmp_abs
                0x000075d8      0x104 ./fit/mbedtls-2.2.1/library/bignum.o
                0x000075d8                mbedtls_mpi_cmp_abs
 .text.mbedtls_mpi_cmp_mpi
                0x000076dc      0x134 ./fit/mbedtls-2.2.1/library/bignum.o
                0x000076dc                mbedtls_mpi_cmp_mpi
 .text.mbedtls_mpi_cmp_int
                0x00007810       0x44 ./fit/mbedtls-2.2.1/library/bignum.o
                0x00007810                mbedtls_mpi_cmp_int
 .text.mbedtls_mpi_add_abs
                0x00007854      0x15c ./fit/mbedtls-2.2.1/library/bignum.o
                0x00007854                mbedtls_mpi_add_abs
 .text.mpi_sub_hlp
                0x000079b0       0xb8 ./fit/mbedtls-2.2.1/library/bignum.o
 .text.mbedtls_mpi_sub_abs
                0x00007a68       0xc4 ./fit/mbedtls-2.2.1/library/bignum.o
                0x00007a68                mbedtls_mpi_sub_abs
 .text.mbedtls_mpi_add_mpi
                0x00007b2c       0x90 ./fit/mbedtls-2.2.1/library/bignum.o
                0x00007b2c                mbedtls_mpi_add_mpi
 .text.mbedtls_mpi_sub_mpi
                0x00007bbc       0x90 ./fit/mbedtls-2.2.1/library/bignum.o
                0x00007bbc                mbedtls_mpi_sub_mpi
 .text.mpi_mul_hlp
                0x00007c4c     0x1404 ./fit/mbedtls-2.2.1/library/bignum.o
 .text.mbedtls_mpi_mul_mpi
                0x00009050      0x15c ./fit/mbedtls-2.2.1/library/bignum.o
                0x00009050                mbedtls_mpi_mul_mpi
 .text.mbedtls_mpi_mul_int
                0x000091ac       0x38 ./fit/mbedtls-2.2.1/library/bignum.o
                0x000091ac                mbedtls_mpi_mul_int
 .text.mbedtls_int_div_int
                0x000091e4       0xa8 ./fit/mbedtls-2.2.1/library/bignum.o
 .text.mbedtls_mpi_div_mpi
                0x0000928c      0x564 ./fit/mbedtls-2.2.1/library/bignum.o
                0x0000928c                mbedtls_mpi_div_mpi
 .text.mbedtls_mpi_mod_mpi
                0x000097f0       0x88 ./fit/mbedtls-2.2.1/library/bignum.o
                0x000097f0                mbedtls_mpi_mod_mpi
 .text.mpi_montg_init
                0x00009878       0x60 ./fit/mbedtls-2.2.1/library/bignum.o
 .text.mpi_montmul
                0x000098d8      0x100 ./fit/mbedtls-2.2.1/library/bignum.o
 .text.mpi_montred
                0x000099d8       0x3c ./fit/mbedtls-2.2.1/library/bignum.o
 .text.mbedtls_mpi_exp_mod
                0x00009a14      0x754 ./fit/mbedtls-2.2.1/library/bignum.o
                0x00009a14                mbedtls_mpi_exp_mod
 .text.mbedtls_mpi_gcd
                0x0000a168      0x1dc ./fit/mbedtls-2.2.1/library/bignum.o
                0x0000a168                mbedtls_mpi_gcd
 .text.mbedtls_mpi_fill_random
                0x0000a344       0x84 ./fit/mbedtls-2.2.1/library/bignum.o
                0x0000a344                mbedtls_mpi_fill_random
 .text.mbedtls_mpi_inv_mod
                0x0000a3c8      0x478 ./fit/mbedtls-2.2.1/library/bignum.o
                0x0000a3c8                mbedtls_mpi_inv_mod
 .text.mbedtls_md_info_from_type
                0x0000a840       0x40 ./fit/mbedtls-2.2.1/library/md.o
                0x0000a840                mbedtls_md_info_from_type
 .text.mbedtls_md_get_size
                0x0000a880       0x24 ./fit/mbedtls-2.2.1/library/md.o
                0x0000a880                mbedtls_md_get_size
 .text.mbedtls_zeroize
                0x0000a8a4       0x30 ./fit/mbedtls-2.2.1/library/md5.o
 .text.mbedtls_md5_init
                0x0000a8d4       0x18 ./fit/mbedtls-2.2.1/library/md5.o
                0x0000a8d4                mbedtls_md5_init
 .text.mbedtls_md5_free
                0x0000a8ec       0x20 ./fit/mbedtls-2.2.1/library/md5.o
                0x0000a8ec                mbedtls_md5_free
 .text.mbedtls_md5_clone
                0x0000a90c       0x24 ./fit/mbedtls-2.2.1/library/md5.o
                0x0000a90c                mbedtls_md5_clone
 .text.mbedtls_md5_starts
                0x0000a930       0x48 ./fit/mbedtls-2.2.1/library/md5.o
                0x0000a930                mbedtls_md5_starts
 .text.mbedtls_md5_process
                0x0000a978      0xd84 ./fit/mbedtls-2.2.1/library/md5.o
                0x0000a978                mbedtls_md5_process
 .text.mbedtls_md5_update
                0x0000b6fc       0xc8 ./fit/mbedtls-2.2.1/library/md5.o
                0x0000b6fc                mbedtls_md5_update
 .text.mbedtls_md5_finish
                0x0000b7c4      0x178 ./fit/mbedtls-2.2.1/library/md5.o
                0x0000b7c4                mbedtls_md5_finish
 .text.mbedtls_md5
                0x0000b93c       0x4c ./fit/mbedtls-2.2.1/library/md5.o
                0x0000b93c                mbedtls_md5
 .text.md5_starts_wrap
                0x0000b988       0x14 ./fit/mbedtls-2.2.1/library/md_wrap.o
 .text.md5_update_wrap
                0x0000b99c       0x1c ./fit/mbedtls-2.2.1/library/md_wrap.o
 .text.md5_finish_wrap
                0x0000b9b8       0x18 ./fit/mbedtls-2.2.1/library/md_wrap.o
 .text.md5_ctx_alloc
                0x0000b9d0       0x28 ./fit/mbedtls-2.2.1/library/md_wrap.o
 .text.md5_ctx_free
                0x0000b9f8       0x1c ./fit/mbedtls-2.2.1/library/md_wrap.o
 .text.md5_clone_wrap
                0x0000ba14       0x18 ./fit/mbedtls-2.2.1/library/md_wrap.o
 .text.md5_process_wrap
                0x0000ba2c       0x18 ./fit/mbedtls-2.2.1/library/md_wrap.o
 .text.sha224_starts_wrap
                0x0000ba44       0x18 ./fit/mbedtls-2.2.1/library/md_wrap.o
 .text.sha224_update_wrap
                0x0000ba5c       0x1c ./fit/mbedtls-2.2.1/library/md_wrap.o
 .text.sha224_finish_wrap
                0x0000ba78       0x18 ./fit/mbedtls-2.2.1/library/md_wrap.o
 .text.sha224_wrap
                0x0000ba90       0x20 ./fit/mbedtls-2.2.1/library/md_wrap.o
 .text.sha224_ctx_alloc
                0x0000bab0       0x28 ./fit/mbedtls-2.2.1/library/md_wrap.o
 .text.sha224_ctx_free
                0x0000bad8       0x1c ./fit/mbedtls-2.2.1/library/md_wrap.o
 .text.sha224_clone_wrap
                0x0000baf4       0x18 ./fit/mbedtls-2.2.1/library/md_wrap.o
 .text.sha224_process_wrap
                0x0000bb0c       0x18 ./fit/mbedtls-2.2.1/library/md_wrap.o
 .text.sha256_starts_wrap
                0x0000bb24       0x18 ./fit/mbedtls-2.2.1/library/md_wrap.o
 .text.sha256_wrap
                0x0000bb3c       0x20 ./fit/mbedtls-2.2.1/library/md_wrap.o
 .text.oid_pk_alg_from_asn1
                0x0000bb5c       0x70 ./fit/mbedtls-2.2.1/library/oid.o
 .text.mbedtls_oid_get_pk_alg
                0x0000bbcc       0x30 ./fit/mbedtls-2.2.1/library/oid.o
                0x0000bbcc                mbedtls_oid_get_pk_alg
 .text.oid_md_alg_from_asn1
                0x0000bbfc       0x70 ./fit/mbedtls-2.2.1/library/oid.o
 .text.mbedtls_oid_get_md_alg
                0x0000bc6c       0x30 ./fit/mbedtls-2.2.1/library/oid.o
                0x0000bc6c                mbedtls_oid_get_md_alg
 .text.mbedtls_zeroize
                0x0000bc9c       0x30 ./fit/mbedtls-2.2.1/library/pem.o
 .text.mbedtls_pem_init
                0x0000bccc       0x18 ./fit/mbedtls-2.2.1/library/pem.o
                0x0000bccc                mbedtls_pem_init
 .text.mbedtls_pem_read_buffer
                0x0000bce4      0x1a4 ./fit/mbedtls-2.2.1/library/pem.o
                0x0000bce4                mbedtls_pem_read_buffer
 .text.mbedtls_pem_free
                0x0000be88       0x2c ./fit/mbedtls-2.2.1/library/pem.o
                0x0000be88                mbedtls_pem_free
 .text.mbedtls_zeroize
                0x0000beb4       0x30 ./fit/mbedtls-2.2.1/library/pk.o
 .text.mbedtls_pk_init
                0x0000bee4       0x28 ./fit/mbedtls-2.2.1/library/pk.o
                0x0000bee4                mbedtls_pk_init
 .text.mbedtls_pk_free
                0x0000bf0c       0x34 ./fit/mbedtls-2.2.1/library/pk.o
                0x0000bf0c                mbedtls_pk_free
 .text.mbedtls_pk_info_from_type
                0x0000bf40       0x28 ./fit/mbedtls-2.2.1/library/pk.o
                0x0000bf40                mbedtls_pk_info_from_type
 .text.mbedtls_pk_setup
                0x0000bf68       0x54 ./fit/mbedtls-2.2.1/library/pk.o
                0x0000bf68                mbedtls_pk_setup
 .text.pk_hashlen_helper
                0x0000bfbc       0x48 ./fit/mbedtls-2.2.1/library/pk.o
 .text.mbedtls_pk_verify
                0x0000c004       0x74 ./fit/mbedtls-2.2.1/library/pk.o
                0x0000c004                mbedtls_pk_verify
 .text.rsa_can_do
                0x0000c078       0x28 ./fit/mbedtls-2.2.1/library/pk_wrap.o
 .text.rsa_get_bitlen
                0x0000c0a0       0x1c ./fit/mbedtls-2.2.1/library/pk_wrap.o
 .text.rsa_verify_wrap
                0x0000c0bc       0x68 ./fit/mbedtls-2.2.1/library/pk_wrap.o
 .text.rsa_alloc_wrap
                0x0000c124       0x2c ./fit/mbedtls-2.2.1/library/pk_wrap.o
 .text.rsa_free_wrap
                0x0000c150       0x1c ./fit/mbedtls-2.2.1/library/pk_wrap.o
 .text.mbedtls_pk_rsa
                0x0000c16c       0x1c ./fit/mbedtls-2.2.1/library/pkparse.o
 .text.pk_get_rsapubkey
                0x0000c188       0xb4 ./fit/mbedtls-2.2.1/library/pkparse.o
 .text.pk_get_pk_alg
                0x0000c23c       0x84 ./fit/mbedtls-2.2.1/library/pkparse.o
 .text.mbedtls_pk_parse_subpubkey
                0x0000c2c0      0x104 ./fit/mbedtls-2.2.1/library/pkparse.o
                0x0000c2c0                mbedtls_pk_parse_subpubkey
 .text.mbedtls_pk_parse_public_key
                0x0000c3c4       0xb0 ./fit/mbedtls-2.2.1/library/pkparse.o
                0x0000c3c4                mbedtls_pk_parse_public_key
 .text.mbedtls_rsa_init
                0x0000c474       0x28 ./fit/mbedtls-2.2.1/library/rsa.o
                0x0000c474                mbedtls_rsa_init
 .text.mbedtls_rsa_set_padding
                0x0000c49c       0x28 ./fit/mbedtls-2.2.1/library/rsa.o
                0x0000c49c                mbedtls_rsa_set_padding
 .text.mbedtls_rsa_check_pubkey
                0x0000c4c4       0x9c ./fit/mbedtls-2.2.1/library/rsa.o
                0x0000c4c4                mbedtls_rsa_check_pubkey
 .text.mbedtls_rsa_public
                0x0000c560       0xbc ./fit/mbedtls-2.2.1/library/rsa.o
                0x0000c560                mbedtls_rsa_public
 .text.rsa_prepare_blinding
                0x0000c61c      0x174 ./fit/mbedtls-2.2.1/library/rsa.o
 .text.mbedtls_rsa_private
                0x0000c790      0x270 ./fit/mbedtls-2.2.1/library/rsa.o
                0x0000c790                mbedtls_rsa_private
 .text.mbedtls_rsa_rsassa_pkcs1_v15_verify
                0x0000ca00      0x328 ./fit/mbedtls-2.2.1/library/rsa.o
                0x0000ca00                mbedtls_rsa_rsassa_pkcs1_v15_verify
 .text.mbedtls_rsa_pkcs1_verify
                0x0000cd28       0x48 ./fit/mbedtls-2.2.1/library/rsa.o
                0x0000cd28                mbedtls_rsa_pkcs1_verify
 .text.mbedtls_rsa_free
                0x0000cd70       0x90 ./fit/mbedtls-2.2.1/library/rsa.o
                0x0000cd70                mbedtls_rsa_free
 .text.mbedtls_zeroize
                0x0000ce00       0x30 ./fit/mbedtls-2.2.1/library/sha256.o
 .text.mbedtls_sha256_init
                0x0000ce30       0x18 ./fit/mbedtls-2.2.1/library/sha256.o
                0x0000ce30                mbedtls_sha256_init
 .text.mbedtls_sha256_free
                0x0000ce48       0x20 ./fit/mbedtls-2.2.1/library/sha256.o
                0x0000ce48                mbedtls_sha256_free
 .text.mbedtls_sha256_clone
                0x0000ce68       0x24 ./fit/mbedtls-2.2.1/library/sha256.o
                0x0000ce68                mbedtls_sha256_clone
 .text.mbedtls_sha256_starts
                0x0000ce8c       0xd0 ./fit/mbedtls-2.2.1/library/sha256.o
                0x0000ce8c                mbedtls_sha256_starts
 .text.mbedtls_sha256_process
                0x0000cf5c      0x2f8 ./fit/mbedtls-2.2.1/library/sha256.o
                0x0000cf5c                mbedtls_sha256_process
 .text.mbedtls_sha256_update
                0x0000d254       0xc8 ./fit/mbedtls-2.2.1/library/sha256.o
                0x0000d254                mbedtls_sha256_update
 .text.mbedtls_sha256_finish
                0x0000d31c      0x258 ./fit/mbedtls-2.2.1/library/sha256.o
                0x0000d31c                mbedtls_sha256_finish
 .text.mbedtls_sha256
                0x0000d574       0x50 ./fit/mbedtls-2.2.1/library/sha256.o
                0x0000d574                mbedtls_sha256
 .text.fit_board_setup
                0x0000d5c4       0x14 ./fit/hwdep/tm4c1294xl_energia/fit_board_setup.o
                0x0000d5c4                fit_board_setup
 .text.read_eeprom_u8
                0x0000d5d8       0x48 ./fit/hwdep/tm4c1294xl_energia/fit_eeprom_mem.o
                0x0000d5d8                read_eeprom_u8
 .text.write_eeprom_u8
                0x0000d620       0xb0 ./fit/hwdep/tm4c1294xl_energia/fit_eeprom_mem.o
                0x0000d620                write_eeprom_u8
 .text.fit_device_id_get
                0x0000d6d0       0x6c ./fit/hwdep/tm4c1294xl_energia/fit_fingerprint.o
                0x0000d6d0                fit_device_id_get
 .text.fit_time_get
                0x0000d73c       0x18 ./fit/hwdep/tm4c1294xl_energia/fit_get_time.o
                0x0000d73c                fit_time_get
 .text.fit_time_set
                0x0000d754       0x1c ./fit/hwdep/tm4c1294xl_energia/fit_get_time.o
                0x0000d754                fit_time_set
 .text.my1msTicker
                0x0000d770       0x40 ./fit/hwdep/tm4c1294xl_energia/fit_get_time.o
 .text.fit_time_init
                0x0000d7b0       0x2c ./fit/hwdep/tm4c1294xl_energia/fit_get_time.o
                0x0000d7b0                fit_time_init
 .text.fit_led_on
                0x0000d7dc       0x1c ./fit/hwdep/tm4c1294xl_energia/fit_led.o
                0x0000d7dc                fit_led_on
 .text.fit_led_off
                0x0000d7f8       0x1c ./fit/hwdep/tm4c1294xl_energia/fit_led.o
                0x0000d7f8                fit_led_off
 .text.fit_led_init
                0x0000d814        0xc ./fit/hwdep/tm4c1294xl_energia/fit_led.o
                0x0000d814                fit_led_init
 .text.read_ram_u8
                0x0000d820       0x18 ./fit/hwdep/tm4c1294xl_energia/fit_memory.o
                0x0000d820                read_ram_u8
 .text.fit_uart_init
                0x0000d838       0x24 ./fit/hwdep/tm4c1294xl_energia/fit_uart.o
                0x0000d838                fit_uart_init
 .text.fit_uart_putc
                0x0000d85c       0x20 ./fit/hwdep/tm4c1294xl_energia/fit_uart.o
                0x0000d85c                fit_uart_putc
 .text._ZN5PrintC2Ev
                0x0000d87c       0x28 C:/Users/Gemalto/DEVELOPMENT/CCS_Workspaces/workspace_clp/core_lib_energia/Debug\libcore_lib_energia.a(HardwareSerial.o)
                0x0000d87c                Print::Print()
                0x0000d87c                Print::Print()
 .text._ZN6StreamC2Ev
                0x0000d8a4       0x2c C:/Users/Gemalto/DEVELOPMENT/CCS_Workspaces/workspace_clp/core_lib_energia/Debug\libcore_lib_energia.a(HardwareSerial.o)
                0x0000d8a4                Stream::Stream()
                0x0000d8a4                Stream::Stream()
 .text._ZN14HardwareSerialC2Ev
                0x0000d8d0       0x64 C:/Users/Gemalto/DEVELOPMENT/CCS_Workspaces/workspace_clp/core_lib_energia/Debug\libcore_lib_energia.a(HardwareSerial.o)
                0x0000d8d0                HardwareSerial::HardwareSerial()
                0x0000d8d0                HardwareSerial::HardwareSerial()
 .text._ZN14HardwareSerialC2Em
                0x0000d934       0x64 C:/Users/Gemalto/DEVELOPMENT/CCS_Workspaces/workspace_clp/core_lib_energia/Debug\libcore_lib_energia.a(HardwareSerial.o)
                0x0000d934                HardwareSerial::HardwareSerial(unsigned long)
                0x0000d934                HardwareSerial::HardwareSerial(unsigned long)
 .text._ZN14HardwareSerial8flushAllEv
                0x0000d998       0x5c C:/Users/Gemalto/DEVELOPMENT/CCS_Workspaces/workspace_clp/core_lib_energia/Debug\libcore_lib_energia.a(HardwareSerial.o)
                0x0000d998                HardwareSerial::flushAll()
 .text._ZN14HardwareSerial13primeTransmitEm
                0x0000d9f4       0xc4 C:/Users/Gemalto/DEVELOPMENT/CCS_Workspaces/workspace_clp/core_lib_energia/Debug\libcore_lib_energia.a(HardwareSerial.o)
                0x0000d9f4                HardwareSerial::primeTransmit(unsigned long)
 .text._ZN14HardwareSerial5beginEm
                0x0000dab8      0x1ac C:/Users/Gemalto/DEVELOPMENT/CCS_Workspaces/workspace_clp/core_lib_energia/Debug\libcore_lib_energia.a(HardwareSerial.o)
                0x0000dab8                HardwareSerial::begin(unsigned long)
 .text._ZN14HardwareSerial9availableEv
                0x0000dc64       0x3c C:/Users/Gemalto/DEVELOPMENT/CCS_Workspaces/workspace_clp/core_lib_energia/Debug\libcore_lib_energia.a(HardwareSerial.o)
                0x0000dc64                HardwareSerial::available()
 .text._ZN14HardwareSerial4peekEv
                0x0000dca0       0x3c C:/Users/Gemalto/DEVELOPMENT/CCS_Workspaces/workspace_clp/core_lib_energia/Debug\libcore_lib_energia.a(HardwareSerial.o)
                0x0000dca0                HardwareSerial::peek()
 .text._ZN14HardwareSerial4readEv
                0x0000dcdc       0x50 C:/Users/Gemalto/DEVELOPMENT/CCS_Workspaces/workspace_clp/core_lib_energia/Debug\libcore_lib_energia.a(HardwareSerial.o)
                0x0000dcdc                HardwareSerial::read()
 .text._ZN14HardwareSerial5flushEv
                0x0000dd2c       0x44 C:/Users/Gemalto/DEVELOPMENT/CCS_Workspaces/workspace_clp/core_lib_energia/Debug\libcore_lib_energia.a(HardwareSerial.o)
                0x0000dd2c                HardwareSerial::flush()
 .text._ZN14HardwareSerial5writeEh
                0x0000dd70       0xa4 C:/Users/Gemalto/DEVELOPMENT/CCS_Workspaces/workspace_clp/core_lib_energia/Debug\libcore_lib_energia.a(HardwareSerial.o)
                0x0000dd70                HardwareSerial::write(unsigned char)
 .text._ZN14HardwareSerial14UARTIntHandlerEv
                0x0000de14      0x160 C:/Users/Gemalto/DEVELOPMENT/CCS_Workspaces/workspace_clp/core_lib_energia/Debug\libcore_lib_energia.a(HardwareSerial.o)
                0x0000de14                HardwareSerial::UARTIntHandler()
 .text.UARTIntHandler
                0x0000df74       0x10 C:/Users/Gemalto/DEVELOPMENT/CCS_Workspaces/workspace_clp/core_lib_energia/Debug\libcore_lib_energia.a(HardwareSerial.o)
                0x0000df74                UARTIntHandler
 .text.UARTIntHandler1
                0x0000df84       0x10 C:/Users/Gemalto/DEVELOPMENT/CCS_Workspaces/workspace_clp/core_lib_energia/Debug\libcore_lib_energia.a(HardwareSerial.o)
                0x0000df84                UARTIntHandler1
 .text.UARTIntHandler2
                0x0000df94       0x10 C:/Users/Gemalto/DEVELOPMENT/CCS_Workspaces/workspace_clp/core_lib_energia/Debug\libcore_lib_energia.a(HardwareSerial.o)
                0x0000df94                UARTIntHandler2
 .text.UARTIntHandler3
                0x0000dfa4       0x10 C:/Users/Gemalto/DEVELOPMENT/CCS_Workspaces/workspace_clp/core_lib_energia/Debug\libcore_lib_energia.a(HardwareSerial.o)
                0x0000dfa4                UARTIntHandler3
 .text.UARTIntHandler4
                0x0000dfb4       0x10 C:/Users/Gemalto/DEVELOPMENT/CCS_Workspaces/workspace_clp/core_lib_energia/Debug\libcore_lib_energia.a(HardwareSerial.o)
                0x0000dfb4                UARTIntHandler4
 .text.UARTIntHandler5
                0x0000dfc4       0x10 C:/Users/Gemalto/DEVELOPMENT/CCS_Workspaces/workspace_clp/core_lib_energia/Debug\libcore_lib_energia.a(HardwareSerial.o)
                0x0000dfc4                UARTIntHandler5
 .text.UARTIntHandler6
                0x0000dfd4       0x10 C:/Users/Gemalto/DEVELOPMENT/CCS_Workspaces/workspace_clp/core_lib_energia/Debug\libcore_lib_energia.a(HardwareSerial.o)
                0x0000dfd4                UARTIntHandler6
 .text.UARTIntHandler7
                0x0000dfe4       0x10 C:/Users/Gemalto/DEVELOPMENT/CCS_Workspaces/workspace_clp/core_lib_energia/Debug\libcore_lib_energia.a(HardwareSerial.o)
                0x0000dfe4                UARTIntHandler7
 .text._Z11serialEventv
                0x0000dff4        0xc C:/Users/Gemalto/DEVELOPMENT/CCS_Workspaces/workspace_clp/core_lib_energia/Debug\libcore_lib_energia.a(HardwareSerial.o)
                0x0000dff4                serialEvent()
 .text._Z12serialEvent1v
                0x0000e000        0xc C:/Users/Gemalto/DEVELOPMENT/CCS_Workspaces/workspace_clp/core_lib_energia/Debug\libcore_lib_energia.a(HardwareSerial.o)
                0x0000e000                serialEvent1()
 .text._Z12serialEvent2v
                0x0000e00c        0xc C:/Users/Gemalto/DEVELOPMENT/CCS_Workspaces/workspace_clp/core_lib_energia/Debug\libcore_lib_energia.a(HardwareSerial.o)
                0x0000e00c                serialEvent2()
 .text._Z12serialEvent3v
                0x0000e018        0xc C:/Users/Gemalto/DEVELOPMENT/CCS_Workspaces/workspace_clp/core_lib_energia/Debug\libcore_lib_energia.a(HardwareSerial.o)
                0x0000e018                serialEvent3()
 .text._Z12serialEvent4v
                0x0000e024        0xc C:/Users/Gemalto/DEVELOPMENT/CCS_Workspaces/workspace_clp/core_lib_energia/Debug\libcore_lib_energia.a(HardwareSerial.o)
                0x0000e024                serialEvent4()
 .text._Z12serialEvent5v
                0x0000e030        0xc C:/Users/Gemalto/DEVELOPMENT/CCS_Workspaces/workspace_clp/core_lib_energia/Debug\libcore_lib_energia.a(HardwareSerial.o)
                0x0000e030                serialEvent5()
 .text._Z12serialEvent6v
                0x0000e03c        0xc C:/Users/Gemalto/DEVELOPMENT/CCS_Workspaces/workspace_clp/core_lib_energia/Debug\libcore_lib_energia.a(HardwareSerial.o)
                0x0000e03c                serialEvent6()
 .text._Z12serialEvent7v
                0x0000e048        0xc C:/Users/Gemalto/DEVELOPMENT/CCS_Workspaces/workspace_clp/core_lib_energia/Debug\libcore_lib_energia.a(HardwareSerial.o)
                0x0000e048                serialEvent7()
 .text._Z14serialEventRunv
                0x0000e054       0xf8 C:/Users/Gemalto/DEVELOPMENT/CCS_Workspaces/workspace_clp/core_lib_energia/Debug\libcore_lib_energia.a(HardwareSerial.o)
                0x0000e054                serialEventRun()
 .text._Z41__static_initialization_and_destruction_0ii
                0x0000e14c       0x80 C:/Users/Gemalto/DEVELOPMENT/CCS_Workspaces/workspace_clp/core_lib_energia/Debug\libcore_lib_energia.a(HardwareSerial.o)
 .text._GLOBAL__sub_I__ZN14HardwareSerialC2Ev
                0x0000e1cc       0x10 C:/Users/Gemalto/DEVELOPMENT/CCS_Workspaces/workspace_clp/core_lib_energia/Debug\libcore_lib_energia.a(HardwareSerial.o)
 .text._ZN9PrintableC2Ev
                0x0000e1dc       0x20 C:/Users/Gemalto/DEVELOPMENT/CCS_Workspaces/workspace_clp/core_lib_energia/Debug\libcore_lib_energia.a(IPAddress.o)
                0x0000e1dc                Printable::Printable()
                0x0000e1dc                Printable::Printable()
 .text._ZN9IPAddressC2Ehhhh
                0x0000e1fc       0x50 C:/Users/Gemalto/DEVELOPMENT/CCS_Workspaces/workspace_clp/core_lib_energia/Debug\libcore_lib_energia.a(IPAddress.o)
                0x0000e1fc                IPAddress::IPAddress(unsigned char, unsigned char, unsigned char, unsigned char)
                0x0000e1fc                IPAddress::IPAddress(unsigned char, unsigned char, unsigned char, unsigned char)
 .text._ZN9IPAddressC2Em
                0x0000e24c       0x38 C:/Users/Gemalto/DEVELOPMENT/CCS_Workspaces/workspace_clp/core_lib_energia/Debug\libcore_lib_energia.a(IPAddress.o)
                0x0000e24c                IPAddress::IPAddress(unsigned long)
                0x0000e24c                IPAddress::IPAddress(unsigned long)
 .text._ZNK9IPAddress7printToER5Print
                0x0000e284       0x6c C:/Users/Gemalto/DEVELOPMENT/CCS_Workspaces/workspace_clp/core_lib_energia/Debug\libcore_lib_energia.a(IPAddress.o)
                0x0000e284                IPAddress::printTo(Print&) const
 .text._Z41__static_initialization_and_destruction_0ii
                0x0000e2f0       0x34 C:/Users/Gemalto/DEVELOPMENT/CCS_Workspaces/workspace_clp/core_lib_energia/Debug\libcore_lib_energia.a(IPAddress.o)
 .text._GLOBAL__sub_I_INADDR_NONE
                0x0000e324       0x10 C:/Users/Gemalto/DEVELOPMENT/CCS_Workspaces/workspace_clp/core_lib_energia/Debug\libcore_lib_energia.a(IPAddress.o)
 .text._ZN5Print5writeEPKc
                0x0000e334       0x2c C:/Users/Gemalto/DEVELOPMENT/CCS_Workspaces/workspace_clp/core_lib_energia/Debug\libcore_lib_energia.a(Print.o)
                0x0000e334                Print::write(char const*)
 .text._ZN5Print5writeEPKhj
                0x0000e360       0x4c C:/Users/Gemalto/DEVELOPMENT/CCS_Workspaces/workspace_clp/core_lib_energia/Debug\libcore_lib_energia.a(Print.o)
                0x0000e360                Print::write(unsigned char const*, unsigned int)
 .text._ZN5Print5printEPKc
                0x0000e3ac       0x1c C:/Users/Gemalto/DEVELOPMENT/CCS_Workspaces/workspace_clp/core_lib_energia/Debug\libcore_lib_energia.a(Print.o)
                0x0000e3ac                Print::print(char const*)
 .text._ZN5Print5printEc
                0x0000e3c8       0x24 C:/Users/Gemalto/DEVELOPMENT/CCS_Workspaces/workspace_clp/core_lib_energia/Debug\libcore_lib_energia.a(Print.o)
                0x0000e3c8                Print::print(char)
 .text._ZN5Print5printEhi
                0x0000e3ec       0x24 C:/Users/Gemalto/DEVELOPMENT/CCS_Workspaces/workspace_clp/core_lib_energia/Debug\libcore_lib_energia.a(Print.o)
                0x0000e3ec                Print::print(unsigned char, int)
 .text._ZN5Print5printEii
                0x0000e410       0x20 C:/Users/Gemalto/DEVELOPMENT/CCS_Workspaces/workspace_clp/core_lib_energia/Debug\libcore_lib_energia.a(Print.o)
                0x0000e410                Print::print(int, int)
 .text._ZN5Print5printEji
                0x0000e430       0x20 C:/Users/Gemalto/DEVELOPMENT/CCS_Workspaces/workspace_clp/core_lib_energia/Debug\libcore_lib_energia.a(Print.o)
                0x0000e430                Print::print(unsigned int, int)
 .text._ZN5Print5printEli
                0x0000e450       0x84 C:/Users/Gemalto/DEVELOPMENT/CCS_Workspaces/workspace_clp/core_lib_energia/Debug\libcore_lib_energia.a(Print.o)
                0x0000e450                Print::print(long, int)
 .text._ZN5Print5printEmi
                0x0000e4d4       0x40 C:/Users/Gemalto/DEVELOPMENT/CCS_Workspaces/workspace_clp/core_lib_energia/Debug\libcore_lib_energia.a(Print.o)
                0x0000e4d4                Print::print(unsigned long, int)
 .text._ZN5Print7printlnEv
                0x0000e514       0x2c C:/Users/Gemalto/DEVELOPMENT/CCS_Workspaces/workspace_clp/core_lib_energia/Debug\libcore_lib_energia.a(Print.o)
                0x0000e514                Print::println()
 .text._ZN5Print7printlnEPKc
                0x0000e540       0x2c C:/Users/Gemalto/DEVELOPMENT/CCS_Workspaces/workspace_clp/core_lib_energia/Debug\libcore_lib_energia.a(Print.o)
                0x0000e540                Print::println(char const*)
 .text._ZN5Print11printNumberEmh
                0x0000e56c       0x88 C:/Users/Gemalto/DEVELOPMENT/CCS_Workspaces/workspace_clp/core_lib_energia/Debug\libcore_lib_energia.a(Print.o)
                0x0000e56c                Print::printNumber(unsigned long, unsigned char)
 .text._ZN6StringC2EPKc
                0x0000e5f4       0x34 C:/Users/Gemalto/DEVELOPMENT/CCS_Workspaces/workspace_clp/core_lib_energia/Debug\libcore_lib_energia.a(WString.o)
                0x0000e5f4                String::String(char const*)
                0x0000e5f4                String::String(char const*)
 .text._ZN6StringD2Ev
                0x0000e628       0x1c C:/Users/Gemalto/DEVELOPMENT/CCS_Workspaces/workspace_clp/core_lib_energia/Debug\libcore_lib_energia.a(WString.o)
                0x0000e628                String::~String()
                0x0000e628                String::~String()
 .text._ZN6String4initEv
                0x0000e644       0x24 C:/Users/Gemalto/DEVELOPMENT/CCS_Workspaces/workspace_clp/core_lib_energia/Debug\libcore_lib_energia.a(WString.o)
                0x0000e644                String::init()
 .text._ZN6String10invalidateEv
                0x0000e668       0x34 C:/Users/Gemalto/DEVELOPMENT/CCS_Workspaces/workspace_clp/core_lib_energia/Debug\libcore_lib_energia.a(WString.o)
                0x0000e668                String::invalidate()
 .text._ZN6String7reserveEj
                0x0000e69c       0x58 C:/Users/Gemalto/DEVELOPMENT/CCS_Workspaces/workspace_clp/core_lib_energia/Debug\libcore_lib_energia.a(WString.o)
                0x0000e69c                String::reserve(unsigned int)
 .text._ZN6String12changeBufferEj
                0x0000e6f4       0x3c C:/Users/Gemalto/DEVELOPMENT/CCS_Workspaces/workspace_clp/core_lib_energia/Debug\libcore_lib_energia.a(WString.o)
                0x0000e6f4                String::changeBuffer(unsigned int)
 .text._ZN6String4copyEPKcj
                0x0000e730       0x4c C:/Users/Gemalto/DEVELOPMENT/CCS_Workspaces/workspace_clp/core_lib_energia/Debug\libcore_lib_energia.a(WString.o)
                0x0000e730                String::copy(char const*, unsigned int)
 .text._ZN6String6concatEPKcj
                0x0000e77c       0x68 C:/Users/Gemalto/DEVELOPMENT/CCS_Workspaces/workspace_clp/core_lib_energia/Debug\libcore_lib_energia.a(WString.o)
                0x0000e77c                String::concat(char const*, unsigned int)
 .text._ZN6String6concatEc
                0x0000e7e4       0x2c C:/Users/Gemalto/DEVELOPMENT/CCS_Workspaces/workspace_clp/core_lib_energia/Debug\libcore_lib_energia.a(WString.o)
                0x0000e7e4                String::concat(char)
 .text._ZNK6String10startsWithERKS_
                0x0000e810       0x30 C:/Users/Gemalto/DEVELOPMENT/CCS_Workspaces/workspace_clp/core_lib_energia/Debug\libcore_lib_energia.a(WString.o)
                0x0000e810                String::startsWith(String const&) const
 .text._ZNK6String10startsWithERKS_j
                0x0000e840       0x60 C:/Users/Gemalto/DEVELOPMENT/CCS_Workspaces/workspace_clp/core_lib_energia/Debug\libcore_lib_energia.a(WString.o)
                0x0000e840                String::startsWith(String const&, unsigned int) const
 .text._EEPROMSectorMaskClear
                0x0000e8a0       0x38 C:/Users/Gemalto/DEVELOPMENT/CCS_Workspaces/workspace_clp/core_lib_energia/Debug\libcore_lib_energia.a(eeprom.o)
 .text._EEPROMWaitForDone
                0x0000e8d8       0x20 C:/Users/Gemalto/DEVELOPMENT/CCS_Workspaces/workspace_clp/core_lib_energia/Debug\libcore_lib_energia.a(eeprom.o)
 .text.EEPROMSizeGet
                0x0000e8f8       0x1c C:/Users/Gemalto/DEVELOPMENT/CCS_Workspaces/workspace_clp/core_lib_energia/Debug\libcore_lib_energia.a(eeprom.o)
                0x0000e8f8                EEPROMSizeGet
 .text.EEPROMMassErase
                0x0000e914       0x60 C:/Users/Gemalto/DEVELOPMENT/CCS_Workspaces/workspace_clp/core_lib_energia/Debug\libcore_lib_energia.a(eeprom.o)
                0x0000e914                EEPROMMassErase
 .text.__cxa_pure_virtual
                0x0000e974        0xc C:/Users/Gemalto/DEVELOPMENT/CCS_Workspaces/workspace_clp/core_lib_energia/Debug\libcore_lib_energia.a(new.o)
                0x0000e974                __cxa_pure_virtual
 .text.SysCtlPeripheralReset
                0x0000e980       0x94 C:/Users/Gemalto/DEVELOPMENT/CCS_Workspaces/workspace_clp/core_lib_energia/Debug\libcore_lib_energia.a(sysctl.o)
                0x0000e980                SysCtlPeripheralReset
 .text.SysCtlDeepSleepPowerSet
                0x0000ea14       0x1c C:/Users/Gemalto/DEVELOPMENT/CCS_Workspaces/workspace_clp/core_lib_energia/Debug\libcore_lib_energia.a(sysctl.o)
                0x0000ea14                SysCtlDeepSleepPowerSet
 .text.SysCtlDelay
                0x0000ea30        0x8 C:/Users/Gemalto/DEVELOPMENT/CCS_Workspaces/workspace_clp/core_lib_energia/Debug\libcore_lib_energia.a(sysctl.o)
                0x0000ea30                SysCtlDelay
 .text.timerInit
                0x0000ea38       0x74 C:/Users/Gemalto/DEVELOPMENT/CCS_Workspaces/workspace_clp/core_lib_energia/Debug\libcore_lib_energia.a(wiring.o)
                0x0000ea38                timerInit
 .text.millis   0x0000eaac       0x18 C:/Users/Gemalto/DEVELOPMENT/CCS_Workspaces/workspace_clp/core_lib_energia/Debug\libcore_lib_energia.a(wiring.o)
                0x0000eaac                millis
 .text.delayMicroseconds
                0x0000eac4       0x88 C:/Users/Gemalto/DEVELOPMENT/CCS_Workspaces/workspace_clp/core_lib_energia/Debug\libcore_lib_energia.a(wiring.o)
                0x0000eac4                delayMicroseconds
 .text.delay    0x0000eb4c       0x2c C:/Users/Gemalto/DEVELOPMENT/CCS_Workspaces/workspace_clp/core_lib_energia/Debug\libcore_lib_energia.a(wiring.o)
                0x0000eb4c                delay
 .text.registerSysTickCb
                0x0000eb78       0x40 C:/Users/Gemalto/DEVELOPMENT/CCS_Workspaces/workspace_clp/core_lib_energia/Debug\libcore_lib_energia.a(wiring.o)
                0x0000eb78                registerSysTickCb
 .text.SysTickIntHandler
                0x0000ebb8       0x48 C:/Users/Gemalto/DEVELOPMENT/CCS_Workspaces/workspace_clp/core_lib_energia/Debug\libcore_lib_energia.a(wiring.o)
                0x0000ebb8                SysTickIntHandler
 .text.pinMode  0x0000ec00      0x13c C:/Users/Gemalto/DEVELOPMENT/CCS_Workspaces/workspace_clp/core_lib_energia/Debug\libcore_lib_energia.a(wiring_digital.o)
                0x0000ec00                pinMode
 .text.digitalWrite
                0x0000ed3c       0x64 C:/Users/Gemalto/DEVELOPMENT/CCS_Workspaces/workspace_clp/core_lib_energia/Debug\libcore_lib_energia.a(wiring_digital.o)
                0x0000ed3c                digitalWrite
 .text.CPUcpsid
                0x0000eda0       0x10 C:/Users/Gemalto/DEVELOPMENT/CCS_Workspaces/workspace_clp/core_lib_energia/Debug\libcore_lib_energia.a(cpu.o)
                0x0000eda0                CPUcpsid
 .text.CPUcpsie
                0x0000edb0       0x10 C:/Users/Gemalto/DEVELOPMENT/CCS_Workspaces/workspace_clp/core_lib_energia/Debug\libcore_lib_energia.a(cpu.o)
                0x0000edb0                CPUcpsie
 .text.IntMasterEnable
                0x0000edc0       0x18 C:/Users/Gemalto/DEVELOPMENT/CCS_Workspaces/workspace_clp/core_lib_energia/Debug\libcore_lib_energia.a(interrupt.o)
                0x0000edc0                IntMasterEnable
 .text.IntMasterDisable
                0x0000edd8       0x18 C:/Users/Gemalto/DEVELOPMENT/CCS_Workspaces/workspace_clp/core_lib_energia/Debug\libcore_lib_energia.a(interrupt.o)
                0x0000edd8                IntMasterDisable
 .text.IntEnable
                0x0000edf0       0x94 C:/Users/Gemalto/DEVELOPMENT/CCS_Workspaces/workspace_clp/core_lib_energia/Debug\libcore_lib_energia.a(interrupt.o)
                0x0000edf0                IntEnable
 .text._ZN9IPAddresscvmEv
                0x0000ee84       0x1c C:/Users/Gemalto/DEVELOPMENT/CCS_Workspaces/workspace_clp/ethernet_lib_energia/Debug\libethernet_lib_energia.a(Ethernet.o)
                0x0000ee84                IPAddress::operator unsigned long()
 .text._ZN9PrintableaSERKS_
                0x0000eea0       0x18 C:/Users/Gemalto/DEVELOPMENT/CCS_Workspaces/workspace_clp/ethernet_lib_energia/Debug\libethernet_lib_energia.a(Ethernet.o)
                0x0000eea0                Printable::operator=(Printable const&)
 .text._ZN9IPAddressaSERKS_
                0x0000eeb8       0x28 C:/Users/Gemalto/DEVELOPMENT/CCS_Workspaces/workspace_clp/ethernet_lib_energia/Debug\libethernet_lib_energia.a(Ethernet.o)
                0x0000eeb8                IPAddress::operator=(IPAddress const&)
 .text._ZN13EthernetClass5beginEPh9IPAddressS1_S1_S1_
                0x0000eee0      0x100 C:/Users/Gemalto/DEVELOPMENT/CCS_Workspaces/workspace_clp/ethernet_lib_energia/Debug\libethernet_lib_energia.a(Ethernet.o)
                0x0000eee0                EthernetClass::begin(unsigned char*, IPAddress, IPAddress, IPAddress, IPAddress)
 .text._ZN13EthernetClass5beginEPh
                0x0000efe0       0x64 C:/Users/Gemalto/DEVELOPMENT/CCS_Workspaces/workspace_clp/ethernet_lib_energia/Debug\libethernet_lib_energia.a(Ethernet.o)
                0x0000efe0                EthernetClass::begin(unsigned char*)
 .text._ZN13EthernetClass7localIPEv
                0x0000f044       0x14 C:/Users/Gemalto/DEVELOPMENT/CCS_Workspaces/workspace_clp/ethernet_lib_energia/Debug\libethernet_lib_energia.a(Ethernet.o)
                0x0000f044                EthernetClass::localIP()
 .text._ZN13EthernetClass9gatewayIPEv
                0x0000f058       0x14 C:/Users/Gemalto/DEVELOPMENT/CCS_Workspaces/workspace_clp/ethernet_lib_energia/Debug\libethernet_lib_energia.a(Ethernet.o)
                0x0000f058                EthernetClass::gatewayIP()
 .text._ZN13EthernetClass10subnetMaskEv
                0x0000f06c       0x14 C:/Users/Gemalto/DEVELOPMENT/CCS_Workspaces/workspace_clp/ethernet_lib_energia/Debug\libethernet_lib_energia.a(Ethernet.o)
                0x0000f06c                EthernetClass::subnetMask()
 .text._ZN13EthernetClass11dnsServerIPEv
                0x0000f080       0x14 C:/Users/Gemalto/DEVELOPMENT/CCS_Workspaces/workspace_clp/ethernet_lib_energia/Debug\libethernet_lib_energia.a(Ethernet.o)
                0x0000f080                EthernetClass::dnsServerIP()
 .text._ZN13EthernetClass10macAddressEPh
                0x0000f094        0xc C:/Users/Gemalto/DEVELOPMENT/CCS_Workspaces/workspace_clp/ethernet_lib_energia/Debug\libethernet_lib_energia.a(Ethernet.o)
                0x0000f094                EthernetClass::macAddress(unsigned char*)
 .text._ZN13EthernetClass13enableLinkLedEv
                0x0000f0a0       0x24 C:/Users/Gemalto/DEVELOPMENT/CCS_Workspaces/workspace_clp/ethernet_lib_energia/Debug\libethernet_lib_energia.a(Ethernet.o)
                0x0000f0a0                EthernetClass::enableLinkLed()
 .text._ZN13EthernetClass17enableActivityLedEv
                0x0000f0c4       0x24 C:/Users/Gemalto/DEVELOPMENT/CCS_Workspaces/workspace_clp/ethernet_lib_energia/Debug\libethernet_lib_energia.a(Ethernet.o)
                0x0000f0c4                EthernetClass::enableActivityLed()
 .text._Z41__static_initialization_and_destruction_0ii
                0x0000f0e8       0x5c C:/Users/Gemalto/DEVELOPMENT/CCS_Workspaces/workspace_clp/ethernet_lib_energia/Debug\libethernet_lib_energia.a(Ethernet.o)
 .text._GLOBAL__sub_I__ZN13EthernetClass5beginEPh9IPAddressS1_S1_S1_
                0x0000f144       0x10 C:/Users/Gemalto/DEVELOPMENT/CCS_Workspaces/workspace_clp/ethernet_lib_energia/Debug\libethernet_lib_energia.a(Ethernet.o)
 .text._ZN6Client10sslConnectEPKct
                0x0000f154        0x8 C:/Users/Gemalto/DEVELOPMENT/CCS_Workspaces/workspace_clp/ethernet_lib_energia/Debug\libethernet_lib_energia.a(EthernetClient.o)
                0x0000f154                Client::sslConnect(char const*, unsigned short)
 .text._ZN6Client10sslConnectE9IPAddresst
                0x0000f15c        0x8 C:/Users/Gemalto/DEVELOPMENT/CCS_Workspaces/workspace_clp/ethernet_lib_energia/Debug\libethernet_lib_energia.a(EthernetClient.o)
                0x0000f15c                Client::sslConnect(IPAddress, unsigned short)
 .text._ZN6ClientC2Ev
                0x0000f164       0x24 C:/Users/Gemalto/DEVELOPMENT/CCS_Workspaces/workspace_clp/ethernet_lib_energia/Debug\libethernet_lib_energia.a(EthernetClient.o)
                0x0000f164                Client::Client()
                0x0000f164                Client::Client()
 .text._ZN14EthernetClientC2Ev
                0x0000f188       0x2c C:/Users/Gemalto/DEVELOPMENT/CCS_Workspaces/workspace_clp/ethernet_lib_energia/Debug\libethernet_lib_energia.a(EthernetClient.o)
                0x0000f188                EthernetClient::EthernetClient()
                0x0000f188                EthernetClient::EthernetClient()
 .text._ZN14EthernetClientC2EP6client
                0x0000f1b4       0x38 C:/Users/Gemalto/DEVELOPMENT/CCS_Workspaces/workspace_clp/ethernet_lib_energia/Debug\libethernet_lib_energia.a(EthernetClient.o)
                0x0000f1b4                EthernetClient::EthernetClient(client*)
                0x0000f1b4                EthernetClient::EthernetClient(client*)
 .text._ZN14EthernetClient7do_pollEPvP7tcp_pcb
                0x0000f1ec       0x88 C:/Users/Gemalto/DEVELOPMENT/CCS_Workspaces/workspace_clp/ethernet_lib_energia/Debug\libethernet_lib_energia.a(EthernetClient.o)
                0x0000f1ec                EthernetClient::do_poll(void*, tcp_pcb*)
 .text._ZN14EthernetClient6do_errEPva
                0x0000f274       0x18 C:/Users/Gemalto/DEVELOPMENT/CCS_Workspaces/workspace_clp/ethernet_lib_energia/Debug\libethernet_lib_energia.a(EthernetClient.o)
                0x0000f274                EthernetClient::do_err(void*, signed char)
 .text._ZN14EthernetClient12do_connectedEPvP7tcp_pcba
                0x0000f28c        0xc C:/Users/Gemalto/DEVELOPMENT/CCS_Workspaces/workspace_clp/ethernet_lib_energia/Debug\libethernet_lib_energia.a(EthernetClient.o)
                0x0000f28c                EthernetClient::do_connected(void*, tcp_pcb*, signed char)
 .text._ZN14EthernetClient7do_recvEPvP7tcp_pcbP4pbufa
                0x0000f298       0x24 C:/Users/Gemalto/DEVELOPMENT/CCS_Workspaces/workspace_clp/ethernet_lib_energia/Debug\libethernet_lib_energia.a(EthernetClient.o)
                0x0000f298                EthernetClient::do_recv(void*, tcp_pcb*, pbuf*, signed char)
 .text._ZN14EthernetClient6do_dnsEPKcP7ip_addrPv
                0x0000f2bc        0x8 C:/Users/Gemalto/DEVELOPMENT/CCS_Workspaces/workspace_clp/ethernet_lib_energia/Debug\libethernet_lib_energia.a(EthernetClient.o)
                0x0000f2bc                EthernetClient::do_dns(char const*, ip_addr*, void*)
 .text._ZN14EthernetClient7connectEPKct
                0x0000f2c4       0x50 C:/Users/Gemalto/DEVELOPMENT/CCS_Workspaces/workspace_clp/ethernet_lib_energia/Debug\libethernet_lib_energia.a(EthernetClient.o)
                0x0000f2c4                EthernetClient::connect(char const*, unsigned short)
 .text._ZN14EthernetClient7connectE9IPAddresst
                0x0000f314       0xd4 C:/Users/Gemalto/DEVELOPMENT/CCS_Workspaces/workspace_clp/ethernet_lib_energia/Debug\libethernet_lib_energia.a(EthernetClient.o)
                0x0000f314                EthernetClient::connect(IPAddress, unsigned short)
 .text._ZN14EthernetClient5writeEh
                0x0000f3e8       0x18 C:/Users/Gemalto/DEVELOPMENT/CCS_Workspaces/workspace_clp/ethernet_lib_energia/Debug\libethernet_lib_energia.a(EthernetClient.o)
                0x0000f3e8                EthernetClient::write(unsigned char)
 .text._ZN14EthernetClient5writeEPKhj
                0x0000f400       0xa0 C:/Users/Gemalto/DEVELOPMENT/CCS_Workspaces/workspace_clp/ethernet_lib_energia/Debug\libethernet_lib_energia.a(EthernetClient.o)
                0x0000f400                EthernetClient::write(unsigned char const*, unsigned int)
 .text._ZN14EthernetClient9availableEv
                0x0000f4a0       0x10 C:/Users/Gemalto/DEVELOPMENT/CCS_Workspaces/workspace_clp/ethernet_lib_energia/Debug\libethernet_lib_energia.a(EthernetClient.o)
                0x0000f4a0                EthernetClient::available()
 .text._ZN14EthernetClient4portEv
                0x0000f4b0        0x8 C:/Users/Gemalto/DEVELOPMENT/CCS_Workspaces/workspace_clp/ethernet_lib_energia/Debug\libethernet_lib_energia.a(EthernetClient.o)
                0x0000f4b0                EthernetClient::port()
 .text._ZN14EthernetClient10readLockedEv
                0x0000f4b8       0xb0 C:/Users/Gemalto/DEVELOPMENT/CCS_Workspaces/workspace_clp/ethernet_lib_energia/Debug\libethernet_lib_energia.a(EthernetClient.o)
                0x0000f4b8                EthernetClient::readLocked()
 .text._ZN14EthernetClient4readEv
                0x0000f568        0x4 C:/Users/Gemalto/DEVELOPMENT/CCS_Workspaces/workspace_clp/ethernet_lib_energia/Debug\libethernet_lib_energia.a(EthernetClient.o)
                0x0000f568                EthernetClient::read()
 .text._ZN14EthernetClient4readEPhj
                0x0000f56c       0x50 C:/Users/Gemalto/DEVELOPMENT/CCS_Workspaces/workspace_clp/ethernet_lib_energia/Debug\libethernet_lib_energia.a(EthernetClient.o)
                0x0000f56c                EthernetClient::read(unsigned char*, unsigned int)
 .text._ZN14EthernetClient4peekEv
                0x0000f5bc       0x40 C:/Users/Gemalto/DEVELOPMENT/CCS_Workspaces/workspace_clp/ethernet_lib_energia/Debug\libethernet_lib_energia.a(EthernetClient.o)
                0x0000f5bc                EthernetClient::peek()
 .text._ZN14EthernetClient5flushEv
                0x0000f5fc       0x38 C:/Users/Gemalto/DEVELOPMENT/CCS_Workspaces/workspace_clp/ethernet_lib_energia/Debug\libethernet_lib_energia.a(EthernetClient.o)
                0x0000f5fc                EthernetClient::flush()
 .text._ZN14EthernetClient4stopEv
                0x0000f634       0x8c C:/Users/Gemalto/DEVELOPMENT/CCS_Workspaces/workspace_clp/ethernet_lib_energia/Debug\libethernet_lib_energia.a(EthernetClient.o)
                0x0000f634                EthernetClient::stop()
 .text._ZN14EthernetClient9connectedEv
                0x0000f6c0       0x24 C:/Users/Gemalto/DEVELOPMENT/CCS_Workspaces/workspace_clp/ethernet_lib_energia/Debug\libethernet_lib_energia.a(EthernetClient.o)
                0x0000f6c0                EthernetClient::connected()
 .text._ZN14EthernetClient6statusEv
                0x0000f6e4        0xc C:/Users/Gemalto/DEVELOPMENT/CCS_Workspaces/workspace_clp/ethernet_lib_energia/Debug\libethernet_lib_energia.a(EthernetClient.o)
                0x0000f6e4                EthernetClient::status()
 .text._ZN14EthernetClientcvbEv
                0x0000f6f0       0x14 C:/Users/Gemalto/DEVELOPMENT/CCS_Workspaces/workspace_clp/ethernet_lib_energia/Debug\libethernet_lib_energia.a(EthernetClient.o)
                0x0000f6f0                EthernetClient::operator bool()
 .text._Z41__static_initialization_and_destruction_0ii
                0x0000f704       0x5c C:/Users/Gemalto/DEVELOPMENT/CCS_Workspaces/workspace_clp/ethernet_lib_energia/Debug\libethernet_lib_energia.a(EthernetClient.o)
 .text._GLOBAL__sub_I__ZN14EthernetClientC2Ev
                0x0000f760       0x10 C:/Users/Gemalto/DEVELOPMENT/CCS_Workspaces/workspace_clp/ethernet_lib_energia/Debug\libethernet_lib_energia.a(EthernetClient.o)
 .text._ZN6ServerC2Ev
                0x0000f770       0x24 C:/Users/Gemalto/DEVELOPMENT/CCS_Workspaces/workspace_clp/ethernet_lib_energia/Debug\libethernet_lib_energia.a(EthernetServer.o)
                0x0000f770                Server::Server()
                0x0000f770                Server::Server()
 .text._ZN14EthernetServerC2Et
                0x0000f794       0x34 C:/Users/Gemalto/DEVELOPMENT/CCS_Workspaces/workspace_clp/ethernet_lib_energia/Debug\libethernet_lib_energia.a(EthernetServer.o)
                0x0000f794                EthernetServer::EthernetServer(unsigned short)
                0x0000f794                EthernetServer::EthernetServer(unsigned short)
 .text._ZN14EthernetServer7do_pollEPvP7tcp_pcb
                0x0000f7c8       0x38 C:/Users/Gemalto/DEVELOPMENT/CCS_Workspaces/workspace_clp/ethernet_lib_energia/Debug\libethernet_lib_energia.a(EthernetServer.o)
                0x0000f7c8                EthernetServer::do_poll(void*, tcp_pcb*)
 .text._ZN14EthernetServer8do_closeEPvP7tcp_pcb
                0x0000f800      0x100 C:/Users/Gemalto/DEVELOPMENT/CCS_Workspaces/workspace_clp/ethernet_lib_energia/Debug\libethernet_lib_energia.a(EthernetServer.o)
                0x0000f800                EthernetServer::do_close(void*, tcp_pcb*)
 .text._ZN14EthernetServer8did_sentEPvP7tcp_pcbt
                0x0000f900       0x20 C:/Users/Gemalto/DEVELOPMENT/CCS_Workspaces/workspace_clp/ethernet_lib_energia/Debug\libethernet_lib_energia.a(EthernetServer.o)
                0x0000f900                EthernetServer::did_sent(void*, tcp_pcb*, unsigned short)
 .text._ZN14EthernetServer7do_recvEPvP7tcp_pcbP4pbufa
                0x0000f920       0xbc C:/Users/Gemalto/DEVELOPMENT/CCS_Workspaces/workspace_clp/ethernet_lib_energia/Debug\libethernet_lib_energia.a(EthernetServer.o)
                0x0000f920                EthernetServer::do_recv(void*, tcp_pcb*, pbuf*, signed char)
 .text._ZN14EthernetServer9do_acceptEPvP7tcp_pcba
                0x0000f9dc       0xc8 C:/Users/Gemalto/DEVELOPMENT/CCS_Workspaces/workspace_clp/ethernet_lib_energia/Debug\libethernet_lib_energia.a(EthernetServer.o)
                0x0000f9dc                EthernetServer::do_accept(void*, tcp_pcb*, signed char)
 .text._ZN14EthernetServer5beginEv
                0x0000faa4       0x5c C:/Users/Gemalto/DEVELOPMENT/CCS_Workspaces/workspace_clp/ethernet_lib_energia/Debug\libethernet_lib_energia.a(EthernetServer.o)
                0x0000faa4                EthernetServer::begin()
 .text._ZN14EthernetServer9availableEv
                0x0000fb00       0xc0 C:/Users/Gemalto/DEVELOPMENT/CCS_Workspaces/workspace_clp/ethernet_lib_energia/Debug\libethernet_lib_energia.a(EthernetServer.o)
                0x0000fb00                EthernetServer::available()
 .text._ZN14EthernetServer5writeEh
                0x0000fbc0       0x28 C:/Users/Gemalto/DEVELOPMENT/CCS_Workspaces/workspace_clp/ethernet_lib_energia/Debug\libethernet_lib_energia.a(EthernetServer.o)
                0x0000fbc0                EthernetServer::write(unsigned char)
 .text._ZN14EthernetServer5writeEPKhj
                0x0000fbe8      0x100 C:/Users/Gemalto/DEVELOPMENT/CCS_Workspaces/workspace_clp/ethernet_lib_energia/Debug\libethernet_lib_energia.a(EthernetServer.o)
                0x0000fbe8                EthernetServer::write(unsigned char const*, unsigned int)
 .text._Z41__static_initialization_and_destruction_0ii
                0x0000fce8       0x5c C:/Users/Gemalto/DEVELOPMENT/CCS_Workspaces/workspace_clp/ethernet_lib_energia/Debug\libethernet_lib_energia.a(EthernetServer.o)
 .text._GLOBAL__sub_I__ZN14EthernetServerC2Et
                0x0000fd44       0x10 C:/Users/Gemalto/DEVELOPMENT/CCS_Workspaces/workspace_clp/ethernet_lib_energia/Debug\libethernet_lib_energia.a(EthernetServer.o)
 .text.lwip_htons
                0x0000fd54       0x2c C:/Users/Gemalto/DEVELOPMENT/CCS_Workspaces/workspace_clp/ethernet_lib_energia/Debug\libethernet_lib_energia.a(def.o)
                0x0000fd54                lwip_htons
 .text.lwip_ntohs
                0x0000fd80       0x1c C:/Users/Gemalto/DEVELOPMENT/CCS_Workspaces/workspace_clp/ethernet_lib_energia/Debug\libethernet_lib_energia.a(def.o)
                0x0000fd80                lwip_ntohs
 .text.lwip_htonl
                0x0000fd9c       0x34 C:/Users/Gemalto/DEVELOPMENT/CCS_Workspaces/workspace_clp/ethernet_lib_energia/Debug\libethernet_lib_energia.a(def.o)
                0x0000fd9c                lwip_htonl
 .text.lwip_ntohl
                0x0000fdd0       0x18 C:/Users/Gemalto/DEVELOPMENT/CCS_Workspaces/workspace_clp/ethernet_lib_energia/Debug\libethernet_lib_energia.a(def.o)
                0x0000fdd0                lwip_ntohl
 .text.dns_init
                0x0000fde8       0x7c C:/Users/Gemalto/DEVELOPMENT/CCS_Workspaces/workspace_clp/ethernet_lib_energia/Debug\libethernet_lib_energia.a(dns.o)
                0x0000fde8                dns_init
 .text.dns_setserver
                0x0000fe64       0x4c C:/Users/Gemalto/DEVELOPMENT/CCS_Workspaces/workspace_clp/ethernet_lib_energia/Debug\libethernet_lib_energia.a(dns.o)
                0x0000fe64                dns_setserver
 .text.dns_getserver
                0x0000feb0       0x34 C:/Users/Gemalto/DEVELOPMENT/CCS_Workspaces/workspace_clp/ethernet_lib_energia/Debug\libethernet_lib_energia.a(dns.o)
                0x0000feb0                dns_getserver
 .text.dns_tmr  0x0000fee4       0x18 C:/Users/Gemalto/DEVELOPMENT/CCS_Workspaces/workspace_clp/ethernet_lib_energia/Debug\libethernet_lib_energia.a(dns.o)
                0x0000fee4                dns_tmr
 .text.dns_lookup
                0x0000fefc       0x74 C:/Users/Gemalto/DEVELOPMENT/CCS_Workspaces/workspace_clp/ethernet_lib_energia/Debug\libethernet_lib_energia.a(dns.o)
 .text.dns_compare_name
                0x0000ff70       0x68 C:/Users/Gemalto/DEVELOPMENT/CCS_Workspaces/workspace_clp/ethernet_lib_energia/Debug\libethernet_lib_energia.a(dns.o)
 .text.dns_parse_name
                0x0000ffd8       0x4c C:/Users/Gemalto/DEVELOPMENT/CCS_Workspaces/workspace_clp/ethernet_lib_energia/Debug\libethernet_lib_energia.a(dns.o)
 .text.dns_send
                0x00010024      0x14c C:/Users/Gemalto/DEVELOPMENT/CCS_Workspaces/workspace_clp/ethernet_lib_energia/Debug\libethernet_lib_energia.a(dns.o)
 .text.dns_check_entry
                0x00010170      0x158 C:/Users/Gemalto/DEVELOPMENT/CCS_Workspaces/workspace_clp/ethernet_lib_energia/Debug\libethernet_lib_energia.a(dns.o)
 .text.dns_check_entries
                0x000102c8       0x28 C:/Users/Gemalto/DEVELOPMENT/CCS_Workspaces/workspace_clp/ethernet_lib_energia/Debug\libethernet_lib_energia.a(dns.o)
 .text.dns_recv
                0x000102f0      0x1f8 C:/Users/Gemalto/DEVELOPMENT/CCS_Workspaces/workspace_clp/ethernet_lib_energia/Debug\libethernet_lib_energia.a(dns.o)
 .text.dns_enqueue
                0x000104e8      0x11c C:/Users/Gemalto/DEVELOPMENT/CCS_Workspaces/workspace_clp/ethernet_lib_energia/Debug\libethernet_lib_energia.a(dns.o)
 .text.dns_gethostbyname
                0x00010604       0x80 C:/Users/Gemalto/DEVELOPMENT/CCS_Workspaces/workspace_clp/ethernet_lib_energia/Debug\libethernet_lib_energia.a(dns.o)
                0x00010604                dns_gethostbyname
 .text.ip4_addr_isbroadcast
                0x00010684       0x78 C:/Users/Gemalto/DEVELOPMENT/CCS_Workspaces/workspace_clp/ethernet_lib_energia/Debug\libethernet_lib_energia.a(ip_addr.o)
                0x00010684                ip4_addr_isbroadcast
 .text.ipaddr_addr
                0x000106fc       0x2c C:/Users/Gemalto/DEVELOPMENT/CCS_Workspaces/workspace_clp/ethernet_lib_energia/Debug\libethernet_lib_energia.a(ip_addr.o)
                0x000106fc                ipaddr_addr
 .text.ipaddr_aton
                0x00010728      0x238 C:/Users/Gemalto/DEVELOPMENT/CCS_Workspaces/workspace_clp/ethernet_lib_energia/Debug\libethernet_lib_energia.a(ip_addr.o)
                0x00010728                ipaddr_aton
 .text.lwIPLinkDetect
                0x00010960       0xdc C:/Users/Gemalto/DEVELOPMENT/CCS_Workspaces/workspace_clp/ethernet_lib_energia/Debug\libethernet_lib_energia.a(lwiplib.o)
 .text.lwIPServiceTimers
                0x00010a3c      0x104 C:/Users/Gemalto/DEVELOPMENT/CCS_Workspaces/workspace_clp/ethernet_lib_energia/Debug\libethernet_lib_energia.a(lwiplib.o)
 .text.lwIPPrivateInit
                0x00010b40       0x9c C:/Users/Gemalto/DEVELOPMENT/CCS_Workspaces/workspace_clp/ethernet_lib_energia/Debug\libethernet_lib_energia.a(lwiplib.o)
 .text.lwIPInit
                0x00010bdc      0x10c C:/Users/Gemalto/DEVELOPMENT/CCS_Workspaces/workspace_clp/ethernet_lib_energia/Debug\libethernet_lib_energia.a(lwiplib.o)
                0x00010bdc                lwIPInit
 .text.lwIPTimer
                0x00010ce8       0x34 C:/Users/Gemalto/DEVELOPMENT/CCS_Workspaces/workspace_clp/ethernet_lib_energia/Debug\libethernet_lib_energia.a(lwiplib.o)
                0x00010ce8                lwIPTimer
 .text.lwIPEthernetIntHandler
                0x00010d1c       0x74 C:/Users/Gemalto/DEVELOPMENT/CCS_Workspaces/workspace_clp/ethernet_lib_energia/Debug\libethernet_lib_energia.a(lwiplib.o)
                0x00010d1c                lwIPEthernetIntHandler
 .text.lwIPLocalIPAddrGet
                0x00010d90       0x18 C:/Users/Gemalto/DEVELOPMENT/CCS_Workspaces/workspace_clp/ethernet_lib_energia/Debug\libethernet_lib_energia.a(lwiplib.o)
                0x00010d90                lwIPLocalIPAddrGet
 .text.lwIPLocalNetMaskGet
                0x00010da8       0x18 C:/Users/Gemalto/DEVELOPMENT/CCS_Workspaces/workspace_clp/ethernet_lib_energia/Debug\libethernet_lib_energia.a(lwiplib.o)
                0x00010da8                lwIPLocalNetMaskGet
 .text.lwIPLocalGWAddrGet
                0x00010dc0       0x18 C:/Users/Gemalto/DEVELOPMENT/CCS_Workspaces/workspace_clp/ethernet_lib_energia/Debug\libethernet_lib_energia.a(lwiplib.o)
                0x00010dc0                lwIPLocalGWAddrGet
 .text.lwIPDNSAddrSet
                0x00010dd8       0x18 C:/Users/Gemalto/DEVELOPMENT/CCS_Workspaces/workspace_clp/ethernet_lib_energia/Debug\libethernet_lib_energia.a(lwiplib.o)
                0x00010dd8                lwIPDNSAddrSet
 .text.lwIPDNSAddrGet
                0x00010df0       0x1c C:/Users/Gemalto/DEVELOPMENT/CCS_Workspaces/workspace_clp/ethernet_lib_energia/Debug\libethernet_lib_energia.a(lwiplib.o)
                0x00010df0                lwIPDNSAddrGet
 .text.lwIPDHCPWaitLeaseValid
                0x00010e0c       0x48 C:/Users/Gemalto/DEVELOPMENT/CCS_Workspaces/workspace_clp/ethernet_lib_energia/Debug\libethernet_lib_energia.a(lwiplib.o)
                0x00010e0c                lwIPDHCPWaitLeaseValid
 .text.netif_init
                0x00010e54        0xc C:/Users/Gemalto/DEVELOPMENT/CCS_Workspaces/workspace_clp/ethernet_lib_energia/Debug\libethernet_lib_energia.a(netif.o)
                0x00010e54                netif_init
 .text.netif_add
                0x00010e60       0x94 C:/Users/Gemalto/DEVELOPMENT/CCS_Workspaces/workspace_clp/ethernet_lib_energia/Debug\libethernet_lib_energia.a(netif.o)
                0x00010e60                netif_add
 .text.netif_set_addr
                0x00010ef4       0x2c C:/Users/Gemalto/DEVELOPMENT/CCS_Workspaces/workspace_clp/ethernet_lib_energia/Debug\libethernet_lib_energia.a(netif.o)
                0x00010ef4                netif_set_addr
 .text.netif_set_ipaddr
                0x00010f20       0xbc C:/Users/Gemalto/DEVELOPMENT/CCS_Workspaces/workspace_clp/ethernet_lib_energia/Debug\libethernet_lib_energia.a(netif.o)
                0x00010f20                netif_set_ipaddr
 .text.netif_set_gw
                0x00010fdc       0x28 C:/Users/Gemalto/DEVELOPMENT/CCS_Workspaces/workspace_clp/ethernet_lib_energia/Debug\libethernet_lib_energia.a(netif.o)
                0x00010fdc                netif_set_gw
 .text.netif_set_netmask
                0x00011004       0x28 C:/Users/Gemalto/DEVELOPMENT/CCS_Workspaces/workspace_clp/ethernet_lib_energia/Debug\libethernet_lib_energia.a(netif.o)
                0x00011004                netif_set_netmask
 .text.netif_set_default
                0x0001102c       0x1c C:/Users/Gemalto/DEVELOPMENT/CCS_Workspaces/workspace_clp/ethernet_lib_energia/Debug\libethernet_lib_energia.a(netif.o)
                0x0001102c                netif_set_default
 .text.netif_set_up
                0x00011048       0x68 C:/Users/Gemalto/DEVELOPMENT/CCS_Workspaces/workspace_clp/ethernet_lib_energia/Debug\libethernet_lib_energia.a(netif.o)
                0x00011048                netif_set_up
 .text.netif_set_down
                0x000110b0       0x54 C:/Users/Gemalto/DEVELOPMENT/CCS_Workspaces/workspace_clp/ethernet_lib_energia/Debug\libethernet_lib_energia.a(netif.o)
                0x000110b0                netif_set_down
 .text.netif_set_link_up
                0x00011104       0x74 C:/Users/Gemalto/DEVELOPMENT/CCS_Workspaces/workspace_clp/ethernet_lib_energia/Debug\libethernet_lib_energia.a(netif.o)
                0x00011104                netif_set_link_up
 .text.netif_set_link_down
                0x00011178       0x34 C:/Users/Gemalto/DEVELOPMENT/CCS_Workspaces/workspace_clp/ethernet_lib_energia/Debug\libethernet_lib_energia.a(netif.o)
                0x00011178                netif_set_link_down
 .text.pbuf_pool_is_empty
                0x000111ac       0x28 C:/Users/Gemalto/DEVELOPMENT/CCS_Workspaces/workspace_clp/ethernet_lib_energia/Debug\libethernet_lib_energia.a(pbuf.o)
 .text.pbuf_alloc
                0x000111d4      0x1f4 C:/Users/Gemalto/DEVELOPMENT/CCS_Workspaces/workspace_clp/ethernet_lib_energia/Debug\libethernet_lib_energia.a(pbuf.o)
                0x000111d4                pbuf_alloc
 .text.pbuf_realloc
                0x000113c8       0xb0 C:/Users/Gemalto/DEVELOPMENT/CCS_Workspaces/workspace_clp/ethernet_lib_energia/Debug\libethernet_lib_energia.a(pbuf.o)
                0x000113c8                pbuf_realloc
 .text.pbuf_header
                0x00011478       0xe0 C:/Users/Gemalto/DEVELOPMENT/CCS_Workspaces/workspace_clp/ethernet_lib_energia/Debug\libethernet_lib_energia.a(pbuf.o)
                0x00011478                pbuf_header
 .text.pbuf_free
                0x00011558       0x98 C:/Users/Gemalto/DEVELOPMENT/CCS_Workspaces/workspace_clp/ethernet_lib_energia/Debug\libethernet_lib_energia.a(pbuf.o)
                0x00011558                pbuf_free
 .text.pbuf_clen
                0x000115f0       0x30 C:/Users/Gemalto/DEVELOPMENT/CCS_Workspaces/workspace_clp/ethernet_lib_energia/Debug\libethernet_lib_energia.a(pbuf.o)
                0x000115f0                pbuf_clen
 .text.pbuf_ref
                0x00011620       0x30 C:/Users/Gemalto/DEVELOPMENT/CCS_Workspaces/workspace_clp/ethernet_lib_energia/Debug\libethernet_lib_energia.a(pbuf.o)
                0x00011620                pbuf_ref
 .text.pbuf_cat
                0x00011650       0x5c C:/Users/Gemalto/DEVELOPMENT/CCS_Workspaces/workspace_clp/ethernet_lib_energia/Debug\libethernet_lib_energia.a(pbuf.o)
                0x00011650                pbuf_cat
 .text.pbuf_chain
                0x000116ac       0x20 C:/Users/Gemalto/DEVELOPMENT/CCS_Workspaces/workspace_clp/ethernet_lib_energia/Debug\libethernet_lib_energia.a(pbuf.o)
                0x000116ac                pbuf_chain
 .text.pbuf_copy
                0x000116cc      0x110 C:/Users/Gemalto/DEVELOPMENT/CCS_Workspaces/workspace_clp/ethernet_lib_energia/Debug\libethernet_lib_energia.a(pbuf.o)
                0x000116cc                pbuf_copy
 .text.pbuf_copy_partial
                0x000117dc       0xcc C:/Users/Gemalto/DEVELOPMENT/CCS_Workspaces/workspace_clp/ethernet_lib_energia/Debug\libethernet_lib_energia.a(pbuf.o)
                0x000117dc                pbuf_copy_partial
 .text.sys_now  0x000118a8       0x18 C:/Users/Gemalto/DEVELOPMENT/CCS_Workspaces/workspace_clp/ethernet_lib_energia/Debug\libethernet_lib_energia.a(sys_arch.o)
                0x000118a8                sys_now
 .text.sys_arch_protect
                0x000118c0       0x10 C:/Users/Gemalto/DEVELOPMENT/CCS_Workspaces/workspace_clp/ethernet_lib_energia/Debug\libethernet_lib_energia.a(sys_arch.o)
                0x000118c0                sys_arch_protect
 .text.sys_arch_unprotect
                0x000118d0       0x20 C:/Users/Gemalto/DEVELOPMENT/CCS_Workspaces/workspace_clp/ethernet_lib_energia/Debug\libethernet_lib_energia.a(sys_arch.o)
                0x000118d0                sys_arch_unprotect
 .text.tcp_init
                0x000118f0        0xc C:/Users/Gemalto/DEVELOPMENT/CCS_Workspaces/workspace_clp/ethernet_lib_energia/Debug\libethernet_lib_energia.a(tcp.o)
                0x000118f0                tcp_init
 .text.tcp_tmr  0x000118fc       0x2c C:/Users/Gemalto/DEVELOPMENT/CCS_Workspaces/workspace_clp/ethernet_lib_energia/Debug\libethernet_lib_energia.a(tcp.o)
                0x000118fc                tcp_tmr
 .text.tcp_close_shutdown
                0x00011928      0x24c C:/Users/Gemalto/DEVELOPMENT/CCS_Workspaces/workspace_clp/ethernet_lib_energia/Debug\libethernet_lib_energia.a(tcp.o)
 .text.tcp_close
                0x00011b74       0x30 C:/Users/Gemalto/DEVELOPMENT/CCS_Workspaces/workspace_clp/ethernet_lib_energia/Debug\libethernet_lib_energia.a(tcp.o)
                0x00011b74                tcp_close
 .text.tcp_abandon
                0x00011ba4       0xd0 C:/Users/Gemalto/DEVELOPMENT/CCS_Workspaces/workspace_clp/ethernet_lib_energia/Debug\libethernet_lib_energia.a(tcp.o)
                0x00011ba4                tcp_abandon
 .text.tcp_abort
                0x00011c74       0x18 C:/Users/Gemalto/DEVELOPMENT/CCS_Workspaces/workspace_clp/ethernet_lib_energia/Debug\libethernet_lib_energia.a(tcp.o)
                0x00011c74                tcp_abort
 .text.tcp_bind
                0x00011c8c       0xdc C:/Users/Gemalto/DEVELOPMENT/CCS_Workspaces/workspace_clp/ethernet_lib_energia/Debug\libethernet_lib_energia.a(tcp.o)
                0x00011c8c                tcp_bind
 .text.tcp_accept_null
                0x00011d68       0x20 C:/Users/Gemalto/DEVELOPMENT/CCS_Workspaces/workspace_clp/ethernet_lib_energia/Debug\libethernet_lib_energia.a(tcp.o)
 .text.tcp_listen_with_backlog
                0x00011d88      0x114 C:/Users/Gemalto/DEVELOPMENT/CCS_Workspaces/workspace_clp/ethernet_lib_energia/Debug\libethernet_lib_energia.a(tcp.o)
                0x00011d88                tcp_listen_with_backlog
 .text.tcp_update_rcv_ann_wnd
                0x00011e9c       0x80 C:/Users/Gemalto/DEVELOPMENT/CCS_Workspaces/workspace_clp/ethernet_lib_energia/Debug\libethernet_lib_energia.a(tcp.o)
                0x00011e9c                tcp_update_rcv_ann_wnd
 .text.tcp_recved
                0x00011f1c       0x58 C:/Users/Gemalto/DEVELOPMENT/CCS_Workspaces/workspace_clp/ethernet_lib_energia/Debug\libethernet_lib_energia.a(tcp.o)
                0x00011f1c                tcp_recved
 .text.tcp_new_port
                0x00011f74       0x8c C:/Users/Gemalto/DEVELOPMENT/CCS_Workspaces/workspace_clp/ethernet_lib_energia/Debug\libethernet_lib_energia.a(tcp.o)
 .text.tcp_connect
                0x00012000      0x1b8 C:/Users/Gemalto/DEVELOPMENT/CCS_Workspaces/workspace_clp/ethernet_lib_energia/Debug\libethernet_lib_energia.a(tcp.o)
                0x00012000                tcp_connect
 .text.tcp_slowtmr
                0x000121b8      0x46c C:/Users/Gemalto/DEVELOPMENT/CCS_Workspaces/workspace_clp/ethernet_lib_energia/Debug\libethernet_lib_energia.a(tcp.o)
                0x000121b8                tcp_slowtmr
 .text.tcp_fasttmr
                0x00012624       0xc4 C:/Users/Gemalto/DEVELOPMENT/CCS_Workspaces/workspace_clp/ethernet_lib_energia/Debug\libethernet_lib_energia.a(tcp.o)
                0x00012624                tcp_fasttmr
 .text.tcp_process_refused_data
                0x000126e8       0xd0 C:/Users/Gemalto/DEVELOPMENT/CCS_Workspaces/workspace_clp/ethernet_lib_energia/Debug\libethernet_lib_energia.a(tcp.o)
                0x000126e8                tcp_process_refused_data
 .text.tcp_segs_free
                0x000127b8       0x28 C:/Users/Gemalto/DEVELOPMENT/CCS_Workspaces/workspace_clp/ethernet_lib_energia/Debug\libethernet_lib_energia.a(tcp.o)
                0x000127b8                tcp_segs_free
 .text.tcp_seg_free
                0x000127e0       0x30 C:/Users/Gemalto/DEVELOPMENT/CCS_Workspaces/workspace_clp/ethernet_lib_energia/Debug\libethernet_lib_energia.a(tcp.o)
                0x000127e0                tcp_seg_free
 .text.tcp_seg_copy
                0x00012810       0x38 C:/Users/Gemalto/DEVELOPMENT/CCS_Workspaces/workspace_clp/ethernet_lib_energia/Debug\libethernet_lib_energia.a(tcp.o)
                0x00012810                tcp_seg_copy
 .text.tcp_recv_null
                0x00012848       0x48 C:/Users/Gemalto/DEVELOPMENT/CCS_Workspaces/workspace_clp/ethernet_lib_energia/Debug\libethernet_lib_energia.a(tcp.o)
                0x00012848                tcp_recv_null
 .text.tcp_kill_prio
                0x00012890       0x80 C:/Users/Gemalto/DEVELOPMENT/CCS_Workspaces/workspace_clp/ethernet_lib_energia/Debug\libethernet_lib_energia.a(tcp.o)
 .text.tcp_kill_timewait
                0x00012910       0x5c C:/Users/Gemalto/DEVELOPMENT/CCS_Workspaces/workspace_clp/ethernet_lib_energia/Debug\libethernet_lib_energia.a(tcp.o)
 .text.tcp_alloc
                0x0001296c      0x144 C:/Users/Gemalto/DEVELOPMENT/CCS_Workspaces/workspace_clp/ethernet_lib_energia/Debug\libethernet_lib_energia.a(tcp.o)
                0x0001296c                tcp_alloc
 .text.tcp_new  0x00012ab0       0x10 C:/Users/Gemalto/DEVELOPMENT/CCS_Workspaces/workspace_clp/ethernet_lib_energia/Debug\libethernet_lib_energia.a(tcp.o)
                0x00012ab0                tcp_new
 .text.tcp_arg  0x00012ac0       0x1c C:/Users/Gemalto/DEVELOPMENT/CCS_Workspaces/workspace_clp/ethernet_lib_energia/Debug\libethernet_lib_energia.a(tcp.o)
                0x00012ac0                tcp_arg
 .text.tcp_recv
                0x00012adc       0x1c C:/Users/Gemalto/DEVELOPMENT/CCS_Workspaces/workspace_clp/ethernet_lib_energia/Debug\libethernet_lib_energia.a(tcp.o)
                0x00012adc                tcp_recv
 .text.tcp_sent
                0x00012af8       0x1c C:/Users/Gemalto/DEVELOPMENT/CCS_Workspaces/workspace_clp/ethernet_lib_energia/Debug\libethernet_lib_energia.a(tcp.o)
                0x00012af8                tcp_sent
 .text.tcp_err  0x00012b14       0x1c C:/Users/Gemalto/DEVELOPMENT/CCS_Workspaces/workspace_clp/ethernet_lib_energia/Debug\libethernet_lib_energia.a(tcp.o)
                0x00012b14                tcp_err
 .text.tcp_accept
                0x00012b30       0x1c C:/Users/Gemalto/DEVELOPMENT/CCS_Workspaces/workspace_clp/ethernet_lib_energia/Debug\libethernet_lib_energia.a(tcp.o)
                0x00012b30                tcp_accept
 .text.tcp_poll
                0x00012b4c       0x28 C:/Users/Gemalto/DEVELOPMENT/CCS_Workspaces/workspace_clp/ethernet_lib_energia/Debug\libethernet_lib_energia.a(tcp.o)
                0x00012b4c                tcp_poll
 .text.tcp_pcb_purge
                0x00012b74       0x80 C:/Users/Gemalto/DEVELOPMENT/CCS_Workspaces/workspace_clp/ethernet_lib_energia/Debug\libethernet_lib_energia.a(tcp.o)
                0x00012b74                tcp_pcb_purge
 .text.tcp_pcb_remove
                0x00012bf4       0xa0 C:/Users/Gemalto/DEVELOPMENT/CCS_Workspaces/workspace_clp/ethernet_lib_energia/Debug\libethernet_lib_energia.a(tcp.o)
                0x00012bf4                tcp_pcb_remove
 .text.tcp_next_iss
                0x00012c94       0x28 C:/Users/Gemalto/DEVELOPMENT/CCS_Workspaces/workspace_clp/ethernet_lib_energia/Debug\libethernet_lib_energia.a(tcp.o)
                0x00012c94                tcp_next_iss
 .text.tcp_eff_send_mss
                0x00012cbc       0x40 C:/Users/Gemalto/DEVELOPMENT/CCS_Workspaces/workspace_clp/ethernet_lib_energia/Debug\libethernet_lib_energia.a(tcp.o)
                0x00012cbc                tcp_eff_send_mss
 .text.tcp_output_alloc_header
                0x00012cfc       0xd0 C:/Users/Gemalto/DEVELOPMENT/CCS_Workspaces/workspace_clp/ethernet_lib_energia/Debug\libethernet_lib_energia.a(tcp_out.o)
 .text.tcp_send_fin
                0x00012dcc       0x80 C:/Users/Gemalto/DEVELOPMENT/CCS_Workspaces/workspace_clp/ethernet_lib_energia/Debug\libethernet_lib_energia.a(tcp_out.o)
                0x00012dcc                tcp_send_fin
 .text.tcp_create_segment
                0x00012e4c      0x114 C:/Users/Gemalto/DEVELOPMENT/CCS_Workspaces/workspace_clp/ethernet_lib_energia/Debug\libethernet_lib_energia.a(tcp_out.o)
 .text.tcp_pbuf_prealloc
                0x00012f60       0xa4 C:/Users/Gemalto/DEVELOPMENT/CCS_Workspaces/workspace_clp/ethernet_lib_energia/Debug\libethernet_lib_energia.a(tcp_out.o)
 .text.tcp_write_checks
                0x00013004       0xa4 C:/Users/Gemalto/DEVELOPMENT/CCS_Workspaces/workspace_clp/ethernet_lib_energia/Debug\libethernet_lib_energia.a(tcp_out.o)
 .text.tcp_write
                0x000130a8      0x448 C:/Users/Gemalto/DEVELOPMENT/CCS_Workspaces/workspace_clp/ethernet_lib_energia/Debug\libethernet_lib_energia.a(tcp_out.o)
                0x000130a8                tcp_write
 .text.tcp_enqueue_flags
                0x000134f0      0x1b8 C:/Users/Gemalto/DEVELOPMENT/CCS_Workspaces/workspace_clp/ethernet_lib_energia/Debug\libethernet_lib_energia.a(tcp_out.o)
                0x000134f0                tcp_enqueue_flags
 .text.tcp_send_empty_ack
                0x000136a8       0x74 C:/Users/Gemalto/DEVELOPMENT/CCS_Workspaces/workspace_clp/ethernet_lib_energia/Debug\libethernet_lib_energia.a(tcp_out.o)
                0x000136a8                tcp_send_empty_ack
 .text.tcp_output