Archive member included because of file (symbol)

C:/Users/Gemalto/DEVELOPMENT/CCS_Workspaces/workspace_clp/core_lib_energia/Debug\libcore_lib_energia.a(HardwareSerial.o)
                              ./fit/hwdep/tm4c1294xl_energia/fit_uart.o (HardwareSerial::begin(unsigned long))
C:/Users/Gemalto/DEVELOPMENT/CCS_Workspaces/workspace_clp/core_lib_energia/Debug\libcore_lib_energia.a(IPAddress.o)
                              ./fit_web_sample.o (vtable for IPAddress)
C:/Users/Gemalto/DEVELOPMENT/CCS_Workspaces/workspace_clp/core_lib_energia/Debug\libcore_lib_energia.a(Print.o)
                              C:/Users/Gemalto/DEVELOPMENT/CCS_Workspaces/workspace_clp/core_lib_energia/Debug\libcore_lib_energia.a(HardwareSerial.o) (Print::write(unsigned char const*, unsigned int))
C:/Users/Gemalto/DEVELOPMENT/CCS_Workspaces/workspace_clp/core_lib_energia/Debug\libcore_lib_energia.a(WString.o)
                              ./www.o (String::String(char const*))
C:/Users/Gemalto/DEVELOPMENT/CCS_Workspaces/workspace_clp/core_lib_energia/Debug\libcore_lib_energia.a(dtostrf.o)
                              C:/Users/Gemalto/DEVELOPMENT/CCS_Workspaces/workspace_clp/core_lib_energia/Debug\libcore_lib_energia.a(WString.o) (dtostrf)
C:/Users/Gemalto/DEVELOPMENT/CCS_Workspaces/workspace_clp/core_lib_energia/Debug\libcore_lib_energia.a(eeprom.o)
                              ./fit_web_sample.o (EEPROMSizeGet)
C:/Users/Gemalto/DEVELOPMENT/CCS_Workspaces/workspace_clp/core_lib_energia/Debug\libcore_lib_energia.a(gpio.o)
                              ./fit_web_sample.o (GPIOPinWrite)
C:/Users/Gemalto/DEVELOPMENT/CCS_Workspaces/workspace_clp/core_lib_energia/Debug\libcore_lib_energia.a(interrupt.o)
                              C:/Users/Gemalto/DEVELOPMENT/CCS_Workspaces/workspace_clp/core_lib_energia/Debug\libcore_lib_energia.a(gpio.o) (IntRegister)
C:/Users/Gemalto/DEVELOPMENT/CCS_Workspaces/workspace_clp/core_lib_energia/Debug\libcore_lib_energia.a(itoa.o)
                              C:/Users/Gemalto/DEVELOPMENT/CCS_Workspaces/workspace_clp/core_lib_energia/Debug\libcore_lib_energia.a(WString.o) (itoa)
C:/Users/Gemalto/DEVELOPMENT/CCS_Workspaces/workspace_clp/core_lib_energia/Debug\libcore_lib_energia.a(new.o)
                              ./fit_web_sample.o (__cxa_pure_virtual)
C:/Users/Gemalto/DEVELOPMENT/CCS_Workspaces/workspace_clp/core_lib_energia/Debug\libcore_lib_energia.a(sysctl.o)
                              ./fit_web_sample.o (SysCtlPeripheralReady)
C:/Users/Gemalto/DEVELOPMENT/CCS_Workspaces/workspace_clp/core_lib_energia/Debug\libcore_lib_energia.a(wiring.o)
                              ./www.o (millis)
C:/Users/Gemalto/DEVELOPMENT/CCS_Workspaces/workspace_clp/core_lib_energia/Debug\libcore_lib_energia.a(wiring_digital.o)
                              ./fit/hwdep/tm4c1294xl_energia/fit_led.o (pinMode)
C:/Users/Gemalto/DEVELOPMENT/CCS_Workspaces/workspace_clp/core_lib_energia/Debug\libcore_lib_energia.a(cpu.o)
                              C:/Users/Gemalto/DEVELOPMENT/CCS_Workspaces/workspace_clp/core_lib_energia/Debug\libcore_lib_energia.a(interrupt.o) (CPUcpsid)
C:/Users/Gemalto/DEVELOPMENT/CCS_Workspaces/workspace_clp/ethernet_lib_energia/Debug\libethernet_lib_energia.a(Ethernet.o)
                              ./fit_web_sample.o (EthernetClass::begin(unsigned char*, IPAddress, IPAddress, IPAddress, IPAddress))
C:/Users/Gemalto/DEVELOPMENT/CCS_Workspaces/workspace_clp/ethernet_lib_energia/Debug\libethernet_lib_energia.a(EthernetClient.o)
                              ./www.o (EthernetClient::EthernetClient())
C:/Users/Gemalto/DEVELOPMENT/CCS_Workspaces/workspace_clp/ethernet_lib_energia/Debug\libethernet_lib_energia.a(EthernetServer.o)
                              ./www.o (EthernetServer::EthernetServer(unsigned short))
C:/Users/Gemalto/DEVELOPMENT/CCS_Workspaces/workspace_clp/ethernet_lib_energia/Debug\libethernet_lib_energia.a(def.o)
                              C:/Users/Gemalto/DEVELOPMENT/CCS_Workspaces/workspace_clp/ethernet_lib_energia/Debug\libethernet_lib_energia.a(Ethernet.o) (lwip_htonl)
C:/Users/Gemalto/DEVELOPMENT/CCS_Workspaces/workspace_clp/ethernet_lib_energia/Debug\libethernet_lib_energia.a(dns.o)
                              C:/Users/Gemalto/DEVELOPMENT/CCS_Workspaces/workspace_clp/ethernet_lib_energia/Debug\libethernet_lib_energia.a(EthernetClient.o) (dns_gethostbyname)
C:/Users/Gemalto/DEVELOPMENT/CCS_Workspaces/workspace_clp/ethernet_lib_energia/Debug\libethernet_lib_energia.a(ip_addr.o)
                              C:/Users/Gemalto/DEVELOPMENT/CCS_Workspaces/workspace_clp/ethernet_lib_energia/Debug\libethernet_lib_energia.a(EthernetServer.o) (ip_addr_any)
C:/Users/Gemalto/DEVELOPMENT/CCS_Workspaces/workspace_clp/ethernet_lib_energia/Debug\libethernet_lib_energia.a(lwiplib.o)
                              C:/Users/Gemalto/DEVELOPMENT/CCS_Workspaces/workspace_clp/ethernet_lib_energia/Debug\libethernet_lib_energia.a(Ethernet.o) (lwIPInit)
[...]
Memory Configuration

Name             Origin             Length             Attributes
flash            0x00000000         0x00100000         xr
ram              0x20000000         0x00040000         xrw
*default*        0x00000000         0xffffffff

Linker script and memory map

LOAD ./fit_demo_getinfo.o
LOAD ./fit_web_sample.o
LOAD ./util.o
LOAD ./www.o
LOAD ./fit/src/fit_abreast_dm.o
LOAD ./fit/src/fit_aes.o
LOAD ./fit/src/fit_alloc.o
LOAD ./fit/src/fit_consume.o
LOAD ./fit/src/fit_debug.o
LOAD ./fit/src/fit_dm_hash.o
LOAD ./fit/src/fit_get_info.o
LOAD ./fit/src/fit_internal.o
LOAD ./fit/src/fit_krypto.o
LOAD ./fit/src/fit_mem_read.o
LOAD ./fit/src/fit_node_locking.o
LOAD ./fit/src/fit_omac.o
LOAD ./fit/src/fit_parser.o
LOAD ./fit/src/fit_rsa.o
LOAD ./fit/src/fit_validate.o
LOAD ./fit/src/fit_version.o
LOAD ./fit/mbedtls-2.2.1/library/asn1parse.o
LOAD ./fit/mbedtls-2.2.1/library/base64.o
LOAD ./fit/mbedtls-2.2.1/library/bignum.o
LOAD ./fit/mbedtls-2.2.1/library/md.o
LOAD ./fit/mbedtls-2.2.1/library/md5.o
LOAD ./fit/mbedtls-2.2.1/library/md_wrap.o
LOAD ./fit/mbedtls-2.2.1/library/oid.o
LOAD ./fit/mbedtls-2.2.1/library/pem.o
LOAD ./fit/mbedtls-2.2.1/library/pk.o
LOAD ./fit/mbedtls-2.2.1/library/pk_wrap.o
LOAD ./fit/mbedtls-2.2.1/library/pkparse.o
LOAD ./fit/mbedtls-2.2.1/library/rsa.o
LOAD ./fit/mbedtls-2.2.1/library/sha256.o
LOAD ./fit/hwdep/tm4c1294xl_energia/fit_board_setup.o
LOAD ./fit/hwdep/tm4c1294xl_energia/fit_eeprom_mem.o
LOAD ./fit/hwdep/tm4c1294xl_energia/fit_fingerprint.o
LOAD ./fit/hwdep/tm4c1294xl_energia/fit_flash_mem.o
LOAD ./fit/hwdep/tm4c1294xl_energia/fit_get_time.o
LOAD ./fit/hwdep/tm4c1294xl_energia/fit_led.o
LOAD ./fit/hwdep/tm4c1294xl_energia/fit_memory.o
LOAD ./fit/hwdep/tm4c1294xl_energia/fit_uart.o

.text           0x00000000    0x28988
                0x00000000                . = ALIGN (0x4)
                0x00000000                _text = .
 *(.isr_vector)
 .isr_vector    0x00000000      0x200 C:/Users/Gemalto/DEVELOPMENT/CCS_Workspaces/workspace_clp/core_lib_energia/Debug\libcore_lib_energia.a(startup_gcc.o)
                0x00000000                g_pfnVectors
 *(.text .text* .gnu.linkonce.t.*)
 .text.packet_malloc
                0x00000200       0x20 ./fit_demo_getinfo.o
 .text.fit_getlicensedata_cb
                0x00000220      0x630 ./fit_demo_getinfo.o
                0x00000220                fit_getlicensedata_cb
 .text.freelicensedata
                0x00000850       0xa4 ./fit_demo_getinfo.o
 .text.printlicensedata
                0x000008f4       0xa4 ./fit_demo_getinfo.o
 .text.write_get_info_buffer
                0x00000998       0x5c ./fit_demo_getinfo.o
                0x00000998                write_get_info_buffer
 .text.fit_testgetinfodata_json
                0x000009f4      0x4e8 ./fit_demo_getinfo.o
                0x000009f4                fit_testgetinfodata_json
 .text._ZN9PrintableC2ERKS_
                0x00000edc       0x24 ./fit_web_sample.o
                0x00000edc                Printable::Printable(Printable const&)
                0x00000edc                Printable::Printable(Printable const&)
 .text._ZN9IPAddressC2ERKS_
                0x00000f00       0x34 ./fit_web_sample.o
                0x00000f00                IPAddress::IPAddress(IPAddress const&)
                0x00000f00                IPAddress::IPAddress(IPAddress const&)
 .text.set_key_array
                0x00000f34      0x10c ./fit_web_sample.o
                0x00000f34                set_key_array
 .text.do_consume_license
                0x00001040       0x7c ./fit_web_sample.o
                0x00001040                do_consume_license
 .text._Z17printEthernetDatav
                0x000010bc      0x148 ./fit_web_sample.o
                0x000010bc                printEthernetData()
 .text.setup    0x00001204      0x138 ./fit_web_sample.o
                0x00001204                setup
 .text.loop     0x0000133c        0xc ./fit_web_sample.o
                0x0000133c                loop
 .text._Z41__static_initialization_and_destruction_0ii
                0x00001348       0x5c ./fit_web_sample.o
 .text._GLOBAL__sub_I_my_ip
                0x000013a4       0x10 ./fit_web_sample.o
 .text._ZN9IPAddressixEi
                0x000013b4       0x20 ./util.o
                0x000013b4                IPAddress::operator[](int)
 .text._Z15get_mac_addressPc
                0x000013d4       0x6c ./util.o
                0x000013d4                get_mac_address(char*)
 .text._Z5iptoa9IPAddressPc
                0x00001440       0x60 ./util.o
                0x00001440                iptoa(IPAddress, char*)
 .text._Z5atoipPc
                0x000014a0       0xe0 ./util.o
                0x000014a0                atoip(char*)
 .text._Z2prPKcz
                0x00001580       0x80 ./util.o
                0x00001580                pr(char const*, ...)
 .text._Z6read_0PKh
                0x00001600       0x18 ./util.o
                0x00001600                read_0(unsigned char const*)
 .text._Z14set_fit_ptr_eeP11fit_pointermm
                0x00001618       0xa8 ./util.o
                0x00001618                set_fit_ptr_ee(fit_pointer*, unsigned long, unsigned long)
 .text._Z15set_fit_ptr_ramP11fit_pointerPhm
                0x000016c0       0x30 ./util.o
                0x000016c0                set_fit_ptr_ram(fit_pointer*, unsigned char*, unsigned long)
 .text._Z13blob_write_eemmPcm
                0x000016f0       0xcc ./util.o
                0x000016f0                blob_write_ee(unsigned long, unsigned long, char*, unsigned long)
 .text._Z41__static_initialization_and_destruction_0ii
                0x000017bc       0x5c ./util.o
 .text._GLOBAL__sub_I__Z4trimPc
                0x00001818       0x10 ./util.o
 .text._ZN6StringpLEc
                0x00001828       0x20 ./www.o
                0x00001828                String::operator+=(char)
 .text._ZNK6String5c_strEv
                0x00001848       0x18 ./www.o
                0x00001848                String::c_str() const
 .text._Z8print404v
                0x00001860       0x18 ./www.o
                0x00001860                print404()
 .text._Z17print_end_of_pagev
                0x00001878       0x18 ./www.o
                0x00001878                print_end_of_page()
 .text._Z15print_200_plainv
                0x00001890       0x18 ./www.o
                0x00001890                print_200_plain()
 .text._Z15print_http_headi
                0x000018a8       0x54 ./www.o
                0x000018a8                print_http_head(int)
 .text._Z16print_http_titlev
                0x000018fc       0x18 ./www.o
                0x000018fc                print_http_title()
 .text._Z27validation_cache_invalidatev
                0x00001914       0x20 ./www.o
                0x00001914                validation_cache_invalidate()
 .text._Z19validate_license_eev
                0x00001934       0xbc ./www.o
                0x00001934                validate_license_ee()
 .text._Z23validate_license_ee_newv
                0x000019f0       0x14 ./www.o
                0x000019f0                validate_license_ee_new()
 .text._Z18print_getinfo_jsonv
                0x00001a04      0x128 ./www.o
                0x00001a04                print_getinfo_json()
 .text._Z13print_getinfov
                0x00001b2c      0x2d8 ./www.o
                0x00001b2c                print_getinfo()
 .text._Z19get_xml_fingerprintPcj
                0x00001e04      0x12c ./www.o
                0x00001e04                get_xml_fingerprint(char*, unsigned int)
 .text._Z17print_fingerprintv
                0x00001f30       0xf4 ./www.o
                0x00001f30                print_fingerprint()
 .text._Z6do_cmdPcS_
                0x00002024      0x200 ./www.o
                0x00002024                do_cmd(char*, char*)
 .text._Z7get_setPKc
                0x00002224       0xd0 ./www.o
                0x00002224                get_set(char const*)
 .text._Z11get_consumePKc
                0x000022f4       0xd0 ./www.o
                0x000022f4                get_consume(char const*)
 .text._Z9ledtogglei
                0x000023c4      0x164 ./www.o
                0x000023c4                ledtoggle(int)
 .text._Z18fit_ptr_dump_www_8P11fit_pointer
                0x00002528       0xcc ./www.o
                0x00002528                fit_ptr_dump_www_8(fit_pointer*)
 .text._Z16fit_ptr_dump_wwwP11fit_pointerPKc
                0x000025f4      0x1cc ./www.o
                0x000025f4                fit_ptr_dump_www(fit_pointer*, char const*)
 .text._Z17dump_v2c_and_keysv
                0x000027c0       0x68 ./www.o
                0x000027c0                dump_v2c_and_keys()
 .text._Z22dump_v2c_and_keys_htmlv
                0x00002828       0xb0 ./www.o
                0x00002828                dump_v2c_and_keys_html()
 .text._Z8get_logov
                0x000028d8       0x40 ./www.o
                0x000028d8                get_logo()
 .text._Z19get_html_fit_statusPci15fit_error_codes
                0x00002918       0x60 ./www.o
                0x00002918                get_html_fit_status(char*, int, fit_error_codes)
 .text._Z10pr_www_diviPKc
                0x00002978       0x58 ./www.o
                0x00002978                pr_www_div(int, char const*)
 .text._Z16validate_rsa_keyPci
                0x000029d0       0x6c ./www.o
                0x000029d0                validate_rsa_key(char*, int)
 .text._Z9post_fileh
                0x00002a3c      0x770 ./www.o
                0x00002a3c                post_file(unsigned char)
 .text._Z8erase_eev
                0x000031ac       0xd8 ./www.o
                0x000031ac                erase_ee()
 .text._ZN5PrintaSERKS_
                0x00003284       0x20 ./www.o
                0x00003284                Print::operator=(Print const&)
 .text._ZN6StreamaSERKS_
                0x000032a4       0x30 ./www.o
                0x000032a4                Stream::operator=(Stream const&)
 .text._ZN6ClientaSERKS_
                0x000032d4       0x20 ./www.o
                0x000032d4                Client::operator=(Client const&)
 .text._ZN14EthernetClientaSERKS_
                0x000032f4       0x48 ./www.o
                0x000032f4                EthernetClient::operator=(EthernetClient const&)
 .text._Z6do_wwwv
                0x0000333c      0x578 ./www.o
                0x0000333c                do_www()
 .text._Z15www_server_initv
                0x000038b4       0x10 ./www.o
                0x000038b4                www_server_init()
 .text._Z41__static_initialization_and_destruction_0ii
                0x000038c4       0x74 ./www.o
 .text._GLOBAL__sub_I_www
                0x00003938       0x10 ./www.o
 .text.fit_aes256_abreastdm_init
                0x00003948       0x18 ./fit/src/fit_abreast_dm.o
 .text.fit_aes_km_load256
                0x00003960       0x30 ./fit/src/fit_abreast_dm.o
 .text.fit_aes_ecb_encrypt
                0x00003990       0xe0 ./fit/src/fit_abreast_dm.o
 .text.fit_aes256_abreastdm_update_blk
                0x00003a70      0x154 ./fit/src/fit_abreast_dm.o
 .text.fit_aes256_abreastdm_finalize
                0x00003bc4       0xb8 ./fit/src/fit_abreast_dm.o
 .text.fit_get_abreastdm_hash
                0x00003c7c      0x100 ./fit/src/fit_abreast_dm.o
                0x00003c7c                fit_get_abreastdm_hash
 .text.get_sbox_value
                0x00003d7c       0x20 ./fit/src/fit_aes.o
 .text.get_Rcon_value
                0x00003d9c       0x20 ./fit/src/fit_aes.o
 .text.fit_aes_setup
                0x00003dbc      0x2b0 ./fit/src/fit_aes.o
                0x00003dbc                fit_aes_setup
 .text.add_round_key
                0x0000406c       0x80 ./fit/src/fit_aes.o
                0x0000406c                add_round_key
 .text.sub_bytes
                0x000040ec       0x64 ./fit/src/fit_aes.o
                0x000040ec                sub_bytes
 .text.fit_shift_rows
                0x00004150       0xa0 ./fit/src/fit_aes.o
                0x00004150                fit_shift_rows
 .text.xtime    0x000041f0       0x3c ./fit/src/fit_aes.o
 .text.fit_mix_columns
                0x0000422c      0x1a4 ./fit/src/fit_aes.o
                0x0000422c                fit_mix_columns
 .text.encrypt  0x000043d0       0x74 ./fit/src/fit_aes.o
 .text.fit_block_copy
                0x00004444       0x3c ./fit/src/fit_aes.o
                0x00004444                fit_block_copy
 .text.fit_aes_encrypt
                0x00004480       0x2c ./fit/src/fit_aes.o
                0x00004480                fit_aes_encrypt
 .text.fit_calloc
                0x000044ac       0x20 ./fit/src/fit_alloc.o
                0x000044ac                fit_calloc
 .text.fit_free
                0x000044cc       0x14 ./fit/src/fit_alloc.o
                0x000044cc                fit_free
 .text.fit_find_feature_id
                0x000044e0       0xbc ./fit/src/fit_consume.o
                0x000044e0                fit_find_feature_id
 .text.fit_getunixtime
                0x0000459c       0x20 ./fit/src/fit_consume.o
                0x0000459c                fit_getunixtime
 .text.fit_get_license_sign_algid
                0x000045bc       0xa8 ./fit/src/fit_consume.o
                0x000045bc                fit_get_license_sign_algid
 .text.fit_get_lic_prop_data
                0x00004664      0x1c4 ./fit/src/fit_consume.o
 .text.fit_licenf_consume_license
                0x00004828      0x18c ./fit/src/fit_consume.o
                0x00004828                fit_licenf_consume_license
 .text.fit_putc
                0x000049b4       0x24 ./fit/src/fit_debug.o
                0x000049b4                fit_putc
 .text.fit_get_error_str
                0x000049d8      0x280 ./fit/src/fit_debug.o
                0x000049d8                fit_get_error_str
 .text.fit_dm_hash_init
                0x00004c58      0x128 ./fit/src/fit_dm_hash.o
                0x00004c58                fit_dm_hash_init
 .text.fit_davies_meyer_hash
                0x00004d80      0x398 ./fit/src/fit_dm_hash.o
                0x00004d80                fit_davies_meyer_hash
 .text.fit_licenf_get_info
                0x00005118       0x6c ./fit/src/fit_get_info.o
                0x00005118                fit_licenf_get_info
 .text.fit_get_key_data_from_keys
                0x00005184       0xf4 ./fit/src/fit_internal.o
                0x00005184                fit_get_key_data_from_keys
 .text.fit_verify_license
                0x00005278       0xc8 ./fit/src/fit_internal.o
                0x00005278                fit_verify_license
 .text.fitptr_memcpy
                0x00005340       0x44 ./fit/src/fit_internal.o
                0x00005340                fitptr_memcpy
 .text.read_word
                0x00005384       0x3c ./fit/src/fit_mem_read.o
                0x00005384                read_word
 .text.read_dword
                0x000053c0       0x60 ./fit/src/fit_mem_read.o
                0x000053c0                read_dword
 .text.fit_read_ram_u8
                0x00005420       0x18 ./fit/src/fit_mem_read.o
                0x00005420                fit_read_ram_u8
 .text.fit_validate_fp_data
                0x00005438      0x148 ./fit/src/fit_node_locking.o
                0x00005438                fit_validate_fp_data
 .text.fit_get_fingerprint
                0x00005580       0x70 ./fit/src/fit_node_locking.o
                0x00005580                fit_get_fingerprint
 .text.fit_get_device_fpblob
                0x000055f0      0x120 ./fit/src/fit_node_locking.o
                0x000055f0                fit_get_device_fpblob
 .text.done     0x00005710       0x14 ./fit/src/fit_omac.o
                0x00005710                done
 .text.fit_omac_init
                0x00005724      0x1b8 ./fit/src/fit_omac.o
 .text.fit_omac_process
                0x000058dc      0x134 ./fit/src/fit_omac.o
 .text.fit_omac_done
                0x00005a10      0x134 ./fit/src/fit_omac.o
 .text.fit_omac_memory
                0x00005b44       0xc0 ./fit/src/fit_omac.o
                0x00005b44                fit_omac_memory
 .text.fit_validate_omac_signature
                0x00005c04      0x17c ./fit/src/fit_omac.o
                0x00005c04                fit_validate_omac_signature
 .text.fit_parse_object
                0x00005d80      0x1c8 ./fit/src/fit_parser.o
                0x00005d80                fit_parse_object
 .text.fit_parse_data
                0x00005f48      0x174 ./fit/src/fit_parser.o
 .text.fit_parse_array
                0x000060bc       0xc4 ./fit/src/fit_parser.o
                0x000060bc                fit_parse_array
 .text.get_field_type
                0x00006180       0x44 ./fit/src/fit_parser.o
                0x00006180                get_field_type
 .text.get_tag_id
                0x000061c4       0x44 ./fit/src/fit_parser.o
 .text.fit_parse_field_data
                0x00006208      0x200 ./fit/src/fit_parser.o
 .text.fit_get_data_address
                0x00006408       0x58 ./fit/src/fit_parser.o
 .text.parsercallbacks
                0x00006460      0x104 ./fit/src/fit_parser.o
 .text.fit_validate_rsa_signature
                0x00006564      0x118 ./fit/src/fit_rsa.o
                0x00006564                fit_validate_rsa_signature
 .text.fit_verify_rsa_signature
                0x0000667c      0x130 ./fit/src/fit_rsa.o
                0x0000667c                fit_verify_rsa_signature
 .text.fit_lic_do_rsa_verification
                0x000067ac      0x1d8 ./fit/src/fit_rsa.o
                0x000067ac                fit_lic_do_rsa_verification
 .text.fit_licenf_validate_license
                0x00006984       0x40 ./fit/src/fit_validate.o
                0x00006984                fit_licenf_validate_license
 .text.mbedtls_zeroize
                0x000069c4       0x30 ./fit/mbedtls-2.2.1/library/asn1parse.o
 .text.mbedtls_asn1_get_len
                0x000069f4      0x184 ./fit/mbedtls-2.2.1/library/asn1parse.o
                0x000069f4                mbedtls_asn1_get_len
 .text.mbedtls_asn1_get_tag
                0x00006b78       0x54 ./fit/mbedtls-2.2.1/library/asn1parse.o
                0x00006b78                mbedtls_asn1_get_tag
 .text.mbedtls_asn1_get_mpi
                0x00006bcc       0x50 ./fit/mbedtls-2.2.1/library/asn1parse.o
                0x00006bcc                mbedtls_asn1_get_mpi
 .text.mbedtls_asn1_get_bitstring_null
                0x00006c1c       0x54 ./fit/mbedtls-2.2.1/library/asn1parse.o
                0x00006c1c                mbedtls_asn1_get_bitstring_null
 .text.mbedtls_asn1_get_alg
                0x00006c70       0xfc ./fit/mbedtls-2.2.1/library/asn1parse.o
                0x00006c70                mbedtls_asn1_get_alg
 .text.mbedtls_base64_encode
                0x00006d6c      0x1e4 ./fit/mbedtls-2.2.1/library/base64.o
                0x00006d6c                mbedtls_base64_encode
 .text.mbedtls_base64_decode
                0x00006f50      0x220 ./fit/mbedtls-2.2.1/library/base64.o
                0x00006f50                mbedtls_base64_decode
 .text.mbedtls_zeroize
                0x00007170       0x30 ./fit/mbedtls-2.2.1/library/bignum.o
 .text.mbedtls_mpi_init
                0x000071a0       0x2c ./fit/mbedtls-2.2.1/library/bignum.o
                0x000071a0                mbedtls_mpi_init
 .text.mbedtls_mpi_free
                0x000071cc       0x4c ./fit/mbedtls-2.2.1/library/bignum.o
                0x000071cc                mbedtls_mpi_free
 .text.mbedtls_mpi_grow
                0x00007218       0x8c ./fit/mbedtls-2.2.1/library/bignum.o
                0x00007218                mbedtls_mpi_grow
 .text.mbedtls_mpi_copy
                0x000072a4       0xa4 ./fit/mbedtls-2.2.1/library/bignum.o
                0x000072a4                mbedtls_mpi_copy
 .text.mbedtls_mpi_lset
                0x00007348       0x5c ./fit/mbedtls-2.2.1/library/bignum.o
                0x00007348                mbedtls_mpi_lset
 .text.mbedtls_mpi_lsb
                0x000073a4       0x68 ./fit/mbedtls-2.2.1/library/bignum.o
                0x000073a4                mbedtls_mpi_lsb
 .text.mbedtls_clz
                0x0000740c       0x40 ./fit/mbedtls-2.2.1/library/bignum.o
 .text.mbedtls_mpi_bitlen
                0x0000744c       0x68 ./fit/mbedtls-2.2.1/library/bignum.o
                0x0000744c                mbedtls_mpi_bitlen
 .text.mbedtls_mpi_size
                0x000074b4       0x1c ./fit/mbedtls-2.2.1/library/bignum.o
                0x000074b4                mbedtls_mpi_size
 .text.mbedtls_mpi_read_binary
                0x000074d0       0xcc ./fit/mbedtls-2.2.1/library/bignum.o
                0x000074d0                mbedtls_mpi_read_binary
 .text.mbedtls_mpi_write_binary
                0x0000759c       0x7c ./fit/mbedtls-2.2.1/library/bignum.o
                0x0000759c                mbedtls_mpi_write_binary
 .text.mbedtls_mpi_shift_l
                0x00007618      0x144 ./fit/mbedtls-2.2.1/library/bignum.o
                0x00007618                mbedtls_mpi_shift_l
 .text.mbedtls_mpi_shift_r
                0x0000775c      0x134 ./fit/mbedtls-2.2.1/library/bignum.o
                0x0000775c                mbedtls_mpi_shift_r
 .text.mbedtls_mpi_cmp_abs
                0x00007890      0x104 ./fit/mbedtls-2.2.1/library/bignum.o
                0x00007890                mbedtls_mpi_cmp_abs
 .text.mbedtls_mpi_cmp_mpi
                0x00007994      0x134 ./fit/mbedtls-2.2.1/library/bignum.o
                0x00007994                mbedtls_mpi_cmp_mpi
 .text.mbedtls_mpi_cmp_int
                0x00007ac8       0x44 ./fit/mbedtls-2.2.1/library/bignum.o
                0x00007ac8                mbedtls_mpi_cmp_int
 .text.mbedtls_mpi_add_abs
                0x00007b0c      0x15c ./fit/mbedtls-2.2.1/library/bignum.o
                0x00007b0c                mbedtls_mpi_add_abs
 .text.mpi_sub_hlp
                0x00007c68       0xb8 ./fit/mbedtls-2.2.1/library/bignum.o
 .text.mbedtls_mpi_sub_abs
                0x00007d20       0xc4 ./fit/mbedtls-2.2.1/library/bignum.o
                0x00007d20                mbedtls_mpi_sub_abs
 .text.mbedtls_mpi_add_mpi
                0x00007de4       0x90 ./fit/mbedtls-2.2.1/library/bignum.o
                0x00007de4                mbedtls_mpi_add_mpi
 .text.mbedtls_mpi_sub_mpi
                0x00007e74       0x90 ./fit/mbedtls-2.2.1/library/bignum.o
                0x00007e74                mbedtls_mpi_sub_mpi
 .text.mpi_mul_hlp
                0x00007f04     0x1404 ./fit/mbedtls-2.2.1/library/bignum.o
 .text.mbedtls_mpi_mul_mpi
                0x00009308      0x15c ./fit/mbedtls-2.2.1/library/bignum.o
                0x00009308                mbedtls_mpi_mul_mpi
 .text.mbedtls_mpi_mul_int
                0x00009464       0x38 ./fit/mbedtls-2.2.1/library/bignum.o
                0x00009464                mbedtls_mpi_mul_int
 .text.mbedtls_int_div_int
                0x0000949c       0xa8 ./fit/mbedtls-2.2.1/library/bignum.o
 .text.mbedtls_mpi_div_mpi
                0x00009544      0x564 ./fit/mbedtls-2.2.1/library/bignum.o
                0x00009544                mbedtls_mpi_div_mpi
 .text.mbedtls_mpi_mod_mpi
                0x00009aa8       0x88 ./fit/mbedtls-2.2.1/library/bignum.o
                0x00009aa8                mbedtls_mpi_mod_mpi
 .text.mpi_montg_init
                0x00009b30       0x60 ./fit/mbedtls-2.2.1/library/bignum.o
 .text.mpi_montmul
                0x00009b90      0x100 ./fit/mbedtls-2.2.1/library/bignum.o
 .text.mpi_montred
                0x00009c90       0x3c ./fit/mbedtls-2.2.1/library/bignum.o
 .text.mbedtls_mpi_exp_mod
                0x00009ccc      0x754 ./fit/mbedtls-2.2.1/library/bignum.o
                0x00009ccc                mbedtls_mpi_exp_mod
 .text.mbedtls_mpi_gcd
                0x0000a420      0x1dc ./fit/mbedtls-2.2.1/library/bignum.o
                0x0000a420                mbedtls_mpi_gcd
 .text.mbedtls_mpi_fill_random
                0x0000a5fc       0x84 ./fit/mbedtls-2.2.1/library/bignum.o
                0x0000a5fc                mbedtls_mpi_fill_random
 .text.mbedtls_mpi_inv_mod
                0x0000a680      0x478 ./fit/mbedtls-2.2.1/library/bignum.o
                0x0000a680                mbedtls_mpi_inv_mod
 .text.mbedtls_md_info_from_type
                0x0000aaf8       0x40 ./fit/mbedtls-2.2.1/library/md.o
                0x0000aaf8                mbedtls_md_info_from_type
 .text.mbedtls_md_get_size
                0x0000ab38       0x24 ./fit/mbedtls-2.2.1/library/md.o
                0x0000ab38                mbedtls_md_get_size
 .text.mbedtls_zeroize
                0x0000ab5c       0x30 ./fit/mbedtls-2.2.1/library/md5.o
 .text.mbedtls_md5_init
                0x0000ab8c       0x18 ./fit/mbedtls-2.2.1/library/md5.o
                0x0000ab8c                mbedtls_md5_init
 .text.mbedtls_md5_free
                0x0000aba4       0x20 ./fit/mbedtls-2.2.1/library/md5.o
                0x0000aba4                mbedtls_md5_free
 .text.mbedtls_md5_clone
                0x0000abc4       0x24 ./fit/mbedtls-2.2.1/library/md5.o
                0x0000abc4                mbedtls_md5_clone
 .text.mbedtls_md5_starts
                0x0000abe8       0x48 ./fit/mbedtls-2.2.1/library/md5.o
                0x0000abe8                mbedtls_md5_starts
 .text.mbedtls_md5_process
                0x0000ac30      0xd84 ./fit/mbedtls-2.2.1/library/md5.o
                0x0000ac30                mbedtls_md5_process
 .text.mbedtls_md5_update
                0x0000b9b4       0xc8 ./fit/mbedtls-2.2.1/library/md5.o
                0x0000b9b4                mbedtls_md5_update
 .text.mbedtls_md5_finish
                0x0000ba7c      0x178 ./fit/mbedtls-2.2.1/library/md5.o
                0x0000ba7c                mbedtls_md5_finish
 .text.mbedtls_md5
                0x0000bbf4       0x4c ./fit/mbedtls-2.2.1/library/md5.o
                0x0000bbf4                mbedtls_md5
 .text.md5_starts_wrap
                0x0000bc40       0x14 ./fit/mbedtls-2.2.1/library/md_wrap.o
 .text.md5_update_wrap
                0x0000bc54       0x1c ./fit/mbedtls-2.2.1/library/md_wrap.o
 .text.md5_finish_wrap
                0x0000bc70       0x18 ./fit/mbedtls-2.2.1/library/md_wrap.o
 .text.md5_ctx_alloc
                0x0000bc88       0x28 ./fit/mbedtls-2.2.1/library/md_wrap.o
 .text.md5_ctx_free
                0x0000bcb0       0x1c ./fit/mbedtls-2.2.1/library/md_wrap.o
 .text.md5_clone_wrap
                0x0000bccc       0x18 ./fit/mbedtls-2.2.1/library/md_wrap.o
 .text.md5_process_wrap
                0x0000bce4       0x18 ./fit/mbedtls-2.2.1/library/md_wrap.o
 .text.sha224_starts_wrap
                0x0000bcfc       0x18 ./fit/mbedtls-2.2.1/library/md_wrap.o
 .text.sha224_update_wrap
                0x0000bd14       0x1c ./fit/mbedtls-2.2.1/library/md_wrap.o
 .text.sha224_finish_wrap
                0x0000bd30       0x18 ./fit/mbedtls-2.2.1/library/md_wrap.o
 .text.sha224_wrap
                0x0000bd48       0x20 ./fit/mbedtls-2.2.1/library/md_wrap.o
 .text.sha224_ctx_alloc
                0x0000bd68       0x28 ./fit/mbedtls-2.2.1/library/md_wrap.o
 .text.sha224_ctx_free
                0x0000bd90       0x1c ./fit/mbedtls-2.2.1/library/md_wrap.o
 .text.sha224_clone_wrap
                0x0000bdac       0x18 ./fit/mbedtls-2.2.1/library/md_wrap.o
 .text.sha224_process_wrap
                0x0000bdc4       0x18 ./fit/mbedtls-2.2.1/library/md_wrap.o
 .text.sha256_starts_wrap
                0x0000bddc       0x18 ./fit/mbedtls-2.2.1/library/md_wrap.o
 .text.sha256_wrap
                0x0000bdf4       0x20 ./fit/mbedtls-2.2.1/library/md_wrap.o
 .text.oid_pk_alg_from_asn1
                0x0000be14       0x70 ./fit/mbedtls-2.2.1/library/oid.o
 .text.mbedtls_oid_get_pk_alg
                0x0000be84       0x30 ./fit/mbedtls-2.2.1/library/oid.o
                0x0000be84                mbedtls_oid_get_pk_alg
 .text.oid_md_alg_from_asn1
                0x0000beb4       0x70 ./fit/mbedtls-2.2.1/library/oid.o
 .text.mbedtls_oid_get_md_alg
                0x0000bf24       0x30 ./fit/mbedtls-2.2.1/library/oid.o
                0x0000bf24                mbedtls_oid_get_md_alg
 .text.mbedtls_zeroize
                0x0000bf54       0x30 ./fit/mbedtls-2.2.1/library/pem.o
 .text.mbedtls_pem_init
                0x0000bf84       0x18 ./fit/mbedtls-2.2.1/library/pem.o
                0x0000bf84                mbedtls_pem_init
 .text.mbedtls_pem_read_buffer
                0x0000bf9c      0x1a4 ./fit/mbedtls-2.2.1/library/pem.o
                0x0000bf9c                mbedtls_pem_read_buffer
 .text.mbedtls_pem_free
                0x0000c140       0x2c ./fit/mbedtls-2.2.1/library/pem.o
                0x0000c140                mbedtls_pem_free
 .text.mbedtls_zeroize
                0x0000c16c       0x30 ./fit/mbedtls-2.2.1/library/pk.o
 .text.mbedtls_pk_init
                0x0000c19c       0x28 ./fit/mbedtls-2.2.1/library/pk.o
                0x0000c19c                mbedtls_pk_init
 .text.mbedtls_pk_free
                0x0000c1c4       0x34 ./fit/mbedtls-2.2.1/library/pk.o
                0x0000c1c4                mbedtls_pk_free
 .text.mbedtls_pk_info_from_type
                0x0000c1f8       0x28 ./fit/mbedtls-2.2.1/library/pk.o
                0x0000c1f8                mbedtls_pk_info_from_type
 .text.mbedtls_pk_setup
                0x0000c220       0x54 ./fit/mbedtls-2.2.1/library/pk.o
                0x0000c220                mbedtls_pk_setup
 .text.pk_hashlen_helper
                0x0000c274       0x48 ./fit/mbedtls-2.2.1/library/pk.o
 .text.mbedtls_pk_verify
                0x0000c2bc       0x74 ./fit/mbedtls-2.2.1/library/pk.o
                0x0000c2bc                mbedtls_pk_verify
 .text.rsa_can_do
                0x0000c330       0x28 ./fit/mbedtls-2.2.1/library/pk_wrap.o
 .text.rsa_get_bitlen
                0x0000c358       0x1c ./fit/mbedtls-2.2.1/library/pk_wrap.o
 .text.rsa_verify_wrap
                0x0000c374       0x68 ./fit/mbedtls-2.2.1/library/pk_wrap.o
 .text.rsa_alloc_wrap
                0x0000c3dc       0x2c ./fit/mbedtls-2.2.1/library/pk_wrap.o
 .text.rsa_free_wrap
                0x0000c408       0x1c ./fit/mbedtls-2.2.1/library/pk_wrap.o
 .text.mbedtls_pk_rsa
                0x0000c424       0x1c ./fit/mbedtls-2.2.1/library/pkparse.o
 .text.pk_get_rsapubkey
                0x0000c440       0xb4 ./fit/mbedtls-2.2.1/library/pkparse.o
 .text.pk_get_pk_alg
                0x0000c4f4       0x84 ./fit/mbedtls-2.2.1/library/pkparse.o
 .text.mbedtls_pk_parse_subpubkey
                0x0000c578      0x104 ./fit/mbedtls-2.2.1/library/pkparse.o
                0x0000c578                mbedtls_pk_parse_subpubkey
 .text.mbedtls_pk_parse_public_key
                0x0000c67c       0xb0 ./fit/mbedtls-2.2.1/library/pkparse.o
                0x0000c67c                mbedtls_pk_parse_public_key
 .text.mbedtls_rsa_init
                0x0000c72c       0x28 ./fit/mbedtls-2.2.1/library/rsa.o
                0x0000c72c                mbedtls_rsa_init
 .text.mbedtls_rsa_set_padding
                0x0000c754       0x28 ./fit/mbedtls-2.2.1/library/rsa.o
                0x0000c754                mbedtls_rsa_set_padding
 .text.mbedtls_rsa_check_pubkey
                0x0000c77c       0x9c ./fit/mbedtls-2.2.1/library/rsa.o
                0x0000c77c                mbedtls_rsa_check_pubkey
 .text.mbedtls_rsa_public
                0x0000c818       0xbc ./fit/mbedtls-2.2.1/library/rsa.o
                0x0000c818                mbedtls_rsa_public
 .text.rsa_prepare_blinding
                0x0000c8d4      0x174 ./fit/mbedtls-2.2.1/library/rsa.o
 .text.mbedtls_rsa_private
                0x0000ca48      0x270 ./fit/mbedtls-2.2.1/library/rsa.o
                0x0000ca48                mbedtls_rsa_private
 .text.mbedtls_rsa_rsassa_pkcs1_v15_verify
                0x0000ccb8      0x328 ./fit/mbedtls-2.2.1/library/rsa.o
                0x0000ccb8                mbedtls_rsa_rsassa_pkcs1_v15_verify
 .text.mbedtls_rsa_pkcs1_verify
                0x0000cfe0       0x48 ./fit/mbedtls-2.2.1/library/rsa.o
                0x0000cfe0                mbedtls_rsa_pkcs1_verify
 .text.mbedtls_rsa_free
                0x0000d028       0x90 ./fit/mbedtls-2.2.1/library/rsa.o
                0x0000d028                mbedtls_rsa_free
 .text.mbedtls_zeroize
                0x0000d0b8       0x30 ./fit/mbedtls-2.2.1/library/sha256.o
 .text.mbedtls_sha256_init
                0x0000d0e8       0x18 ./fit/mbedtls-2.2.1/library/sha256.o
                0x0000d0e8                mbedtls_sha256_init
 .text.mbedtls_sha256_free
                0x0000d100       0x20 ./fit/mbedtls-2.2.1/library/sha256.o
                0x0000d100                mbedtls_sha256_free
 .text.mbedtls_sha256_clone
                0x0000d120       0x24 ./fit/mbedtls-2.2.1/library/sha256.o
                0x0000d120                mbedtls_sha256_clone
 .text.mbedtls_sha256_starts
                0x0000d144       0xd0 ./fit/mbedtls-2.2.1/library/sha256.o
                0x0000d144                mbedtls_sha256_starts
 .text.mbedtls_sha256_process
                0x0000d214      0x2f8 ./fit/mbedtls-2.2.1/library/sha256.o
                0x0000d214                mbedtls_sha256_process
 .text.mbedtls_sha256_update
                0x0000d50c       0xc8 ./fit/mbedtls-2.2.1/library/sha256.o
                0x0000d50c                mbedtls_sha256_update
 .text.mbedtls_sha256_finish
                0x0000d5d4      0x258 ./fit/mbedtls-2.2.1/library/sha256.o
                0x0000d5d4                mbedtls_sha256_finish
 .text.mbedtls_sha256
                0x0000d82c       0x50 ./fit/mbedtls-2.2.1/library/sha256.o
                0x0000d82c                mbedtls_sha256
 .text.fit_board_setup
                0x0000d87c       0x14 ./fit/hwdep/tm4c1294xl_energia/fit_board_setup.o
                0x0000d87c                fit_board_setup
 .text.read_eeprom_u8
                0x0000d890       0x48 ./fit/hwdep/tm4c1294xl_energia/fit_eeprom_mem.o
                0x0000d890                read_eeprom_u8
 .text.write_eeprom_u8
                0x0000d8d8       0xb0 ./fit/hwdep/tm4c1294xl_energia/fit_eeprom_mem.o
                0x0000d8d8                write_eeprom_u8
 .text.fit_device_id_get
                0x0000d988       0x6c ./fit/hwdep/tm4c1294xl_energia/fit_fingerprint.o
                0x0000d988                fit_device_id_get
 .text.fit_time_get
                0x0000d9f4       0x18 ./fit/hwdep/tm4c1294xl_energia/fit_get_time.o
                0x0000d9f4                fit_time_get
 .text.fit_time_set
                0x0000da0c       0x1c ./fit/hwdep/tm4c1294xl_energia/fit_get_time.o
                0x0000da0c                fit_time_set
 .text.my1msTicker
                0x0000da28       0x40 ./fit/hwdep/tm4c1294xl_energia/fit_get_time.o
 .text.fit_time_init
                0x0000da68       0x2c ./fit/hwdep/tm4c1294xl_energia/fit_get_time.o
                0x0000da68                fit_time_init
 .text.fit_led_off
                0x0000da94       0x1c ./fit/hwdep/tm4c1294xl_energia/fit_led.o
                0x0000da94                fit_led_off
 .text.fit_led_init
                0x0000dab0        0xc ./fit/hwdep/tm4c1294xl_energia/fit_led.o
                0x0000dab0                fit_led_init
 .text.read_ram_u8
                0x0000dabc       0x18 ./fit/hwdep/tm4c1294xl_energia/fit_memory.o
                0x0000dabc                read_ram_u8
 .text.fit_uart_init
                0x0000dad4       0x24 ./fit/hwdep/tm4c1294xl_energia/fit_uart.o
                0x0000dad4                fit_uart_init
 .text.fit_uart_putc
                0x0000daf8       0x20 ./fit/hwdep/tm4c1294xl_energia/fit_uart.o
                0x0000daf8                fit_uart_putc
 .text._ZN5PrintC2Ev
                0x0000db18       0x28 C:/Users/Gemalto/DEVELOPMENT/CCS_Workspaces/workspace_clp/core_lib_energia/Debug\libcore_lib_energia.a(HardwareSerial.o)
                0x0000db18                Print::Print()
                0x0000db18                Print::Print()
 .text._ZN6StreamC2Ev
                0x0000db40       0x2c C:/Users/Gemalto/DEVELOPMENT/CCS_Workspaces/workspace_clp/core_lib_energia/Debug\libcore_lib_energia.a(HardwareSerial.o)
                0x0000db40                Stream::Stream()
                0x0000db40                Stream::Stream()
 .text._ZN14HardwareSerialC2Ev
                0x0000db6c       0x64 C:/Users/Gemalto/DEVELOPMENT/CCS_Workspaces/workspace_clp/core_lib_energia/Debug\libcore_lib_energia.a(HardwareSerial.o)
                0x0000db6c                HardwareSerial::HardwareSerial()
                0x0000db6c                HardwareSerial::HardwareSerial()
 .text._ZN14HardwareSerialC2Em
                0x0000dbd0       0x64 C:/Users/Gemalto/DEVELOPMENT/CCS_Workspaces/workspace_clp/core_lib_energia/Debug\libcore_lib_energia.a(HardwareSerial.o)
                0x0000dbd0                HardwareSerial::HardwareSerial(unsigned long)
                0x0000dbd0                HardwareSerial::HardwareSerial(unsigned long)
 .text._ZN14HardwareSerial8flushAllEv
                0x0000dc34       0x5c C:/Users/Gemalto/DEVELOPMENT/CCS_Workspaces/workspace_clp/core_lib_energia/Debug\libcore_lib_energia.a(HardwareSerial.o)
                0x0000dc34                HardwareSerial::flushAll()
 .text._ZN14HardwareSerial13primeTransmitEm
                0x0000dc90       0xc4 C:/Users/Gemalto/DEVELOPMENT/CCS_Workspaces/workspace_clp/core_lib_energia/Debug\libcore_lib_energia.a(HardwareSerial.o)
                0x0000dc90                HardwareSerial::primeTransmit(unsigned long)
 .text._ZN14HardwareSerial5beginEm
                0x0000dd54      0x1ac C:/Users/Gemalto/DEVELOPMENT/CCS_Workspaces/workspace_clp/core_lib_energia/Debug\libcore_lib_energia.a(HardwareSerial.o)
                0x0000dd54                HardwareSerial::begin(unsigned long)
 .text._ZN14HardwareSerial9availableEv
                0x0000df00       0x3c C:/Users/Gemalto/DEVELOPMENT/CCS_Workspaces/workspace_clp/core_lib_energia/Debug\libcore_lib_energia.a(HardwareSerial.o)
                0x0000df00                HardwareSerial::available()
 .text._ZN14HardwareSerial4peekEv
                0x0000df3c       0x3c C:/Users/Gemalto/DEVELOPMENT/CCS_Workspaces/workspace_clp/core_lib_energia/Debug\libcore_lib_energia.a(HardwareSerial.o)
                0x0000df3c                HardwareSerial::peek()
 .text._ZN14HardwareSerial4readEv
                0x0000df78       0x50 C:/Users/Gemalto/DEVELOPMENT/CCS_Workspaces/workspace_clp/core_lib_energia/Debug\libcore_lib_energia.a(HardwareSerial.o)
                0x0000df78                HardwareSerial::read()
 .text._ZN14HardwareSerial5flushEv
                0x0000dfc8       0x44 C:/Users/Gemalto/DEVELOPMENT/CCS_Workspaces/workspace_clp/core_lib_energia/Debug\libcore_lib_energia.a(HardwareSerial.o)
                0x0000dfc8                HardwareSerial::flush()
 .text._ZN14HardwareSerial5writeEh
                0x0000e00c       0xa4 C:/Users/Gemalto/DEVELOPMENT/CCS_Workspaces/workspace_clp/core_lib_energia/Debug\libcore_lib_energia.a(HardwareSerial.o)
                0x0000e00c                HardwareSerial::write(unsigned char)
 .text._ZN14HardwareSerial14UARTIntHandlerEv
                0x0000e0b0      0x160 C:/Users/Gemalto/DEVELOPMENT/CCS_Workspaces/workspace_clp/core_lib_energia/Debug\libcore_lib_energia.a(HardwareSerial.o)
                0x0000e0b0                HardwareSerial::UARTIntHandler()
 .text.UARTIntHandler
                0x0000e210       0x10 C:/Users/Gemalto/DEVELOPMENT/CCS_Workspaces/workspace_clp/core_lib_energia/Debug\libcore_lib_energia.a(HardwareSerial.o)
                0x0000e210                UARTIntHandler
 .text.UARTIntHandler1
                0x0000e220       0x10 C:/Users/Gemalto/DEVELOPMENT/CCS_Workspaces/workspace_clp/core_lib_energia/Debug\libcore_lib_energia.a(HardwareSerial.o)
                0x0000e220                UARTIntHandler1
 .text.UARTIntHandler2
                0x0000e230       0x10 C:/Users/Gemalto/DEVELOPMENT/CCS_Workspaces/workspace_clp/core_lib_energia/Debug\libcore_lib_energia.a(HardwareSerial.o)
                0x0000e230                UARTIntHandler2
 .text.UARTIntHandler3
                0x0000e240       0x10 C:/Users/Gemalto/DEVELOPMENT/CCS_Workspaces/workspace_clp/core_lib_energia/Debug\libcore_lib_energia.a(HardwareSerial.o)
                0x0000e240                UARTIntHandler3
 .text.UARTIntHandler4
                0x0000e250       0x10 C:/Users/Gemalto/DEVELOPMENT/CCS_Workspaces/workspace_clp/core_lib_energia/Debug\libcore_lib_energia.a(HardwareSerial.o)
                0x0000e250                UARTIntHandler4
 .text.UARTIntHandler5
                0x0000e260       0x10 C:/Users/Gemalto/DEVELOPMENT/CCS_Workspaces/workspace_clp/core_lib_energia/Debug\libcore_lib_energia.a(HardwareSerial.o)
                0x0000e260                UARTIntHandler5
 .text.UARTIntHandler6
                0x0000e270       0x10 C:/Users/Gemalto/DEVELOPMENT/CCS_Workspaces/workspace_clp/core_lib_energia/Debug\libcore_lib_energia.a(HardwareSerial.o)
                0x0000e270                UARTIntHandler6
 .text.UARTIntHandler7
                0x0000e280       0x10 C:/Users/Gemalto/DEVELOPMENT/CCS_Workspaces/workspace_clp/core_lib_energia/Debug\libcore_lib_energia.a(HardwareSerial.o)
                0x0000e280                UARTIntHandler7
 .text._Z11serialEventv
                0x0000e290        0xc C:/Users/Gemalto/DEVELOPMENT/CCS_Workspaces/workspace_clp/core_lib_energia/Debug\libcore_lib_energia.a(HardwareSerial.o)
                0x0000e290                serialEvent()
 .text._Z12serialEvent1v
                0x0000e29c        0xc C:/Users/Gemalto/DEVELOPMENT/CCS_Workspaces/workspace_clp/core_lib_energia/Debug\libcore_lib_energia.a(HardwareSerial.o)
                0x0000e29c                serialEvent1()
 .text._Z12serialEvent2v
                0x0000e2a8        0xc C:/Users/Gemalto/DEVELOPMENT/CCS_Workspaces/workspace_clp/core_lib_energia/Debug\libcore_lib_energia.a(HardwareSerial.o)
                0x0000e2a8                serialEvent2()
 .text._Z12serialEvent3v
                0x0000e2b4        0xc C:/Users/Gemalto/DEVELOPMENT/CCS_Workspaces/workspace_clp/core_lib_energia/Debug\libcore_lib_energia.a(HardwareSerial.o)
                0x0000e2b4                serialEvent3()
 .text._Z12serialEvent4v
                0x0000e2c0        0xc C:/Users/Gemalto/DEVELOPMENT/CCS_Workspaces/workspace_clp/core_lib_energia/Debug\libcore_lib_energia.a(HardwareSerial.o)
                0x0000e2c0                serialEvent4()
 .text._Z12serialEvent5v
                0x0000e2cc        0xc C:/Users/Gemalto/DEVELOPMENT/CCS_Workspaces/workspace_clp/core_lib_energia/Debug\libcore_lib_energia.a(HardwareSerial.o)
                0x0000e2cc                serialEvent5()
 .text._Z12serialEvent6v
                0x0000e2d8        0xc C:/Users/Gemalto/DEVELOPMENT/CCS_Workspaces/workspace_clp/core_lib_energia/Debug\libcore_lib_energia.a(HardwareSerial.o)
                0x0000e2d8                serialEvent6()
 .text._Z12serialEvent7v
                0x0000e2e4        0xc C:/Users/Gemalto/DEVELOPMENT/CCS_Workspaces/workspace_clp/core_lib_energia/Debug\libcore_lib_energia.a(HardwareSerial.o)
                0x0000e2e4                serialEvent7()
 .text._Z14serialEventRunv
                0x0000e2f0       0xf8 C:/Users/Gemalto/DEVELOPMENT/CCS_Workspaces/workspace_clp/core_lib_energia/Debug\libcore_lib_energia.a(HardwareSerial.o)
                0x0000e2f0                serialEventRun()
 .text._Z41__static_initialization_and_destruction_0ii
                0x0000e3e8       0x80 C:/Users/Gemalto/DEVELOPMENT/CCS_Workspaces/workspace_clp/core_lib_energia/Debug\libcore_lib_energia.a(HardwareSerial.o)
 .text._GLOBAL__sub_I__ZN14HardwareSerialC2Ev
                0x0000e468       0x10 C:/Users/Gemalto/DEVELOPMENT/CCS_Workspaces/workspace_clp/core_lib_energia/Debug\libcore_lib_energia.a(HardwareSerial.o)
 .text._ZN9PrintableC2Ev
                0x0000e478       0x20 C:/Users/Gemalto/DEVELOPMENT/CCS_Workspaces/workspace_clp/core_lib_energia/Debug\libcore_lib_energia.a(IPAddress.o)
                0x0000e478                Printable::Printable()
                0x0000e478                Printable::Printable()
 .text._ZN9IPAddressC2Ehhhh
                0x0000e498       0x50 C:/Users/Gemalto/DEVELOPMENT/CCS_Workspaces/workspace_clp/core_lib_energia/Debug\libcore_lib_energia.a(IPAddress.o)
                0x0000e498                IPAddress::IPAddress(unsigned char, unsigned char, unsigned char, unsigned char)
                0x0000e498                IPAddress::IPAddress(unsigned char, unsigned char, unsigned char, unsigned char)
 .text._ZN9IPAddressC2Em
                0x0000e4e8       0x38 C:/Users/Gemalto/DEVELOPMENT/CCS_Workspaces/workspace_clp/core_lib_energia/Debug\libcore_lib_energia.a(IPAddress.o)
                0x0000e4e8                IPAddress::IPAddress(unsigned long)
                0x0000e4e8                IPAddress::IPAddress(unsigned long)
 .text._ZNK9IPAddress7printToER5Print
                0x0000e520       0x6c C:/Users/Gemalto/DEVELOPMENT/CCS_Workspaces/workspace_clp/core_lib_energia/Debug\libcore_lib_energia.a(IPAddress.o)
                0x0000e520                IPAddress::printTo(Print&) const
 .text._Z41__static_initialization_and_destruction_0ii
                0x0000e58c       0x34 C:/Users/Gemalto/DEVELOPMENT/CCS_Workspaces/workspace_clp/core_lib_energia/Debug\libcore_lib_energia.a(IPAddress.o)
 .text._GLOBAL__sub_I_INADDR_NONE
                0x0000e5c0       0x10 C:/Users/Gemalto/DEVELOPMENT/CCS_Workspaces/workspace_clp/core_lib_energia/Debug\libcore_lib_energia.a(IPAddress.o)
 .text._ZN5Print5writeEPKc
                0x0000e5d0       0x2c C:/Users/Gemalto/DEVELOPMENT/CCS_Workspaces/workspace_clp/core_lib_energia/Debug\libcore_lib_energia.a(Print.o)
                0x0000e5d0                Print::write(char const*)
 .text._ZN5Print5writeEPKhj
                0x0000e5fc       0x4c C:/Users/Gemalto/DEVELOPMENT/CCS_Workspaces/workspace_clp/core_lib_energia/Debug\libcore_lib_energia.a(Print.o)
                0x0000e5fc                Print::write(unsigned char const*, unsigned int)
 .text._ZN5Print5printEPKc
                0x0000e648       0x1c C:/Users/Gemalto/DEVELOPMENT/CCS_Workspaces/workspace_clp/core_lib_energia/Debug\libcore_lib_energia.a(Print.o)
                0x0000e648                Print::print(char const*)
 .text._ZN5Print5printEc
                0x0000e664       0x24 C:/Users/Gemalto/DEVELOPMENT/CCS_Workspaces/workspace_clp/core_lib_energia/Debug\libcore_lib_energia.a(Print.o)
                0x0000e664                Print::print(char)
 .text._ZN5Print5printEhi
                0x0000e688       0x24 C:/Users/Gemalto/DEVELOPMENT/CCS_Workspaces/workspace_clp/core_lib_energia/Debug\libcore_lib_energia.a(Print.o)
                0x0000e688                Print::print(unsigned char, int)
 .text._ZN5Print5printEii
                0x0000e6ac       0x20 C:/Users/Gemalto/DEVELOPMENT/CCS_Workspaces/workspace_clp/core_lib_energia/Debug\libcore_lib_energia.a(Print.o)
                0x0000e6ac                Print::print(int, int)
 .text._ZN5Print5printEji
                0x0000e6cc       0x20 C:/Users/Gemalto/DEVELOPMENT/CCS_Workspaces/workspace_clp/core_lib_energia/Debug\libcore_lib_energia.a(Print.o)
                0x0000e6cc                Print::print(unsigned int, int)
 .text._ZN5Print5printEli
                0x0000e6ec       0x84 C:/Users/Gemalto/DEVELOPMENT/CCS_Workspaces/workspace_clp/core_lib_energia/Debug\libcore_lib_energia.a(Print.o)
                0x0000e6ec                Print::print(long, int)
 .text._ZN5Print5printEmi
                0x0000e770       0x40 C:/Users/Gemalto/DEVELOPMENT/CCS_Workspaces/workspace_clp/core_lib_energia/Debug\libcore_lib_energia.a(Print.o)
                0x0000e770                Print::print(unsigned long, int)
 .text._ZN5Print7printlnEv
                0x0000e7b0       0x2c C:/Users/Gemalto/DEVELOPMENT/CCS_Workspaces/workspace_clp/core_lib_energia/Debug\libcore_lib_energia.a(Print.o)
                0x0000e7b0                Print::println()
 .text._ZN5Print7printlnEPKc
                0x0000e7dc       0x2c C:/Users/Gemalto/DEVELOPMENT/CCS_Workspaces/workspace_clp/core_lib_energia/Debug\libcore_lib_energia.a(Print.o)
                0x0000e7dc                Print::println(char const*)
 .text._ZN5Print11printNumberEmh
                0x0000e808       0x88 C:/Users/Gemalto/DEVELOPMENT/CCS_Workspaces/workspace_clp/core_lib_energia/Debug\libcore_lib_energia.a(Print.o)
                0x0000e808                Print::printNumber(unsigned long, unsigned char)
 .text._ZN6StringC2EPKc
                0x0000e890       0x34 C:/Users/Gemalto/DEVELOPMENT/CCS_Workspaces/workspace_clp/core_lib_energia/Debug\libcore_lib_energia.a(WString.o)
                0x0000e890                String::String(char const*)
                0x0000e890                String::String(char const*)
 .text._ZN6StringD2Ev
                0x0000e8c4       0x1c C:/Users/Gemalto/DEVELOPMENT/CCS_Workspaces/workspace_clp/core_lib_energia/Debug\libcore_lib_energia.a(WString.o)
                0x0000e8c4                String::~String()
                0x0000e8c4                String::~String()
 .text._ZN6String4initEv
                0x0000e8e0       0x24 C:/Users/Gemalto/DEVELOPMENT/CCS_Workspaces/workspace_clp/core_lib_energia/Debug\libcore_lib_energia.a(WString.o)
                0x0000e8e0                String::init()
 .text._ZN6String10invalidateEv
                0x0000e904       0x34 C:/Users/Gemalto/DEVELOPMENT/CCS_Workspaces/workspace_clp/core_lib_energia/Debug\libcore_lib_energia.a(WString.o)
                0x0000e904                String::invalidate()
 .text._ZN6String7reserveEj
                0x0000e938       0x58 C:/Users/Gemalto/DEVELOPMENT/CCS_Workspaces/workspace_clp/core_lib_energia/Debug\libcore_lib_energia.a(WString.o)
                0x0000e938                String::reserve(unsigned int)
 .text._ZN6String12changeBufferEj
                0x0000e990       0x3c C:/Users/Gemalto/DEVELOPMENT/CCS_Workspaces/workspace_clp/core_lib_energia/Debug\libcore_lib_energia.a(WString.o)
                0x0000e990                String::changeBuffer(unsigned int)
 .text._ZN6String4copyEPKcj
                0x0000e9cc       0x4c C:/Users/Gemalto/DEVELOPMENT/CCS_Workspaces/workspace_clp/core_lib_energia/Debug\libcore_lib_energia.a(WString.o)
                0x0000e9cc                String::copy(char const*, unsigned int)
 .text._ZN6String6concatEPKcj
                0x0000ea18       0x68 C:/Users/Gemalto/DEVELOPMENT/CCS_Workspaces/workspace_clp/core_lib_energia/Debug\libcore_lib_energia.a(WString.o)
                0x0000ea18                String::concat(char const*, unsigned int)
 .text._ZN6String6concatEc
                0x0000ea80       0x2c C:/Users/Gemalto/DEVELOPMENT/CCS_Workspaces/workspace_clp/core_lib_energia/Debug\libcore_lib_energia.a(WString.o)
                0x0000ea80                String::concat(char)
 .text._ZNK6String10startsWithERKS_
                0x0000eaac       0x30 C:/Users/Gemalto/DEVELOPMENT/CCS_Workspaces/workspace_clp/core_lib_energia/Debug\libcore_lib_energia.a(WString.o)
                0x0000eaac                String::startsWith(String const&) const
 .text._ZNK6String10startsWithERKS_j
                0x0000eadc       0x60 C:/Users/Gemalto/DEVELOPMENT/CCS_Workspaces/workspace_clp/core_lib_energia/Debug\libcore_lib_energia.a(WString.o)
                0x0000eadc                String::startsWith(String const&, unsigned int) const
 .text._EEPROMSectorMaskClear
                0x0000eb3c       0x38 C:/Users/Gemalto/DEVELOPMENT/CCS_Workspaces/workspace_clp/core_lib_energia/Debug\libcore_lib_energia.a(eeprom.o)
 .text._EEPROMWaitForDone
                0x0000eb74       0x20 C:/Users/Gemalto/DEVELOPMENT/CCS_Workspaces/workspace_clp/core_lib_energia/Debug\libcore_lib_energia.a(eeprom.o)
 .text.EEPROMSizeGet
                0x0000eb94       0x1c C:/Users/Gemalto/DEVELOPMENT/CCS_Workspaces/workspace_clp/core_lib_energia/Debug\libcore_lib_energia.a(eeprom.o)
                0x0000eb94                EEPROMSizeGet
 .text.EEPROMMassErase
                0x0000ebb0       0x60 C:/Users/Gemalto/DEVELOPMENT/CCS_Workspaces/workspace_clp/core_lib_energia/Debug\libcore_lib_energia.a(eeprom.o)
                0x0000ebb0                EEPROMMassErase
 .text.GPIODirModeSet
                0x0000ec10       0x78 C:/Users/Gemalto/DEVELOPMENT/CCS_Workspaces/workspace_clp/core_lib_energia/Debug\libcore_lib_energia.a(gpio.o)
                0x0000ec10                GPIODirModeSet
 .text.GPIOPadConfigSet
                0x0000ec88      0x2bc C:/Users/Gemalto/DEVELOPMENT/CCS_Workspaces/workspace_clp/core_lib_energia/Debug\libcore_lib_energia.a(gpio.o)
                0x0000ec88                GPIOPadConfigSet
 .text.GPIOIntStatus
                0x0000ef44       0x30 C:/Users/Gemalto/DEVELOPMENT/CCS_Workspaces/workspace_clp/core_lib_energia/Debug\libcore_lib_energia.a(gpio.o)
                0x0000ef44                GPIOIntStatus
 .text.GPIOIntClear
                0x0000ef74       0x20 C:/Users/Gemalto/DEVELOPMENT/CCS_Workspaces/workspace_clp/core_lib_energia/Debug\libcore_lib_energia.a(gpio.o)
                0x0000ef74                GPIOIntClear
 .text.GPIOPinWrite
                0x0000ef94       0x2c C:/Users/Gemalto/DEVELOPMENT/CCS_Workspaces/workspace_clp/core_lib_energia/Debug\libcore_lib_energia.a(gpio.o)
                0x0000ef94                GPIOPinWrite
 .text.GPIOPinTypeEthernetLED
                0x0000efc0       0x2c C:/Users/Gemalto/DEVELOPMENT/CCS_Workspaces/workspace_clp/core_lib_energia/Debug\libcore_lib_energia.a(gpio.o)
                0x0000efc0                GPIOPinTypeEthernetLED
 .text.GPIOPinTypeGPIOOutput
                0x0000efec       0x2c C:/Users/Gemalto/DEVELOPMENT/CCS_Workspaces/workspace_clp/core_lib_energia/Debug\libcore_lib_energia.a(gpio.o)
                0x0000efec                GPIOPinTypeGPIOOutput
 .text.IntMasterEnable
                0x0000f018       0x18 C:/Users/Gemalto/DEVELOPMENT/CCS_Workspaces/workspace_clp/core_lib_energia/Debug\libcore_lib_energia.a(interrupt.o)
                0x0000f018                IntMasterEnable
 .text.IntMasterDisable
                0x0000f030       0x18 C:/Users/Gemalto/DEVELOPMENT/CCS_Workspaces/workspace_clp/core_lib_energia/Debug\libcore_lib_energia.a(interrupt.o)
                0x0000f030                IntMasterDisable
 .text.IntEnable
                0x0000f048       0x94 C:/Users/Gemalto/DEVELOPMENT/CCS_Workspaces/workspace_clp/core_lib_energia/Debug\libcore_lib_energia.a(interrupt.o)
                0x0000f048                IntEnable
 .text.__cxa_pure_virtual
                0x0000f0dc        0xc C:/Users/Gemalto/DEVELOPMENT/CCS_Workspaces/workspace_clp/core_lib_energia/Debug\libcore_lib_energia.a(new.o)
                0x0000f0dc                __cxa_pure_virtual
 .text.SysCtlPeripheralReady
                0x0000f0e8       0x54 C:/Users/Gemalto/DEVELOPMENT/CCS_Workspaces/workspace_clp/core_lib_energia/Debug\libcore_lib_energia.a(sysctl.o)
                0x0000f0e8                SysCtlPeripheralReady
 .text.SysCtlPeripheralReset
                0x0000f13c       0x94 C:/Users/Gemalto/DEVELOPMENT/CCS_Workspaces/workspace_clp/core_lib_energia/Debug\libcore_lib_energia.a(sysctl.o)
                0x0000f13c                SysCtlPeripheralReset
 .text.SysCtlPeripheralEnable
                0x0000f1d0       0x4c C:/Users/Gemalto/DEVELOPMENT/CCS_Workspaces/workspace_clp/core_lib_energia/Debug\libcore_lib_energia.a(sysctl.o)
                0x0000f1d0                SysCtlPeripheralEnable
 .text.SysCtlDeepSleepPowerSet
                0x0000f21c       0x1c C:/Users/Gemalto/DEVELOPMENT/CCS_Workspaces/workspace_clp/core_lib_energia/Debug\libcore_lib_energia.a(sysctl.o)
                0x0000f21c                SysCtlDeepSleepPowerSet
 .text.SysCtlDelay
                0x0000f238        0x8 C:/Users/Gemalto/DEVELOPMENT/CCS_Workspaces/workspace_clp/core_lib_energia/Debug\libcore_lib_energia.a(sysctl.o)
                0x0000f238                SysCtlDelay
 .text.timerInit
                0x0000f240       0x74 C:/Users/Gemalto/DEVELOPMENT/CCS_Workspaces/workspace_clp/core_lib_energia/Debug\libcore_lib_energia.a(wiring.o)
                0x0000f240                timerInit
 .text.millis   0x0000f2b4       0x18 C:/Users/Gemalto/DEVELOPMENT/CCS_Workspaces/workspace_clp/core_lib_energia/Debug\libcore_lib_energia.a(wiring.o)
                0x0000f2b4                millis
 .text.delayMicroseconds
                0x0000f2cc       0x88 C:/Users/Gemalto/DEVELOPMENT/CCS_Workspaces/workspace_clp/core_lib_energia/Debug\libcore_lib_energia.a(wiring.o)
                0x0000f2cc                delayMicroseconds
 .text.delay    0x0000f354       0x2c C:/Users/Gemalto/DEVELOPMENT/CCS_Workspaces/workspace_clp/core_lib_energia/Debug\libcore_lib_energia.a(wiring.o)
                0x0000f354                delay
 .text.registerSysTickCb
                0x0000f380       0x40 C:/Users/Gemalto/DEVELOPMENT/CCS_Workspaces/workspace_clp/core_lib_energia/Debug\libcore_lib_energia.a(wiring.o)
                0x0000f380                registerSysTickCb
 .text.SysTickIntHandler
                0x0000f3c0       0x48 C:/Users/Gemalto/DEVELOPMENT/CCS_Workspaces/workspace_clp/core_lib_energia/Debug\libcore_lib_energia.a(wiring.o)
                0x0000f3c0                SysTickIntHandler
 .text.pinMode  0x0000f408      0x13c C:/Users/Gemalto/DEVELOPMENT/CCS_Workspaces/workspace_clp/core_lib_energia/Debug\libcore_lib_energia.a(wiring_digital.o)
                0x0000f408                pinMode
 .text.digitalWrite
                0x0000f544       0x64 C:/Users/Gemalto/DEVELOPMENT/CCS_Workspaces/workspace_clp/core_lib_energia/Debug\libcore_lib_energia.a(wiring_digital.o)
                0x0000f544                digitalWrite
 .text.CPUcpsid
                0x0000f5a8       0x10 C:/Users/Gemalto/DEVELOPMENT/CCS_Workspaces/workspace_clp/core_lib_energia/Debug\libcore_lib_energia.a(cpu.o)
                0x0000f5a8                CPUcpsid
 .text.CPUcpsie
                0x0000f5b8       0x10 C:/Users/Gemalto/DEVELOPMENT/CCS_Workspaces/workspace_clp/core_lib_energia/Debug\libcore_lib_energia.a(cpu.o)
                0x0000f5b8                CPUcpsie
 .text._ZN9IPAddresscvmEv
                0x0000f5c8       0x1c C:/Users/Gemalto/DEVELOPMENT/CCS_Workspaces/workspace_clp/ethernet_lib_energia/Debug\libethernet_lib_energia.a(Ethernet.o)
                0x0000f5c8                IPAddress::operator unsigned long()
 .text._ZN9PrintableaSERKS_
                0x0000f5e4       0x18 C:/Users/Gemalto/DEVELOPMENT/CCS_Workspaces/workspace_clp/ethernet_lib_energia/Debug\libethernet_lib_energia.a(Ethernet.o)
                0x0000f5e4                Printable::operator=(Printable const&)
 .text._ZN9IPAddressaSERKS_
                0x0000f5fc       0x28 C:/Users/Gemalto/DEVELOPMENT/CCS_Workspaces/workspace_clp/ethernet_lib_energia/Debug\libethernet_lib_energia.a(Ethernet.o)
                0x0000f5fc                IPAddress::operator=(IPAddress const&)
 .text._ZN13EthernetClass5beginEPh9IPAddressS1_S1_S1_
                0x0000f624      0x100 C:/Users/Gemalto/DEVELOPMENT/CCS_Workspaces/workspace_clp/ethernet_lib_energia/Debug\libethernet_lib_energia.a(Ethernet.o)
                0x0000f624                EthernetClass::begin(unsigned char*, IPAddress, IPAddress, IPAddress, IPAddress)
 .text._ZN13EthernetClass7localIPEv
                0x0000f724       0x14 C:/Users/Gemalto/DEVELOPMENT/CCS_Workspaces/workspace_clp/ethernet_lib_energia/Debug\libethernet_lib_energia.a(Ethernet.o)
                0x0000f724                EthernetClass::localIP()
 .text._ZN13EthernetClass9gatewayIPEv
                0x0000f738       0x14 C:/Users/Gemalto/DEVELOPMENT/CCS_Workspaces/workspace_clp/ethernet_lib_energia/Debug\libethernet_lib_energia.a(Ethernet.o)
                0x0000f738                EthernetClass::gatewayIP()
 .text._ZN13EthernetClass10subnetMaskEv
                0x0000f74c       0x14 C:/Users/Gemalto/DEVELOPMENT/CCS_Workspaces/workspace_clp/ethernet_lib_energia/Debug\libethernet_lib_energia.a(Ethernet.o)
                0x0000f74c                EthernetClass::subnetMask()
 .text._ZN13EthernetClass11dnsServerIPEv
                0x0000f760       0x14 C:/Users/Gemalto/DEVELOPMENT/CCS_Workspaces/workspace_clp/ethernet_lib_energia/Debug\libethernet_lib_energia.a(Ethernet.o)
                0x0000f760                EthernetClass::dnsServerIP()
 .text._ZN13EthernetClass10macAddressEPh
                0x0000f774        0xc C:/Users/Gemalto/DEVELOPMENT/CCS_Workspaces/workspace_clp/ethernet_lib_energia/Debug\libethernet_lib_energia.a(Ethernet.o)
                0x0000f774                EthernetClass::macAddress(unsigned char*)
 .text._ZN13EthernetClass13enableLinkLedEv
                0x0000f780       0x24 C:/Users/Gemalto/DEVELOPMENT/CCS_Workspaces/workspace_clp/ethernet_lib_energia/Debug\libethernet_lib_energia.a(Ethernet.o)
                0x0000f780                EthernetClass::enableLinkLed()
 .text._ZN13EthernetClass17enableActivityLedEv
                0x0000f7a4       0x24 C:/Users/Gemalto/DEVELOPMENT/CCS_Workspaces/workspace_clp/ethernet_lib_energia/Debug\libethernet_lib_energia.a(Ethernet.o)
                0x0000f7a4                EthernetClass::enableActivityLed()
 .text._Z41__static_initialization_and_destruction_0ii
                0x0000f7c8       0x5c C:/Users/Gemalto/DEVELOPMENT/CCS_Workspaces/workspace_clp/ethernet_lib_energia/Debug\libethernet_lib_energia.a(Ethernet.o)
 .text._GLOBAL__sub_I__ZN13EthernetClass5beginEPh9IPAddressS1_S1_S1_
                0x0000f824       0x10 C:/Users/Gemalto/DEVELOPMENT/CCS_Workspaces/workspace_clp/ethernet_lib_energia/Debug\libethernet_lib_energia.a(Ethernet.o)
 .text._ZN6Client10sslConnectEPKct
                0x0000f834        0x8 C:/Users/Gemalto/DEVELOPMENT/CCS_Workspaces/workspace_clp/ethernet_lib_energia/Debug\libethernet_lib_energia.a(EthernetClient.o)
                0x0000f834                Client::sslConnect(char const*, unsigned short)
 .text._ZN6Client10sslConnectE9IPAddresst
                0x0000f83c        0x8 C:/Users/Gemalto/DEVELOPMENT/CCS_Workspaces/workspace_clp/ethernet_lib_energia/Debug\libethernet_lib_energia.a(EthernetClient.o)
                0x0000f83c                Client::sslConnect(IPAddress, unsigned short)
 .text._ZN6ClientC2Ev
                0x0000f844       0x24 C:/Users/Gemalto/DEVELOPMENT/CCS_Workspaces/workspace_clp/ethernet_lib_energia/Debug\libethernet_lib_energia.a(EthernetClient.o)
                0x0000f844                Client::Client()
                0x0000f844                Client::Client()
 .text._ZN14EthernetClientC2Ev
                0x0000f868       0x2c C:/Users/Gemalto/DEVELOPMENT/CCS_Workspaces/workspace_clp/ethernet_lib_energia/Debug\libethernet_lib_energia.a(EthernetClient.o)
                0x0000f868                EthernetClient::EthernetClient()
                0x0000f868                EthernetClient::EthernetClient()
 .text._ZN14EthernetClientC2EP6client
                0x0000f894       0x38 C:/Users/Gemalto/DEVELOPMENT/CCS_Workspaces/workspace_clp/ethernet_lib_energia/Debug\libethernet_lib_energia.a(EthernetClient.o)
                0x0000f894                EthernetClient::EthernetClient(client*)
                0x0000f894                EthernetClient::EthernetClient(client*)
 .text._ZN14EthernetClient7do_pollEPvP7tcp_pcb
                0x0000f8cc       0x88 C:/Users/Gemalto/DEVELOPMENT/CCS_Workspaces/workspace_clp/ethernet_lib_energia/Debug\libethernet_lib_energia.a(EthernetClient.o)
                0x0000f8cc                EthernetClient::do_poll(void*, tcp_pcb*)
 .text._ZN14EthernetClient6do_errEPva
                0x0000f954       0x18 C:/Users/Gemalto/DEVELOPMENT/CCS_Workspaces/workspace_clp/ethernet_lib_energia/Debug\libethernet_lib_energia.a(EthernetClient.o)
                0x0000f954                EthernetClient::do_err(void*, signed char)
 .text._ZN14EthernetClient12do_connectedEPvP7tcp_pcba
                0x0000f96c        0xc C:/Users/Gemalto/DEVELOPMENT/CCS_Workspaces/workspace_clp/ethernet_lib_energia/Debug\libethernet_lib_energia.a(EthernetClient.o)
                0x0000f96c                EthernetClient::do_connected(void*, tcp_pcb*, signed char)
 .text._ZN14EthernetClient7do_recvEPvP7tcp_pcbP4pbufa
                0x0000f978       0x24 C:/Users/Gemalto/DEVELOPMENT/CCS_Workspaces/workspace_clp/ethernet_lib_energia/Debug\libethernet_lib_energia.a(EthernetClient.o)
                0x0000f978                EthernetClient::do_recv(void*, tcp_pcb*, pbuf*, signed char)
 .text._ZN14EthernetClient6do_dnsEPKcP7ip_addrPv
                0x0000f99c        0x8 C:/Users/Gemalto/DEVELOPMENT/CCS_Workspaces/workspace_clp/ethernet_lib_energia/Debug\libethernet_lib_energia.a(EthernetClient.o)
                0x0000f99c                EthernetClient::do_dns(char const*, ip_addr*, void*)
 .text._ZN14EthernetClient7connectEPKct
                0x0000f9a4       0x50 C:/Users/Gemalto/DEVELOPMENT/CCS_Workspaces/workspace_clp/ethernet_lib_energia/Debug\libethernet_lib_energia.a(EthernetClient.o)
                0x0000f9a4                EthernetClient::connect(char const*, unsigned short)
 .text._ZN14EthernetClient7connectE9IPAddresst
                0x0000f9f4       0xd4 C:/Users/Gemalto/DEVELOPMENT/CCS_Workspaces/workspace_clp/ethernet_lib_energia/Debug\libethernet_lib_energia.a(EthernetClient.o)
                0x0000f9f4                EthernetClient::connect(IPAddress, unsigned short)
 .text._ZN14EthernetClient5writeEh
                0x0000fac8       0x18 C:/Users/Gemalto/DEVELOPMENT/CCS_Workspaces/workspace_clp/ethernet_lib_energia/Debug\libethernet_lib_energia.a(EthernetClient.o)
                0x0000fac8                EthernetClient::write(unsigned char)
 .text._ZN14EthernetClient5writeEPKhj
                0x0000fae0       0xa0 C:/Users/Gemalto/DEVELOPMENT/CCS_Workspaces/workspace_clp/ethernet_lib_energia/Debug\libethernet_lib_energia.a(EthernetClient.o)
                0x0000fae0                EthernetClient::write(unsigned char const*, unsigned int)
 .text._ZN14EthernetClient9availableEv
                0x0000fb80       0x10 C:/Users/Gemalto/DEVELOPMENT/CCS_Workspaces/workspace_clp/ethernet_lib_energia/Debug\libethernet_lib_energia.a(EthernetClient.o)
                0x0000fb80                EthernetClient::available()
 .text._ZN14EthernetClient4portEv
                0x0000fb90        0x8 C:/Users/Gemalto/DEVELOPMENT/CCS_Workspaces/workspace_clp/ethernet_lib_energia/Debug\libethernet_lib_energia.a(EthernetClient.o)
                0x0000fb90                EthernetClient::port()
 .text._ZN14EthernetClient10readLockedEv
                0x0000fb98       0xb0 C:/Users/Gemalto/DEVELOPMENT/CCS_Workspaces/workspace_clp/ethernet_lib_energia/Debug\libethernet_lib_energia.a(EthernetClient.o)
                0x0000fb98                EthernetClient::readLocked()
 .text._ZN14EthernetClient4readEv
                0x0000fc48        0x4 C:/Users/Gemalto/DEVELOPMENT/CCS_Workspaces/workspace_clp/ethernet_lib_energia/Debug\libethernet_lib_energia.a(EthernetClient.o)
                0x0000fc48                EthernetClient::read()
 .text._ZN14EthernetClient4readEPhj
                0x0000fc4c       0x50 C:/Users/Gemalto/DEVELOPMENT/CCS_Workspaces/workspace_clp/ethernet_lib_energia/Debug\libethernet_lib_energia.a(EthernetClient.o)
                0x0000fc4c                EthernetClient::read(unsigned char*, unsigned int)
 .text._ZN14EthernetClient4peekEv
                0x0000fc9c       0x40 C:/Users/Gemalto/DEVELOPMENT/CCS_Workspaces/workspace_clp/ethernet_lib_energia/Debug\libethernet_lib_energia.a(EthernetClient.o)
                0x0000fc9c                EthernetClient::peek()
 .text._ZN14EthernetClient5flushEv
                0x0000fcdc       0x38 C:/Users/Gemalto/DEVELOPMENT/CCS_Workspaces/workspace_clp/ethernet_lib_energia/Debug\libethernet_lib_energia.a(EthernetClient.o)
                0x0000fcdc                EthernetClient::flush()
 .text._ZN14EthernetClient4stopEv
                0x0000fd14       0x8c C:/Users/Gemalto/DEVELOPMENT/CCS_Workspaces/workspace_clp/ethernet_lib_energia/Debug\libethernet_lib_energia.a(EthernetClient.o)
                0x0000fd14                EthernetClient::stop()
 .text._ZN14EthernetClient9connectedEv
                0x0000fda0       0x24 C:/Users/Gemalto/DEVELOPMENT/CCS_Workspaces/workspace_clp/ethernet_lib_energia/Debug\libethernet_lib_energia.a(EthernetClient.o)
                0x0000fda0                EthernetClient::connected()
 .text._ZN14EthernetClient6statusEv
                0x0000fdc4        0xc C:/Users/Gemalto/DEVELOPMENT/CCS_Workspaces/workspace_clp/ethernet_lib_energia/Debug\libethernet_lib_energia.a(EthernetClient.o)
                0x0000fdc4                EthernetClient::status()
 .text._ZN14EthernetClientcvbEv
                0x0000fdd0       0x14 C:/Users/Gemalto/DEVELOPMENT/CCS_Workspaces/workspace_clp/ethernet_lib_energia/Debug\libethernet_lib_energia.a(EthernetClient.o)
                0x0000fdd0                EthernetClient::operator bool()
 .text._Z41__static_initialization_and_destruction_0ii
                0x0000fde4       0x5c C:/Users/Gemalto/DEVELOPMENT/CCS_Workspaces/workspace_clp/ethernet_lib_energia/Debug\libethernet_lib_energia.a(EthernetClient.o)
 .text._GLOBAL__sub_I__ZN14EthernetClientC2Ev
                0x0000fe40       0x10 C:/Users/Gemalto/DEVELOPMENT/CCS_Workspaces/workspace_clp/ethernet_lib_energia/Debug\libethernet_lib_energia.a(EthernetClient.o)
 .text._ZN6ServerC2Ev
                0x0000fe50       0x24 C:/Users/Gemalto/DEVELOPMENT/CCS_Workspaces/workspace_clp/ethernet_lib_energia/Debug\libethernet_lib_energia.a(EthernetServer.o)
                0x0000fe50                Server::Server()
                0x0000fe50                Server::Server()
 .text._ZN14EthernetServerC2Et
                0x0000fe74       0x34 C:/Users/Gemalto/DEVELOPMENT/CCS_Workspaces/workspace_clp/ethernet_lib_energia/Debug\libethernet_lib_energia.a(EthernetServer.o)
                0x0000fe74                EthernetServer::EthernetServer(unsigned short)
                0x0000fe74                EthernetServer::EthernetServer(unsigned short)
 .text._ZN14EthernetServer7do_pollEPvP7tcp_pcb
                0x0000fea8       0x38 C:/Users/Gemalto/DEVELOPMENT/CCS_Workspaces/workspace_clp/ethernet_lib_energia/Debug\libethernet_lib_energia.a(EthernetServer.o)
                0x0000fea8                EthernetServer::do_poll(void*, tcp_pcb*)
 .text._ZN14EthernetServer8do_closeEPvP7tcp_pcb
                0x0000fee0      0x100 C:/Users/Gemalto/DEVELOPMENT/CCS_Workspaces/workspace_clp/ethernet_lib_energia/Debug\libethernet_lib_energia.a(EthernetServer.o)
                0x0000fee0                EthernetServer::do_close(void*, tcp_pcb*)
 .text._ZN14EthernetServer8did_sentEPvP7tcp_pcbt
                0x0000ffe0       0x20 C:/Users/Gemalto/DEVELOPMENT/CCS_Workspaces/workspace_clp/ethernet_lib_energia/Debug\libethernet_lib_energia.a(EthernetServer.o)
                0x0000ffe0                EthernetServer::did_sent(void*, tcp_pcb*, unsigned short)
 .text._ZN14EthernetServer7do_recvEPvP7tcp_pcbP4pbufa
                0x00010000       0xbc C:/Users/Gemalto/DEVELOPMENT/CCS_Workspaces/workspace_clp/ethernet_lib_energia/Debug\libethernet_lib_energia.a(EthernetServer.o)
                0x00010000                EthernetServer::do_recv(void*, tcp_pcb*, pbuf*, signed char)
 .text._ZN14EthernetServer9do_acceptEPvP7tcp_pcba
                0x000100bc       0xc8 C:/Users/Gemalto/DEVELOPMENT/CCS_Workspaces/workspace_clp/ethernet_lib_energia/Debug\libethernet_lib_energia.a(EthernetServer.o)
                0x000100bc                EthernetServer::do_accept(void*, tcp_pcb*, signed char)
 .text._ZN14EthernetServer5beginEv
                0x00010184       0x5c C:/Users/Gemalto/DEVELOPMENT/CCS_Workspaces/workspace_clp/ethernet_lib_energia/Debug\libethernet_lib_energia.a(EthernetServer.o)
                0x00010184                EthernetServer::begin()
 .text._ZN14EthernetServer9availableEv
                0x000101e0       0xc0 C:/Users/Gemalto/DEVELOPMENT/CCS_Workspaces/workspace_clp/ethernet_lib_energia/Debug\libethernet_lib_energia.a(EthernetServer.o)
                0x000101e0                EthernetServer::available()
 .text._ZN14EthernetServer5writeEh
                0x000102a0       0x28 C:/Users/Gemalto/DEVELOPMENT/CCS_Workspaces/workspace_clp/ethernet_lib_energia/Debug\libethernet_lib_energia.a(EthernetServer.o)
                0x000102a0                EthernetServer::write(unsigned char)
 .text._ZN14EthernetServer5writeEPKhj
                0x000102c8      0x100 C:/Users/Gemalto/DEVELOPMENT/CCS_Workspaces/workspace_clp/ethernet_lib_energia/Debug\libethernet_lib_energia.a(EthernetServer.o)
                0x000102c8                EthernetServer::write(unsigned char const*, unsigned int)
 .text._Z41__static_initialization_and_destruction_0ii
                0x000103c8       0x5c C:/Users/Gemalto/DEVELOPMENT/CCS_Workspaces/workspace_clp/ethernet_lib_energia/Debug\libethernet_lib_energia.a(EthernetServer.o)
 .text._GLOBAL__sub_I__ZN14EthernetServerC2Et
                0x00010424       0x10 C:/Users/Gemalto/DEVELOPMENT/CCS_Workspaces/workspace_clp/ethernet_lib_energia/Debug\libethernet_lib_energia.a(EthernetServer.o)
 .text.lwip_htons
                0x00010434       0x2c C:/Users/Gemalto/DEVELOPMENT/CCS_Workspaces/workspace_clp/ethernet_lib_energia/Debug\libethernet_lib_energia.a(def.o)
                0x00010434                lwip_htons
 .text.lwip_ntohs
                0x00010460       0x1c C:/Users/Gemalto/DEVELOPMENT/CCS_Workspaces/workspace_clp/ethernet_lib_energia/Debug\libethernet_lib_energia.a(def.o)
                0x00010460                lwip_ntohs
 .text.lwip_htonl
                0x0001047c       0x34 C:/Users/Gemalto/DEVELOPMENT/CCS_Workspaces/workspace_clp/ethernet_lib_energia/Debug\libethernet_lib_energia.a(def.o)
                0x0001047c                lwip_htonl
 .text.lwip_ntohl
                0x000104b0       0x18 C:/Users/Gemalto/DEVELOPMENT/CCS_Workspaces/workspace_clp/ethernet_lib_energia/Debug\libethernet_lib_energia.a(def.o)
                0x000104b0                lwip_ntohl
 .text.dns_init
                0x000104c8       0x7c C:/Users/Gemalto/DEVELOPMENT/CCS_Workspaces/workspace_clp/ethernet_lib_energia/Debug\libethernet_lib_energia.a(dns.o)
                0x000104c8                dns_init
 .text.dns_setserver
                0x00010544       0x4c C:/Users/Gemalto/DEVELOPMENT/CCS_Workspaces/workspace_clp/ethernet_lib_energia/Debug\libethernet_lib_energia.a(dns.o)
                0x00010544                dns_setserver
 .text.dns_getserver
                0x00010590       0x34 C:/Users/Gemalto/DEVELOPMENT/CCS_Workspaces/workspace_clp/ethernet_lib_energia/Debug\libethernet_lib_energia.a(dns.o)
                0x00010590                dns_getserver
 .text.dns_tmr  0x000105c4       0x18 C:/Users/Gemalto/DEVELOPMENT/CCS_Workspaces/workspace_clp/ethernet_lib_energia/Debug\libethernet_lib_energia.a(dns.o)
                0x000105c4                dns_tmr
 .text.dns_lookup
                0x000105dc       0x74 C:/Users/Gemalto/DEVELOPMENT/CCS_Workspaces/workspace_clp/ethernet_lib_energia/Debug\libethernet_lib_energia.a(dns.o)
 .text.dns_compare_name
                0x00010650       0x68 C:/Users/Gemalto/DEVELOPMENT/CCS_Workspaces/workspace_clp/ethernet_lib_energia/Debug\libethernet_lib_energia.a(dns.o)
 .text.dns_parse_name
                0x000106b8       0x4c C:/Users/Gemalto/DEVELOPMENT/CCS_Workspaces/workspace_clp/ethernet_lib_energia/Debug\libethernet_lib_energia.a(dns.o)
 .text.dns_send
                0x00010704      0x14c C:/Users/Gemalto/DEVELOPMENT/CCS_Workspaces/workspace_clp/ethernet_lib_energia/Debug\libethernet_lib_energia.a(dns.o)
 .text.dns_check_entry
                0x00010850      0x158 C:/Users/Gemalto/DEVELOPMENT/CCS_Workspaces/workspace_clp/ethernet_lib_energia/Debug\libethernet_lib_energia.a(dns.o)
 .text.dns_check_entries
                0x000109a8       0x28 C:/Users/Gemalto/DEVELOPMENT/CCS_Workspaces/workspace_clp/ethernet_lib_energia/Debug\libethernet_lib_energia.a(dns.o)
 .text.dns_recv
                0x000109d0      0x1f8 C:/Users/Gemalto/DEVELOPMENT/CCS_Workspaces/workspace_clp/ethernet_lib_energia/Debug\libethernet_lib_energia.a(dns.o)
 .text.dns_enqueue
                0x00010bc8      0x11c C:/Users/Gemalto/DEVELOPMENT/CCS_Workspaces/workspace_clp/ethernet_lib_energia/Debug\libethernet_lib_energia.a(dns.o)
 .text.dns_gethostbyname
                0x00010ce4       0x80 C:/Users/Gemalto/DEVELOPMENT/CCS_Workspaces/workspace_clp/ethernet_lib_energia/Debug\libethernet_lib_energia.a(dns.o)
                0x00010ce4                dns_gethostbyname
 .text.ip4_addr_isbroadcast
                0x00010d64       0x78 C:/Users/Gemalto/DEVELOPMENT/CCS_Workspaces/workspace_clp/ethernet_lib_energia/Debug\libethernet_lib_energia.a(ip_addr.o)
                0x00010d64                ip4_addr_isbroadcast
 .text.ipaddr_addr
                0x00010ddc       0x2c C:/Users/Gemalto/DEVELOPMENT/CCS_Workspaces/workspace_clp/ethernet_lib_energia/Debug\libethernet_lib_energia.a(ip_addr.o)
                0x00010ddc                ipaddr_addr
 .text.ipaddr_aton
                0x00010e08      0x238 C:/Users/Gemalto/DEVELOPMENT/CCS_Workspaces/workspace_clp/ethernet_lib_energia/Debug\libethernet_lib_energia.a(ip_addr.o)
                0x00010e08                ipaddr_aton
 .text.lwIPLinkDetect
                0x00011040       0xdc C:/Users/Gemalto/DEVELOPMENT/CCS_Workspaces/workspace_clp/ethernet_lib_energia/Debug\libethernet_lib_energia.a(lwiplib.o)
 .text.lwIPServiceTimers
                0x0001111c      0x104 C:/Users/Gemalto/DEVELOPMENT/CCS_Workspaces/workspace_clp/ethernet_lib_energia/Debug\libethernet_lib_energia.a(lwiplib.o)
 .text.lwIPPrivateInit
                0x00011220       0x9c C:/Users/Gemalto/DEVELOPMENT/CCS_Workspaces/workspace_clp/ethernet_lib_energia/Debug\libethernet_lib_energia.a(lwiplib.o)
 .text.lwIPInit
                0x000112bc      0x10c C:/Users/Gemalto/DEVELOPMENT/CCS_Workspaces/workspace_clp/ethernet_lib_energia/Debug\libethernet_lib_energia.a(lwiplib.o)
                0x000112bc                lwIPInit
 .text.lwIPTimer
                0x000113c8       0x34 C:/Users/Gemalto/DEVELOPMENT/CCS_Workspaces/workspace_clp/ethernet_lib_energia/Debug\libethernet_lib_energia.a(lwiplib.o)
                0x000113c8                lwIPTimer
 .text.lwIPEthernetIntHandler
                0x000113fc       0x74 C:/Users/Gemalto/DEVELOPMENT/CCS_Workspaces/workspace_clp/ethernet_lib_energia/Debug\libethernet_lib_energia.a(lwiplib.o)
                0x000113fc                lwIPEthernetIntHandler
 .text.lwIPLocalIPAddrGet
                0x00011470       0x18 C:/Users/Gemalto/DEVELOPMENT/CCS_Workspaces/workspace_clp/ethernet_lib_energia/Debug\libethernet_lib_energia.a(lwiplib.o)
                0x00011470                lwIPLocalIPAddrGet
 .text.lwIPLocalNetMaskGet
                0x00011488       0x18 C:/Users/Gemalto/DEVELOPMENT/CCS_Workspaces/workspace_clp/ethernet_lib_energia/Debug\libethernet_lib_energia.a(lwiplib.o)
                0x00011488                lwIPLocalNetMaskGet
 .text.lwIPLocalGWAddrGet
                0x000114a0       0x18 C:/Users/Gemalto/DEVELOPMENT/CCS_Workspaces/workspace_clp/ethernet_lib_energia/Debug\libethernet_lib_energia.a(lwiplib.o)
                0x000114a0                lwIPLocalGWAddrGet
 .text.lwIPDNSAddrSet
                0x000114b8       0x18 C:/Users/Gemalto/DEVELOPMENT/CCS_Workspaces/workspace_clp/ethernet_lib_energia/Debug\libethernet_lib_energia.a(lwiplib.o)
                0x000114b8                lwIPDNSAddrSet
 .text.lwIPDNSAddrGet
                0x000114d0       0x1c C:/Users/Gemalto/DEVELOPMENT/CCS_Workspaces/workspace_clp/ethernet_lib_energia/Debug\libethernet_lib_energia.a(lwiplib.o)
                0x000114d0                lwIPDNSAddrGet
 .text.netif_init
                0x000114ec        0xc C:/Users/Gemalto/DEVELOPMENT/CCS_Workspaces/workspace_clp/ethernet_lib_energia/Debug\libethernet_lib_energia.a(netif.o)
                0x000114ec                netif_init
 .text.netif_add
                0x000114f8       0x94 C:/Users/Gemalto/DEVELOPMENT/CCS_Workspaces/workspace_clp/ethernet_lib_energia/Debug\libethernet_lib_energia.a(netif.o)
                0x000114f8                netif_add
 .text.netif_set_addr
                0x0001158c       0x2c C:/Users/Gemalto/DEVELOPMENT/CCS_Workspaces/workspace_clp/ethernet_lib_energia/Debug\libethernet_lib_energia.a(netif.o)
                0x0001158c                netif_set_addr
 .text.netif_set_ipaddr
                0x000115b8       0xbc C:/Users/Gemalto/DEVELOPMENT/CCS_Workspaces/workspace_clp/ethernet_lib_energia/Debug\libethernet_lib_energia.a(netif.o)
                0x000115b8                netif_set_ipaddr
 .text.netif_set_gw
                0x00011674       0x28 C:/Users/Gemalto/DEVELOPMENT/CCS_Workspaces/workspace_clp/ethernet_lib_energia/Debug\libethernet_lib_energia.a(netif.o)
                0x00011674                netif_set_gw
 .text.netif_set_netmask
                0x0001169c       0x28 C:/Users/Gemalto/DEVELOPMENT/CCS_Workspaces/workspace_clp/ethernet_lib_energia/Debug\libethernet_lib_energia.a(netif.o)
                0x0001169c                netif_set_netmask
 .text.netif_set_default
                0x000116c4       0x1c C:/Users/Gemalto/DEVELOPMENT/CCS_Workspaces/workspace_clp/ethernet_lib_energia/Debug\libethernet_lib_energia.a(netif.o)
                0x000116c4                netif_set_default
 .text.netif_set_up
                0x000116e0       0x68 C:/Users/Gemalto/DEVELOPMENT/CCS_Workspaces/workspace_clp/ethernet_lib_energia/Debug\libethernet_lib_energia.a(netif.o)
                0x000116e0                netif_set_up
 .text.netif_set_down
                0x00011748       0x54 C:/Users/Gemalto/DEVELOPMENT/CCS_Workspaces/workspace_clp/ethernet_lib_energia/Debug\libethernet_lib_energia.a(netif.o)
                0x00011748                netif_set_down
 .text.netif_set_link_up
                0x0001179c       0x74 C:/Users/Gemalto/DEVELOPMENT/CCS_Workspaces/workspace_clp/ethernet_lib_energia/Debug\libethernet_lib_energia.a(netif.o)
                0x0001179c                netif_set_link_up
 .text.netif_set_link_down
                0x00011810       0x34 C:/Users/Gemalto/DEVELOPMENT/CCS_Workspaces/workspace_clp/ethernet_lib_energia/Debug\libethernet_lib_energia.a(netif.o)
                0x00011810                netif_set_link_down
 .text.pbuf_pool_is_empty
                0x00011844       0x28 C:/Users/Gemalto/DEVELOPMENT/CCS_Workspaces/workspace_clp/ethernet_lib_energia/Debug\libethernet_lib_energia.a(pbuf.o)
 .text.pbuf_alloc
                0x0001186c      0x1f4 C:/Users/Gemalto/DEVELOPMENT/CCS_Workspaces/workspace_clp/ethernet_lib_energia/Debug\libethernet_lib_energia.a(pbuf.o)
                0x0001186c                pbuf_alloc
 .text.pbuf_realloc
                0x00011a60       0xb0 C:/Users/Gemalto/DEVELOPMENT/CCS_Workspaces/workspace_clp/ethernet_lib_energia/Debug\libethernet_lib_energia.a(pbuf.o)
                0x00011a60                pbuf_realloc
 .text.pbuf_header
                0x00011b10       0xe0 C:/Users/Gemalto/DEVELOPMENT/CCS_Workspaces/workspace_clp/ethernet_lib_energia/Debug\libethernet_lib_energia.a(pbuf.o)
                0x00011b10                pbuf_header
 .text.pbuf_free
                0x00011bf0       0x98 C:/Users/Gemalto/DEVELOPMENT/CCS_Workspaces/workspace_clp/ethernet_lib_energia/Debug\libethernet_lib_energia.a(pbuf.o)
                0x00011bf0                pbuf_free
 .text.pbuf_clen
                0x00011c88       0x30 C:/Users/Gemalto/DEVELOPMENT/CCS_Workspaces/workspace_clp/ethernet_lib_energia/Debug\libethernet_lib_energia.a(pbuf.o)
                0x00011c88                pbuf_clen
 .text.pbuf_ref
                0x00011cb8       0x30 C:/Users/Gemalto/DEVELOPMENT/CCS_Workspaces/workspace_clp/ethernet_lib_energia/Debug\libethernet_lib_energia.a(pbuf.o)
                0x00011cb8                pbuf_ref
 .text.pbuf_cat
                0x00011ce8       0x5c C:/Users/Gemalto/DEVELOPMENT/CCS_Workspaces/workspace_clp/ethernet_lib_energia/Debug\libethernet_lib_energia.a(pbuf.o)
                0x00011ce8                pbuf_cat
 .text.pbuf_chain
                0x00011d44       0x20 C:/Users/Gemalto/DEVELOPMENT/CCS_Workspaces/workspace_clp/ethernet_lib_energia/Debug\libethernet_lib_energia.a(pbuf.o)
                0x00011d44                pbuf_chain
 .text.pbuf_copy
                0x00011d64      0x110 C:/Users/Gemalto/DEVELOPMENT/CCS_Workspaces/workspace_clp/ethernet_lib_energia/Debug\libethernet_lib_energia.a(pbuf.o)
                0x00011d64                pbuf_copy
 .text.pbuf_copy_partial
                0x00011e74       0xcc C:/Users/Gemalto/DEVELOPMENT/CCS_Workspaces/workspace_clp/ethernet_lib_energia/Debug\libethernet_lib_energia.a(pbuf.o)
                0x00011e74                pbuf_copy_partial
 .text.sys_now  0x00011f40       0x18 C:/Users/Gemalto/DEVELOPMENT/CCS_Workspaces/workspace_clp/ethernet_lib_energia/Debug\libethernet_lib_energia.a(sys_arch.o)
                0x00011f40                sys_now
 .text.sys_arch_protect
                0x00011f58       0x10 C:/Users/Gemalto/DEVELOPMENT/CCS_Workspaces/workspace_clp/ethernet_lib_energia/Debug\libethernet_lib_energia.a(sys_arch.o)
                0x00011f58                sys_arch_protect
 .text.sys_arch_unprotect
                0x00011f68       0x20 C:/Users/Gemalto/DEVELOPMENT/CCS_Workspaces/workspace_clp/ethernet_lib_energia/Debug\libethernet_lib_energia.a(sys_arch.o)
                0x00011f68                sys_arch_unprotect
 .text.tcp_init
                0x00011f88        0xc C:/Users/Gemalto/DEVELOPMENT/CCS_Workspaces/workspace_clp/ethernet_lib_energia/Debug\libethernet_lib_energia.a(tcp.o)
                0x00011f88                tcp_init
 .text.tcp_tmr  0x00011f94       0x2c C:/Users/Gemalto/DEVELOPMENT/CCS_Workspaces/workspace_clp/ethernet_lib_energia/Debug\libethernet_lib_energia.a(tcp.o)
                0x00011f94                tcp_tmr
 .text.tcp_close_shutdown
                0x00011fc0      0x24c C:/Users/Gemalto/DEVELOPMENT/CCS_Workspaces/workspace_clp/ethernet_lib_energia/Debug\libethernet_lib_energia.a(tcp.o)
 .text.tcp_close
                0x0001220c       0x30 C:/Users/Gemalto/DEVELOPMENT/CCS_Workspaces/workspace_clp/ethernet_lib_energia/Debug\libethernet_lib_energia.a(tcp.o)
                0x0001220c                tcp_close
 .text.tcp_abandon
                0x0001223c       0xd0 C:/Users/Gemalto/DEVELOPMENT/CCS_Workspaces/workspace_clp/ethernet_lib_energia/Debug\libethernet_lib_energia.a(tcp.o)
                0x0001223c                tcp_abandon
 .text.tcp_abort
                0x0001230c       0x18 C:/Users/Gemalto/DEVELOPMENT/CCS_Workspaces/workspace_clp/ethernet_lib_energia/Debug\libethernet_lib_energia.a(tcp.o)
                0x0001230c                tcp_abort
 .text.tcp_bind
                0x00012324       0xdc C:/Users/Gemalto/DEVELOPMENT/CCS_Workspaces/workspace_clp/ethernet_lib_energia/Debug\libethernet_lib_energia.a(tcp.o)
                0x00012324                tcp_bind
 .text.tcp_accept_null
                0x00012400       0x20 C:/Users/Gemalto/DEVELOPMENT/CCS_Workspaces/workspace_clp/ethernet_lib_energia/Debug\libethernet_lib_energia.a(tcp.o)
 .text.tcp_listen_with_backlog
                0x00012420      0x114 C:/Users/Gemalto/DEVELOPMENT/CCS_Workspaces/workspace_clp/ethernet_lib_energia/Debug\libethernet_lib_energia.a(tcp.o)
                0x00012420                tcp_listen_with_backlog
 .text.tcp_update_rcv_ann_wnd
                0x00012534       0x80 C:/Users/Gemalto/DEVELOPMENT/CCS_Workspaces/workspace_clp/ethernet_lib_energia/Debug\libethernet_lib_energia.a(tcp.o)
                0x00012534                tcp_update_rcv_ann_wnd
 .text.tcp_recved
                0x000125b4       0x58 C:/Users/Gemalto/DEVELOPMENT/CCS_Workspaces/workspace_clp/ethernet_lib_energia/Debug\libethernet_lib_energia.a(tcp.o)
                0x000125b4                tcp_recved
 .text.tcp_new_port
                0x0001260c       0x8c C:/Users/Gemalto/DEVELOPMENT/CCS_Workspaces/workspace_clp/ethernet_lib_energia/Debug\libethernet_lib_energia.a(tcp.o)
 .text.tcp_connect
                0x00012698      0x1b8 C:/Users/Gemalto/DEVELOPMENT/CCS_Workspaces/workspace_clp/ethernet_lib_energia/Debug\libethernet_lib_energia.a(tcp.o)
                0x00012698                tcp_connect
 .text.tcp_slowtmr
                0x00012850      0x46c C:/Users/Gemalto/DEVELOPMENT/CCS_Workspaces/workspace_clp/ethernet_lib_energia/Debug\libethernet_lib_energia.a(tcp.o)
                0x00012850                tcp_slowtmr
 .text.tcp_fasttmr
                0x00012cbc       0xc4 C:/Users/Gemalto/DEVELOPMENT/CCS_Workspaces/workspace_clp/ethernet_lib_energia/Debug\libethernet_lib_energia.a(tcp.o)
                0x00012cbc                tcp_fasttmr
 .text.tcp_process_refused_data
                0x00012d80       0xd0 C:/Users/Gemalto/DEVELOPMENT/CCS_Workspaces/workspace_clp/ethernet_lib_energia/Debug\libethernet_lib_energia.a(tcp.o)
                0x00012d80                tcp_process_refused_data
 .text.tcp_segs_free
                0x00012e50       0x28 C:/Users/Gemalto/DEVELOPMENT/CCS_Workspaces/workspace_clp/ethernet_lib_energia/Debug\libethernet_lib_energia.a(tcp.o)
                0x00012e50                tcp_segs_free
 .text.tcp_seg_free
                0x00012e78       0x30 C:/Users/Gemalto/DEVELOPMENT/CCS_Workspaces/workspace_clp/ethernet_lib_energia/Debug\libethernet_lib_energia.a(tcp.o)
                0x00012e78                tcp_seg_free
 .text.tcp_seg_copy
                0x00012ea8       0x38 C:/Users/Gemalto/DEVELOPMENT/CCS_Workspaces/workspace_clp/ethernet_lib_energia/Debug\libethernet_lib_energia.a(tcp.o)
                0x00012ea8                tcp_seg_copy
 .text.tcp_recv_null
                0x00012ee0       0x48 C:/Users/Gemalto/DEVELOPMENT/CCS_Workspaces/workspace_clp/ethernet_lib_energia/Debug\libethernet_lib_energia.a(tcp.o)
                0x00012ee0                tcp_recv_null
 .text.tcp_kill_prio
                0x00012f28       0x80 C:/Users/Gemalto/DEVELOPMENT/CCS_Workspaces/workspace_clp/ethernet_lib_energia/Debug\libethernet_lib_energia.a(tcp.o)
 .text.tcp_kill_timewait
                0x00012fa8       0x5c C:/Users/Gemalto/DEVELOPMENT/CCS_Workspaces/workspace_clp/ethernet_lib_energia/Debug\libethernet_lib_energia.a(tcp.o)
 .text.tcp_alloc
                0x00013004      0x144 C:/Users/Gemalto/DEVELOPMENT/CCS_Workspaces/workspace_clp/ethernet_lib_energia/Debug\libethernet_lib_energia.a(tcp.o)
                0x00013004                tcp_alloc
 .text.tcp_new  0x00013148       0x10 C:/Users/Gemalto/DEVELOPMENT/CCS_Workspaces/workspace_clp/ethernet_lib_energia/Debug\libethernet_lib_energia.a(tcp.o)
                0x00013148                tcp_new
 .text.tcp_arg  0x00013158       0x1c C:/Users/Gemalto/DEVELOPMENT/CCS_Workspaces/workspace_clp/ethernet_lib_energia/Debug\libethernet_lib_energia.a(tcp.o)
                0x00013158                tcp_arg
 .text.tcp_recv
                0x00013174       0x1c C:/Users/Gemalto/DEVELOPMENT/CCS_Workspaces/workspace_clp/ethernet_lib_energia/Debug\libethernet_lib_energia.a(tcp.o)
                0x00013174                tcp_recv
 .text.tcp_sent
                0x00013190       0x1c C:/Users/Gemalto/DEVELOPMENT/CCS_Workspaces/workspace_clp/ethernet_lib_energia/Debug\libethernet_lib_energia.a(tcp.o)
                0x00013190                tcp_sent
 .text.tcp_err  0x000131ac       0x1c C:/Users/Gemalto/DEVELOPMENT/CCS_Workspaces/workspace_clp/ethernet_lib_energia/Debug\libethernet_lib_energia.a(tcp.o)
                0x000131ac                tcp_err
 .text.tcp_accept
                0x000131c8       0x1c C:/Users/Gemalto/DEVELOPMENT/CCS_Workspaces/workspace_clp/ethernet_lib_energia/Debug\libethernet_lib_energia.a(tcp.o)
                0x000131c8                tcp_accept
 .text.tcp_poll
                0x000131e4       0x28 C:/Users/Gemalto/DEVELOPMENT/CCS_Workspaces/workspace_clp/ethernet_lib_energia/Debug\libethernet_lib_energia.a(tcp.o)
                0x000131e4                tcp_poll
 .text.tcp_pcb_purge
                0x0001320c       0x80 C:/Users/Gemalto/DEVELOPMENT/CCS_Workspaces/workspace_clp/ethernet_lib_energia/Debug\libethernet_lib_energia.a(tcp.o)
                0x0001320c                tcp_pcb_purge
 .text.tcp_pcb_remove
                0x0001328c       0xa0 C:/Users/Gemalto/DEVELOPMENT/CCS_Workspaces/workspace_clp/ethernet_lib_energia/Debug\libethernet_lib_energia.a(tcp.o)
                0x0001328c                tcp_pcb_remove
 .text.tcp_next_iss
                0x0001332c       0x28 C:/Users/Gemalto/DEVELOPMENT/CCS_Workspaces/workspace_clp/ethernet_lib_energia/Debug\libethernet_lib_energia.a(tcp.o)
                0x0001332c                tcp_next_iss
 .text.tcp_eff_send_mss
                0x00013354       0x40 C:/Users/Gemalto/DEVELOPMENT/CCS_Workspaces/workspace_clp/ethernet_lib_energia/Debug\libethernet_lib_energia.a(tcp.o)
                0x00013354                tcp_eff_send_mss
 .text.tcp_output_alloc_header